04-11 23:11:53.441  5739  5739 E ActivityThread: 	at android.app.ContextImpl.registerReceiverInternal(ContextImpl.java:1405)
04-11 23:11:53.441  5739  5739 E ActivityThread: 	at android.app.ContextImpl.registerReceiver(ContextImpl.java:1378)
04-11 23:11:53.441  5739  5739 E ActivityThread: 	at android.app.ContextImpl.registerReceiver(ContextImpl.java:1366)
04-11 23:11:53.441  5739  5739 E ActivityThread: 	at android.content.ContextWrapper.registerReceiver(ContextWrapper.java:603)
04-11 23:11:53.441  5739  5739 E ActivityThread: 	at com.google.android.apps.messaging.shared.util.a.c.<init>(SourceFile:9)
04-11 23:11:53.441  5739  5739 E ActivityThread: 	at com.google.android.ims.f.a.a(SourceFile:4)
04-11 23:11:53.441  5739  5739 E ActivityThread: 	at com.google.android.rcs.service.e.a(SourceFile:4)
04-11 23:11:53.441  5739  5739 E ActivityThread: 	at com.google.android.rcs.service.service.JibeService.d(SourceFile:145)
04-11 23:11:53.441  5739  5739 E ActivityThread: 	at com.google.android.rcs.service.service.JibeService.onCreate(SourceFile:91)
04-11 23:11:53.441  5739  5739 E ActivityThread: 	at android.app.ActivityThread.handleCreateService(ActivityThread.java:3404)
04-11 23:11:53.441  5739  5739 E ActivityThread: 	at android.app.ActivityThread.-wrap4(Unknown Source:0)
04-11 23:11:53.441  5739  5739 E ActivityThread: 	at android.app.ActivityThread$H.handleMessage(ActivityThread.java:1683)
04-11 23:11:53.441  5739  5739 E ActivityThread: 	at android.os.Handler.dispatchMessage(Handler.java:105)
04-11 23:11:53.441  5739  5739 E ActivityThread: 	at android.os.Looper.loop(Looper.java:164)
04-11 23:11:53.441  5739  5739 E ActivityThread: 	at android.app.ActivityThread.main(ActivityThread.java:6541)
04-11 23:11:53.441  5739  5739 E ActivityThread: 	at java.lang.reflect.Method.invoke(Native Method)
04-11 23:11:53.441  5739  5739 E ActivityThread: 	at com.android.internal.os.Zygote$MethodAndArgsCaller.run(Zygote.java:240)
04-11 23:11:53.441  5739  5739 E ActivityThread: 	at com.android.internal.os.ZygoteInit.main(ZygoteInit.java:767)
04-11 23:11:53.446  5739  5739 E ActivityThread: Service com.google.android.rcs.service.service.JibeService has leaked IntentReceiver com.google.android.ims.d@af056f9 that was originally registered here. Are you missing a call to unregisterReceiver()?
04-11 23:11:53.446  5739  5739 E ActivityThread: android.app.IntentReceiverLeaked: Service com.google.android.rcs.service.service.JibeService has leaked IntentReceiver com.google.android.ims.d@af056f9 that was originally registered here. Are you missing a call to unregisterReceiver()?
04-11 23:11:53.446  5739  5739 E ActivityThread: 	at android.app.LoadedApk$ReceiverDispatcher.<init>(LoadedApk.java:1333)
04-11 23:11:53.446  5739  5739 E ActivityThread: 	at android.app.LoadedApk.getReceiverDispatcher(LoadedApk.java:1114)
04-11 23:11:53.446  5739  5739 E ActivityThread: 	at android.app.ContextImpl.registerReceiverInternal(ContextImpl.java:1405)
04-11 23:11:53.446  5739  5739 E ActivityThread: 	at android.app.ContextImpl.registerReceiver(ContextImpl.java:1378)
04-11 23:11:53.446  5739  5739 E ActivityThread: 	at android.app.ContextImpl.registerReceiver(ContextImpl.java:1366)
04-11 23:11:53.446  5739  5739 E ActivityThread: 	at android.content.ContextWrapper.registerReceiver(ContextWrapper.java:603)
04-11 23:11:53.446  5739  5739 E ActivityThread: 	at com.google.android.ims.a.a(SourceFile:16)
04-11 23:11:53.446  5739  5739 E ActivityThread: 	at com.google.android.ims.f.a.a(SourceFile:6)
04-11 23:11:53.446  5739  5739 E ActivityThread: 	at com.google.android.rcs.service.e.a(SourceFile:4)
04-11 23:11:53.446  5739  5739 E ActivityThread: 	at com.google.android.rcs.service.service.JibeService.d(SourceFile:145)
04-11 23:11:53.446  5739  5739 E ActivityThread: 	at com.google.android.rcs.service.service.JibeService.onCreate(SourceFile:91)
04-11 23:11:53.446  5739  5739 E ActivityThread: 	at android.app.ActivityThread.handleCreateService(ActivityThread.java:3404)
04-11 23:11:53.446  5739  5739 E ActivityThread: 	at android.app.ActivityThread.-wrap4(Unknown Source:0)
04-11 23:11:53.446  5739  5739 E ActivityThread: 	at android.app.ActivityThread$H.handleMessage(ActivityThread.java:1683)
04-11 23:11:53.446  5739  5739 E ActivityThread: 	at android.os.Handler.dispatchMessage(Handler.java:105)
04-11 23:11:53.446  5739  5739 E ActivityThread: 	at android.os.Looper.loop(Looper.java:164)
04-11 23:11:53.446  5739  5739 E ActivityThread: 	at android.app.ActivityThread.main(ActivityThread.java:6541)
04-11 23:11:53.446  5739  5739 E ActivityThread: 	at java.lang.reflect.Method.invoke(Native Method)
04-11 23:11:53.446  5739  5739 E ActivityThread: 	at com.android.internal.os.Zygote$MethodAndArgsCaller.run(Zygote.java:240)
04-11 23:11:53.446  5739  5739 E ActivityThread: 	at com.android.internal.os.ZygoteInit.main(ZygoteInit.java:767)
04-11 23:11:53.446  5739  5739 D RcsService: Don't have a JibeFactory, skipping config update request
04-11 23:12:01.030  1676  1693 E memtrack: Couldn't load memtrack module
04-11 23:12:01.030  1676  1693 W android.os.Debug: failed to get memory consumption info: -1
04-11 23:12:01.041  1676  1693 E memtrack: Couldn't load memtrack module
04-11 23:12:01.041  1676  1693 W android.os.Debug: failed to get memory consumption info: -1
04-11 23:12:01.049  1676  1693 E memtrack: Couldn't load memtrack module
04-11 23:12:01.049  1676  1693 W android.os.Debug: failed to get memory consumption info: -1
04-11 23:12:01.058  1676  1693 E memtrack: Couldn't load memtrack module
04-11 23:12:01.058  1676  1693 W android.os.Debug: failed to get memory consumption info: -1
04-11 23:12:08.507  1676  1693 E memtrack: Couldn't load memtrack module
04-11 23:12:08.507  1676  1693 W android.os.Debug: failed to get memory consumption info: -1
04-11 23:12:08.517  1676  1693 E memtrack: Couldn't load memtrack module
04-11 23:12:08.517  1676  1693 W android.os.Debug: failed to get memory consumption info: -1
04-11 23:12:17.092  4706  4793 W GLSUser : [AppCertManager] IOException while requesting key: 
04-11 23:12:17.092  4706  4793 W GLSUser : java.net.SocketTimeoutException: timeout
04-11 23:12:17.092  4706  4793 W GLSUser : 	at com.android.okhttp.okio.Okio$3.newTimeoutException(Okio.java:212)
04-11 23:12:17.092  4706  4793 W GLSUser : 	at com.android.okhttp.okio.AsyncTimeout.exit(AsyncTimeout.java:261)
04-11 23:12:17.092  4706  4793 W GLSUser : 	at com.android.okhttp.okio.AsyncTimeout$2.read(AsyncTimeout.java:215)
04-11 23:12:17.092  4706  4793 W GLSUser : 	at com.android.okhttp.okio.RealBufferedSource.indexOf(RealBufferedSource.java:306)
04-11 23:12:17.092  4706  4793 W GLSUser : 	at com.android.okhttp.okio.RealBufferedSource.indexOf(RealBufferedSource.java:300)
04-11 23:12:17.092  4706  4793 W GLSUser : 	at com.android.okhttp.okio.RealBufferedSource.readUtf8LineStrict(RealBufferedSource.java:196)
04-11 23:12:17.092  4706  4793 W GLSUser : 	at com.android.okhttp.internal.http.Http1xStream.readResponse(Http1xStream.java:186)
04-11 23:12:17.092  4706  4793 W GLSUser : 	at com.android.okhttp.internal.http.Http1xStream.readResponseHeaders(Http1xStream.java:127)
04-11 23:12:17.092  4706  4793 W GLSUser : 	at com.android.okhttp.internal.http.HttpEngine.readNetworkResponse(HttpEngine.java:737)
04-11 23:12:17.092  4706  4793 W GLSUser : 	at com.android.okhttp.internal.http.HttpEngine.readResponse(HttpEngine.java:609)
04-11 23:12:17.092  4706  4793 W GLSUser : 	at com.android.okhttp.internal.huc.HttpURLConnectionImpl.execute(HttpURLConnectionImpl.java:471)
04-11 23:12:17.092  4706  4793 W GLSUser : 	at com.android.okhttp.internal.huc.HttpURLConnectionImpl.getResponse(HttpURLConnectionImpl.java:407)
04-11 23:12:17.092  4706  4793 W GLSUser : 	at com.android.okhttp.internal.huc.HttpURLConnectionImpl.getResponseCode(HttpURLConnectionImpl.java:538)
04-11 23:12:17.092  4706  4793 W GLSUser : 	at com.android.okhttp.internal.huc.DelegatingHttpsURLConnection.getResponseCode(DelegatingHttpsURLConnection.java:105)
04-11 23:12:17.092  4706  4793 W GLSUser : 	at com.android.okhttp.internal.huc.HttpsURLConnectionImpl.getResponseCode(Unknown Source:0)
04-11 23:12:17.092  4706  4793 W GLSUser : 	at vpz.a(:com.google.android.gms@12521024@12.5.21 (040700-189987672):63)
04-11 23:12:17.092  4706  4793 W GLSUser : 	at hhe.a(Unknown Source:20)
04-11 23:12:17.092  4706  4793 W GLSUser : 	at fkc.a(:com.google.android.gms@12521024@12.5.21 (040700-189987672):6)
04-11 23:12:17.092  4706  4793 W GLSUser : 	at fkc.a(:com.google.android.gms@12521024@12.5.21 (040700-189987672):2)
04-11 23:12:17.092  4706  4793 W GLSUser : 	at gga.a(:com.google.android.gms@12521024@12.5.21 (040700-189987672):11)
04-11 23:12:17.092  4706  4793 W GLSUser : 	at gga.a(:com.google.android.gms@12521024@12.5.21 (040700-189987672):64)
04-11 23:12:17.092  4706  4793 W GLSUser : 	at gfy.a(:com.google.android.gms@12521024@12.5.21 (040700-189987672):8)
04-11 23:12:17.092  4706  4793 W GLSUser : 	at gfu.a(:com.google.android.gms@12521024@12.5.21 (040700-189987672):1)
04-11 23:12:17.092  4706  4793 W GLSUser : 	at gft.a(:com.google.android.gms@12521024@12.5.21 (040700-189987672):10)
04-11 23:12:17.092  4706  4793 W GLSUser : 	at com.google.android.gms.auth.account.be.legacy.AuthCronChimeraService.b(:com.google.android.gms@12521024@12.5.21 (040700-189987672):7)
04-11 23:12:17.092  4706  4793 W GLSUser : 	at fiw.call(:com.google.android.gms@12521024@12.5.21 (040700-189987672):3)
04-11 23:12:17.092  4706  4793 W GLSUser : 	at java.util.concurrent.FutureTask.run(FutureTask.java:266)
04-11 23:12:17.092  4706  4793 W GLSUser : 	at nsg.run(:com.google.android.gms@12521024@12.5.21 (040700-189987672):27)
04-11 23:12:17.092  4706  4793 W GLSUser : 	at java.util.concurrent.ThreadPoolExecutor.runWorker(ThreadPoolExecutor.java:1162)
04-11 23:12:17.092  4706  4793 W GLSUser : 	at java.util.concurrent.ThreadPoolExecutor$Worker.run(ThreadPoolExecutor.java:636)
04-11 23:12:17.092  4706  4793 W GLSUser : 	at nya.run(Unknown Source:7)
04-11 23:12:17.092  4706  4793 W GLSUser : 	at java.lang.Thread.run(Thread.java:764)
04-11 23:12:17.092  4706  4793 W GLSUser : Caused by: java.net.SocketTimeoutException: Read timed out
04-11 23:12:17.092  4706  4793 W GLSUser : 	at com.google.android.gms.org.conscrypt.NativeCrypto.SSL_read(Native Method)
04-11 23:12:17.092  4706  4793 W GLSUser : 	at com.google.android.gms.org.conscrypt.SslWrapper.read(:com.google.android.gms@12521024@12.5.21 (040700-189987672):2)
04-11 23:12:17.092  4706  4793 W GLSUser : 	at com.google.android.gms.org.conscrypt.ConscryptFileDescriptorSocket$SSLInputStream.read(:com.google.android.gms@12521024@12.5.21 (040700-189987672):7)
04-11 23:12:17.092  4706  4793 W GLSUser : 	at com.android.okhttp.okio.Okio$2.read(Okio.java:136)
04-11 23:12:17.092  4706  4793 W GLSUser : 	at com.android.okhttp.okio.AsyncTimeout$2.read(AsyncTimeout.java:211)
04-11 23:12:17.092  4706  4793 W GLSUser : 	... 29 more
04-11 23:12:17.162  1676  1693 E memtrack: Couldn't load memtrack module
04-11 23:12:17.162  1676  1693 W android.os.Debug: failed to get memory consumption info: -1
04-11 23:12:22.101  1676  1693 E memtrack: Couldn't load memtrack module
04-11 23:12:22.101  1676  1693 W android.os.Debug: failed to get memory consumption info: -1
04-11 23:12:22.113  1676  1693 E memtrack: Couldn't load memtrack module
04-11 23:12:22.113  1676  1693 W android.os.Debug: failed to get memory consumption info: -1
04-11 23:12:32.141  1676  1693 E memtrack: Couldn't load memtrack module
04-11 23:12:32.141  1676  1693 W android.os.Debug: failed to get memory consumption info: -1
04-11 23:12:32.150  1676  1693 E memtrack: Couldn't load memtrack module
04-11 23:12:32.150  1676  1693 W android.os.Debug: failed to get memory consumption info: -1
04-11 23:12:32.904  1438  1438 I qemu-props: start adbd ...
04-11 23:12:34.204  1676  2314 I ActivityManager: Force stopping edu.washington.ktran29.activityspy appid=10084 user=0: from pid 5784
04-11 23:12:34.204  1676  2314 I ActivityManager: Killing 5659:edu.washington.ktran29.activityspy/u0a84 (adj 0): stop edu.washington.ktran29.activityspy
04-11 23:12:34.212  5786  5786 I zygote  : Not late-enabling -Xcheck:jni (already on)
04-11 23:12:34.219  5786  5786 W zygote  : Unexpected CPU variant for X86 using defaults: x86
04-11 23:12:34.219  1676  2314 I ActivityManager: Start proc 5786:edu.washington.ktran29.activityspy/u0a84 for activity edu.washington.ktran29.activityspy/.MainActivity
04-11 23:12:34.221  1676  2314 I ActivityManager:   Force finishing activity ActivityRecord{b62ed69 u0 edu.washington.ktran29.activityspy/.MainActivity t13}
04-11 23:12:34.224  1676  2314 E JavaBinder: !!! FAILED BINDER TRANSACTION !!!  (parcel size = 56)
04-11 23:12:34.229  1676  1749 W InputDispatcher: channel 'db5b099 edu.washington.ktran29.activityspy/edu.washington.ktran29.activityspy.MainActivity (server)' ~ Consumer closed input channel or an error occurred.  events=0x9
04-11 23:12:34.229  1676  1749 E InputDispatcher: channel 'db5b099 edu.washington.ktran29.activityspy/edu.washington.ktran29.activityspy.MainActivity (server)' ~ Channel is unrecoverably broken and will be disposed!
04-11 23:12:34.231  1676  1918 I WindowManager: WIN DEATH: Window{db5b099 u0 edu.washington.ktran29.activityspy/edu.washington.ktran29.activityspy.MainActivity}
04-11 23:12:34.231  1676  1918 W InputDispatcher: Attempted to unregister already unregistered input channel 'db5b099 edu.washington.ktran29.activityspy/edu.washington.ktran29.activityspy.MainActivity (server)'
04-11 23:12:34.235  1676  2314 I ActivityManager:   Force finishing activity ActivityRecord{b62ed69 u0 edu.washington.ktran29.activityspy/.MainActivity t13 f}
04-11 23:12:34.235  1676  2314 W ActivityManager: Duplicate finish request for ActivityRecord{b62ed69 u0 edu.washington.ktran29.activityspy/.MainActivity t13 f}
04-11 23:12:34.247  1676  2335 I ActivityManager: Killing 5229:com.google.android.partnersetup/u0a16 (adj 906): empty #17
04-11 23:12:34.247  1884  1884 D CarrierSvcBindHelper: No carrier app for: 0
04-11 23:12:34.248  1676  1703 W ActivityManager: setHasOverlayUi called on unknown pid: 5659
04-11 23:12:34.258  2316  2421 W OpenGLRenderer: Incorrectly called buildLayer on View: ShortcutAndWidgetContainer, destroying layer...
04-11 23:12:34.285  1424  1424 D gralloc_ranchu: gralloc_alloc: Creating ashmem region of size 8298496
04-11 23:12:34.303  1424  1424 D gralloc_ranchu: gralloc_alloc: Creating ashmem region of size 8298496
04-11 23:12:34.345  5786  5786 I InstantRun: starting instant run server: is main process
04-11 23:12:34.382  2316  2421 D EGL_emulation: eglMakeCurrent: 0x9ec060e0: ver 3 0 (tinfo 0x9ec03b30)
04-11 23:12:34.391  2316  2421 D EGL_emulation: eglMakeCurrent: 0x9ec060e0: ver 3 0 (tinfo 0x9ec03b30)
04-11 23:12:34.528  5800  5800 D AndroidRuntime: >>>>>> START com.android.internal.os.RuntimeInit uid 2000 <<<<<<
04-11 23:12:34.602  5800  5800 W app_process: Unexpected CPU variant for X86 using defaults: x86
04-11 23:12:34.625  5800  5800 D AndroidRuntime: Calling main entry com.android.commands.pm.Pm
04-11 23:12:34.633  5800  5800 I app_process: System.exit called, status: 0
04-11 23:12:34.633  5800  5800 I AndroidRuntime: VM exiting with result code 0.
04-11 23:12:34.635  5800  5814 W MessageQueue: Handler (android.os.Handler) {9482349} sending message to a Handler on a dead thread
04-11 23:12:34.635  5800  5814 W MessageQueue: java.lang.IllegalStateException: Handler (android.os.Handler) {9482349} sending message to a Handler on a dead thread
04-11 23:12:34.635  5800  5814 W MessageQueue: 	at android.os.MessageQueue.enqueueMessage(MessageQueue.java:545)
04-11 23:12:34.635  5800  5814 W MessageQueue: 	at android.os.Handler.enqueueMessage(Handler.java:661)
04-11 23:12:34.635  5800  5814 W MessageQueue: 	at android.os.Handler.sendMessageAtTime(Handler.java:630)
04-11 23:12:34.635  5800  5814 W MessageQueue: 	at android.os.Handler.sendMessageDelayed(Handler.java:600)
04-11 23:12:34.635  5800  5814 W MessageQueue: 	at android.os.Handler.post(Handler.java:356)
04-11 23:12:34.635  5800  5814 W MessageQueue: 	at android.os.ResultReceiver$MyResultReceiver.send(ResultReceiver.java:57)
04-11 23:12:34.635  5800  5814 W MessageQueue: 	at com.android.internal.os.IResultReceiver$Stub.onTransact(IResultReceiver.java:58)
04-11 23:12:34.635  5800  5814 W MessageQueue: 	at android.os.Binder.execTransact(Binder.java:674)
04-11 23:12:34.977  5825  5825 D AndroidRuntime: >>>>>> START com.android.internal.os.RuntimeInit uid 2000 <<<<<<
04-11 23:12:35.014  5825  5825 W app_process: Unexpected CPU variant for X86 using defaults: x86
04-11 23:12:35.032  5825  5825 D AndroidRuntime: Calling main entry com.android.commands.pm.Pm
04-11 23:12:35.040  5825  5833 W MessageQueue: Handler (android.os.Handler) {9482349} sending message to a Handler on a dead thread
04-11 23:12:35.040  5825  5833 W MessageQueue: java.lang.IllegalStateException: Handler (android.os.Handler) {9482349} sending message to a Handler on a dead thread
04-11 23:12:35.040  5825  5833 W MessageQueue: 	at android.os.MessageQueue.enqueueMessage(MessageQueue.java:545)
04-11 23:12:35.040  5825  5833 W MessageQueue: 	at android.os.Handler.enqueueMessage(Handler.java:661)
04-11 23:12:35.040  5825  5833 W MessageQueue: 	at android.os.Handler.sendMessageAtTime(Handler.java:630)
04-11 23:12:35.040  5825  5833 W MessageQueue: 	at android.os.Handler.sendMessageDelayed(Handler.java:600)
04-11 23:12:35.040  5825  5833 W MessageQueue: 	at android.os.Handler.post(Handler.java:356)
04-11 23:12:35.040  5825  5833 W MessageQueue: 	at android.os.ResultReceiver$MyResultReceiver.send(ResultReceiver.java:57)
04-11 23:12:35.040  5825  5833 W MessageQueue: 	at com.android.internal.os.IResultReceiver$Stub.onTransact(IResultReceiver.java:58)
04-11 23:12:35.040  5825  5833 W MessageQueue: 	at android.os.Binder.execTransact(Binder.java:674)
04-11 23:12:35.040  5825  5825 I app_process: System.exit called, status: 0
04-11 23:12:35.040  5825  5825 I AndroidRuntime: VM exiting with result code 0.
04-11 23:12:36.054  1676  2548 I ActivityManager: Force stopping edu.washington.ktran29.activityspy appid=10084 user=0: from pid 5841
04-11 23:12:36.055  1676  2548 I ActivityManager: Killing 5786:edu.washington.ktran29.activityspy/u0a84 (adj 900): stop edu.washington.ktran29.activityspy
04-11 23:12:36.065  1884  1884 D CarrierSvcBindHelper: No carrier app for: 0
04-11 23:12:36.174  1676  2312 I ActivityManager: START u0 {act=android.intent.action.MAIN cat=[android.intent.category.LAUNCHER] flg=0x10000000 cmp=edu.washington.ktran29.activityspy/.MainActivity} from uid 2000
04-11 23:12:36.184  5849  5849 I zygote  : Not late-enabling -Xcheck:jni (already on)
04-11 23:12:36.188  1676  2312 I ActivityManager: Start proc 5849:edu.washington.ktran29.activityspy/u0a84 for activity edu.washington.ktran29.activityspy/.MainActivity
04-11 23:12:36.206  5849  5849 W zygote  : Unexpected CPU variant for X86 using defaults: x86
04-11 23:12:36.210  2316  2421 W OpenGLRenderer: Incorrectly called buildLayer on View: ShortcutAndWidgetContainer, destroying layer...
04-11 23:12:36.381  5849  5849 I InstantRun: starting instant run server: is main process
04-11 23:12:36.425  5837  5837 D AndroidRuntime: >>>>>> START com.android.internal.os.RuntimeInit uid 2000 <<<<<<
04-11 23:12:36.530  5837  5837 W app_process: Unexpected CPU variant for X86 using defaults: x86
04-11 23:12:36.601  5837  5837 D AndroidRuntime: Calling main entry com.android.commands.wm.Wm
04-11 23:12:36.612  1676  4678 W WindowManager: Permission Denial: dismissKeyguard from pid=5837, uid=2000 requires android.permission.CONTROL_KEYGUARD
04-11 23:12:36.613  5837  5837 D AndroidRuntime: Shutting down VM
04-11 23:12:36.694  5849  5849 I MainActivity: onCreate event fired
04-11 23:12:36.700  5849  5849 I MainActivity: onStart event fired
04-11 23:12:36.710  5849  5849 I MainActivity: onResume event fired
04-11 23:12:36.741  1676  1694 W ActivityManager: Activity pause timeout for ActivityRecord{4f1bd39 u0 edu.washington.ktran29.activityspy/.MainActivity t14}
04-11 23:12:36.775  1440  2116 E SurfaceFlinger: ro.sf.lcd_density must be defined as a build property
04-11 23:12:36.780  5849  5874 D OpenGLRenderer: HWUI GL Pipeline
04-11 23:12:36.791  5849  5849 I MainActivity: onPause event fired
04-11 23:12:36.800  5849  5849 I MainActivity: onStop event fired
04-11 23:12:36.872  1424  1424 D gralloc_ranchu: gralloc_alloc: Creating ashmem region of size 8298496
04-11 23:12:36.874  5849  5874 D         : HostConnection::get() New Host Connection established 0x9e864880, tid 5874
04-11 23:12:36.882  5849  5874 I OpenGLRenderer: Initialized EGL, version 1.4
04-11 23:12:36.882  5849  5874 D OpenGLRenderer: Swap behavior 1
04-11 23:12:36.882  5849  5874 W OpenGLRenderer: Failed to choose config with EGL_SWAP_BEHAVIOR_PRESERVED, retrying without...
04-11 23:12:36.883  5849  5874 D OpenGLRenderer: Swap behavior 0
04-11 23:12:36.885  1424  1424 D gralloc_ranchu: gralloc_alloc: Creating ashmem region of size 8298496
04-11 23:12:36.888  5849  5874 D EGL_emulation: eglCreateContext: 0xa7f32940: maj 3 min 0 rcv 3
04-11 23:12:36.900  1424  1424 D gralloc_ranchu: gralloc_alloc: Creating ashmem region of size 8298496
04-11 23:12:36.901  5849  5874 D EGL_emulation: eglMakeCurrent: 0xa7f32940: ver 3 0 (tinfo 0xa7f0b180)
04-11 23:12:36.903  5849  5874 E eglCodecCommon: glUtilsParamSize: unknow param 0x00008cdf
04-11 23:12:36.903  5849  5874 E eglCodecCommon: glUtilsParamSize: unknow param 0x00008cdf
04-11 23:12:36.904  5849  5874 E eglCodecCommon: glUtilsParamSize: unknow param 0x00008824
04-11 23:12:36.904  5849  5874 E eglCodecCommon: glUtilsParamSize: unknow param 0x00008824
04-11 23:12:37.041  5849  5874 D EGL_emulation: eglMakeCurrent: 0xa7f32940: ver 3 0 (tinfo 0xa7f0b180)
04-11 23:12:37.098  5849  5874 D EGL_emulation: eglMakeCurrent: 0xa7f32940: ver 3 0 (tinfo 0xa7f0b180)
04-11 23:12:37.103  1676  1703 I ActivityManager: Displayed edu.washington.ktran29.activityspy/.MainActivity: +862ms (total +924ms)
04-11 23:12:38.223  1676  1703 W WindowManager: App freeze timeout expired.
04-11 23:12:38.246  1676  1785 E TaskPersister: File error accessing recents directory (directory doesn't exist?).
04-11 23:12:39.650  1676  1750 I PowerManagerService: Waking up from sleep (uid 1000)...
04-11 23:12:39.654  1676  1705 I DisplayPowerController: Blocking screen on until initial contents have been drawn.
04-11 23:12:39.655  5849  5849 I MainActivity: onRestart event fired
04-11 23:12:39.663  1440  1440 D SurfaceFlinger: Set power mode=2, type=0 flinger=0xabec9000
04-11 23:12:39.665  5849  5849 I MainActivity: onStart event fired
04-11 23:12:39.670  1676  1703 I DisplayManagerService: Display device changed state: "Built-in Screen", ON
04-11 23:12:39.675  1425  1435 D hwcomposer: hw_composer sent 3 syncs in 80s
04-11 23:12:39.680  1676  1734 W LocalDisplayAdapter: Unable to find color mode 0, ignoring request.
04-11 23:12:39.681  5849  5849 I MainActivity: onResume event fired
04-11 23:12:39.683  1676  1750 I InputReader: Reconfiguring input devices.  changes=0x00000004
04-11 23:12:39.745  5849  5874 D EGL_emulation: eglMakeCurrent: 0xa7f32940: ver 3 0 (tinfo 0xa7f0b180)
04-11 23:12:39.747  1798  2025 D EGL_emulation: eglMakeCurrent: 0x8aed3f20: ver 3 0 (tinfo 0x8aec49d0)
04-11 23:12:39.806  1676  1705 I DisplayPowerController: Unblocked screen on after 151 ms
04-11 23:12:39.772  1798  2025 D EGL_emulation: eglMakeCurrent: 0x8aed3f20: ver 3 0 (tinfo 0x8aec49d0)
04-11 23:12:39.866  4698  4832 I CastDatabase: Opening the database
04-11 23:12:39.870  4698  4832 I SQLiteCastDBHelper: Upgrading cast database from version 2 to 5
04-11 23:12:39.888  4698  4832 I SQLiteCastDBHelper: Creating cast database
04-11 23:12:39.914  4698  4832 I SQLiteCastStore: 0 CastNetworkInfo instances loaded, 0 CastDeviceInfo instances loaded, 0 paired guest mode devices loaded.
04-11 23:12:40.060  4698  4698 I CastSocket: 26 >= 18. Adding new CastClientAuthKeyManager.
04-11 23:12:40.066  4698  4698 I DiscoveryManager: WifiGuestModeDeviceScanner enabled.
04-11 23:12:40.067  4698  4698 I zygote  : Deoptimizing int dax.a(bbor, daw, java.lang.Comparable) due to JIT inline cache
04-11 23:12:40.074  4698  4698 V MediaRouter: Adding route: RouteInfo{ name=Phone, description=null, status=null, category=RouteCategory{ name=System types=ROUTE_TYPE_LIVE_AUDIO ROUTE_TYPE_LIVE_VIDEO  groupable=false }, supportedTypes=ROUTE_TYPE_LIVE_AUDIO ROUTE_TYPE_LIVE_VIDEO , presentationDisplay=null }
04-11 23:12:40.078  4698  4698 V MediaRouter: Selecting route: RouteInfo{ name=Phone, description=null, status=null, category=RouteCategory{ name=System types=ROUTE_TYPE_LIVE_AUDIO ROUTE_TYPE_LIVE_VIDEO  groupable=false }, supportedTypes=ROUTE_TYPE_LIVE_AUDIO ROUTE_TYPE_LIVE_VIDEO , presentationDisplay=null }
04-11 23:12:40.081  4698  4698 I MediaRouter: Found default route: MediaRouter.RouteInfo{ uniqueId=android/aci:DEFAULT_ROUTE, name=Phone, description=null, iconUri=null, enabled=true, connecting=false, connectionState=0, canDisconnect=false, playbackType=0, playbackStream=3, deviceType=0, volumeHandling=1, volume=11, volumeMax=15, presentationDisplayId=-1, extras=null, settingsIntent=null, providerPackageName=android }
04-11 23:12:40.081  4698  4698 I MediaRouter: Unselecting the current route because it is no longer selectable: null
04-11 23:12:40.084  4698  4698 V MediaRouter: Selecting route: RouteInfo{ name=Phone, description=null, status=null, category=RouteCategory{ name=System types=ROUTE_TYPE_LIVE_AUDIO ROUTE_TYPE_LIVE_VIDEO  groupable=false }, supportedTypes=ROUTE_TYPE_LIVE_AUDIO ROUTE_TYPE_LIVE_VIDEO , presentationDisplay=null }
04-11 23:12:42.604  1798  2025 D EGL_emulation: eglMakeCurrent: 0x8aed3f20: ver 3 0 (tinfo 0x8aec49d0)
04-11 23:12:42.658  1676  1904 D WificondControl: Scan result ready event
04-11 23:12:42.722  1676  2548 I ActivityManager: START u0 {flg=0x10804000 cmp=com.android.systemui/.recents.RecentsActivity} from uid 10028
04-11 23:12:42.725  5849  5849 I MainActivity: onPause event fired
04-11 23:12:42.731  1424  1424 D gralloc_ranchu: gralloc_alloc: Creating ashmem region of size 585728
04-11 23:12:42.732  1676  2548 W LocalDisplayAdapter: Unable to find color mode 0, ignoring request.
04-11 23:12:42.735  1798  2025 D EGL_emulation: eglMakeCurrent: 0x8aed3f20: ver 3 0 (tinfo 0x8aec49d0)
04-11 23:12:42.736  1676  1750 I InputReader: Reconfiguring input devices.  changes=0x00000004
04-11 23:12:42.741  5849  5874 D EGL_emulation: eglMakeCurrent: 0xa7f32940: ver 3 0 (tinfo 0xa7f0b180)
04-11 23:12:42.743  5849  5849 I MainActivity: onStop event fired
04-11 23:12:42.755  1424  1424 D gralloc_ranchu: gralloc_alloc: Creating ashmem region of size 585728
04-11 23:12:42.759  1798  2025 D EGL_emulation: eglMakeCurrent: 0x8aed3f20: ver 3 0 (tinfo 0x8aec49d0)
04-11 23:12:42.763  1798  1798 E BufferItemConsumer: [unnamed-1798-2] Failed to release buffer: Unknown error -1 (1)
04-11 23:12:42.764  1798  2025 D EGL_emulation: eglMakeCurrent: 0x8aed3f20: ver 3 0 (tinfo 0x8aec49d0)
04-11 23:12:42.779  1424  1424 D gralloc_ranchu: gralloc_alloc: Creating ashmem region of size 585728
04-11 23:12:42.781  1798  2025 D EGL_emulation: eglMakeCurrent: 0x8aed3f20: ver 3 0 (tinfo 0x8aec49d0)
04-11 23:12:42.783  1424  1424 D gralloc_ranchu: gralloc_alloc: Creating ashmem region of size 585728
04-11 23:12:42.784  1798  2025 D EGL_emulation: eglMakeCurrent: 0x8aed3f20: ver 3 0 (tinfo 0x8aec49d0)
04-11 23:12:42.785  1798  1798 E BufferItemConsumer: [unnamed-1798-3] Failed to release buffer: Unknown error -1 (1)
04-11 23:12:42.790  1798  2025 D EGL_emulation: eglMakeCurrent: 0x8aed3f20: ver 3 0 (tinfo 0x8aec49d0)
04-11 23:12:42.797  1424  1424 D gralloc_ranchu: gralloc_alloc: Creating ashmem region of size 8298496
04-11 23:12:42.803  1424  1424 D gralloc_ranchu: gralloc_alloc: Creating ashmem region of size 8298496
04-11 23:12:42.827  1798  2025 D EGL_emulation: eglMakeCurrent: 0x8aed3f20: ver 3 0 (tinfo 0x8aec49d0)
04-11 23:12:42.846  1798  2025 I chatty  : uid=10028(u0_a28) RenderThread identical 5 lines
04-11 23:12:42.854  1798  2025 D EGL_emulation: eglMakeCurrent: 0x8aed3f20: ver 3 0 (tinfo 0x8aec49d0)
04-11 23:12:42.885  1424  1424 D gralloc_ranchu: gralloc_alloc: Creating ashmem region of size 8298496
04-11 23:12:42.886  1798  2025 D EGL_emulation: eglMakeCurrent: 0x8aed3f20: ver 3 0 (tinfo 0x8aec49d0)
04-11 23:12:42.918  1798  2025 D EGL_emulation: eglMakeCurrent: 0x8aed3f20: ver 3 0 (tinfo 0x8aec49d0)
04-11 23:12:42.939  1798  1816 D         : HostConnection::get() New Host Connection established 0x892cf100, tid 1816
04-11 23:12:42.947  1798  2025 D EGL_emulation: eglMakeCurrent: 0x8aed3f20: ver 3 0 (tinfo 0x8aec49d0)
04-11 23:12:43.268  1798  2025 D EGL_emulation: eglMakeCurrent: 0x8aed3f20: ver 3 0 (tinfo 0x8aec49d0)
04-11 23:12:49.306  1418  4275 I chatty  : uid=1041(audioserver) writer expire 1 line
04-11 23:12:49.518  5849  5849 E MainActivity: We're going down, Captain!
04-11 23:12:49.519  1676  1916 I ActivityManager: Killing 5849:edu.washington.ktran29.activityspy/u0a84 (adj 900): remove task
04-11 23:12:49.521  1676  1785 E TaskPersister: File error accessing recents directory (directory doesn't exist?).
04-11 23:12:49.521  1676  2314 I ActivityManager: START u0 {act=android.intent.action.MAIN cat=[android.intent.category.HOME] flg=0x10200000 cmp=com.google.android.apps.nexuslauncher/.NexusLauncherActivity} from uid 10028
04-11 23:12:49.529  1676  1749 W InputDispatcher: channel '550da71 edu.washington.ktran29.activityspy/edu.washington.ktran29.activityspy.MainActivity (server)' ~ Consumer closed input channel or an error occurred.  events=0x9
04-11 23:12:49.529  1676  1749 E InputDispatcher: channel '550da71 edu.washington.ktran29.activityspy/edu.washington.ktran29.activityspy.MainActivity (server)' ~ Channel is unrecoverably broken and will be disposed!
04-11 23:12:49.541  1676  1687 I WindowManager: WIN DEATH: Window{550da71 u0 edu.washington.ktran29.activityspy/edu.washington.ktran29.activityspy.MainActivity}
04-11 23:12:49.541  1676  1687 W InputDispatcher: Attempted to unregister already unregistered input channel '550da71 edu.washington.ktran29.activityspy/edu.washington.ktran29.activityspy.MainActivity (server)'
04-11 23:12:49.566  1676  1703 W ActivityManager: setHasOverlayUi called on unknown pid: 5849
04-11 23:12:49.586  1676  2335 D WindowManager: relayoutVisibleWindow: Window{7ddee4f u0 com.google.android.apps.nexuslauncher/com.google.android.apps.nexuslauncher.NexusLauncherActivity EXITING} mAnimatingExit=true, mRemoveOnExit=false, mDestroying=true
04-11 23:12:49.594  1424  1424 D gralloc_ranchu: gralloc_alloc: Creating ashmem region of size 8298496
04-11 23:12:49.605  1798  2025 D EGL_emulation: eglMakeCurrent: 0x8aed3f20: ver 3 0 (tinfo 0x8aec49d0)
04-11 23:12:49.610  1424  1424 D gralloc_ranchu: gralloc_alloc: Creating ashmem region of size 8298496
04-11 23:12:49.619  1798  2025 D OpenGLRenderer: endAllActiveAnimators on 0x891e0f00 (RippleDrawable) with handle 0x89efff20
04-11 23:12:49.620  1424  1424 D gralloc_ranchu: gralloc_alloc: Creating ashmem region of size 8298496
04-11 23:12:49.649  2316  2421 D EGL_emulation: eglMakeCurrent: 0x9ec060e0: ver 3 0 (tinfo 0x9ec03b30)
04-11 23:12:49.688  1798  4288 I zygote  : Explicit concurrent copying GC freed 6238(323KB) AllocSpace objects, 0(0B) LOS objects, 49% free, 4MB/8MB, paused 1.266ms total 77.775ms
04-11 23:12:49.914  1440  1456 E SurfaceFlinger: ro.sf.lcd_density must be defined as a build property
04-11 23:12:49.916  5195  5905 I chatty  : uid=10030(u0_a30) RenderThread expire 13 lines
04-11 23:12:49.944  1440  1440 D SurfaceFlinger: duplicate layer name: changing com.google.android.apps.nexuslauncher/com.google.android.apps.nexuslauncher.NexusLauncherActivity to com.google.android.apps.nexuslauncher/com.google.android.apps.nexuslauncher.NexusLauncherActivity#1
04-11 23:12:49.950  1424  1424 D gralloc_ranchu: gralloc_alloc: Creating ashmem region of size 8298496
04-11 23:12:49.955  1424  1424 D gralloc_ranchu: gralloc_alloc: Creating ashmem region of size 8298496
04-11 23:12:49.958  1424  1424 D gralloc_ranchu: gralloc_alloc: Creating ashmem region of size 8298496
04-11 23:12:50.066  5195  5195 I chatty  : uid=10030(u0_a30) com.google.android.googlequicksearchbox:search expire 20 lines
04-11 23:12:50.160  2316  2421 W OpenGLRenderer: Incorrectly called buildLayer on View: ShortcutAndWidgetContainer, destroying layer...
04-11 23:12:50.278  5195  5200 I chatty  : uid=10030(u0_a30) Jit thread pool expire 7 lines
04-11 23:12:50.311  5195  5907 I chatty  : uid=10030(u0_a30) HotwordDetector expire 7 lines
04-11 23:12:50.436  5195  5260 I chatty  : uid=10030(u0_a30) NonUserFacing3 expire 11 lines
04-11 23:12:50.439  5195  5904 I chatty  : uid=10030(u0_a30) UserFacing2 expire 10 lines
04-11 23:12:50.442  1508  5911 I chatty  : uid=1041(audioserver) AudioIn_EE expire 1 line
04-11 23:12:50.450  5195  5904 E ActivityThread: Failed to find provider info for com.google.android.apps.gsa.testing.ui.audio.recorded
04-11 23:12:50.469  5195  5218 I chatty  : uid=10030(u0_a30) NonUserFacing0 expire 13 lines
04-11 23:12:52.516  1418  1418 I chatty  : uid=1041(audioserver) audio@2.0-servi expire 1 line
04-11 23:12:52.541  1676  1785 E TaskPersister: File error accessing recents directory (directory doesn't exist?).
04-11 23:12:54.272  5912  5912 D AndroidRuntime: >>>>>> START com.android.internal.os.RuntimeInit uid 2000 <<<<<<
04-11 23:12:54.317  5912  5912 W app_process: Unexpected CPU variant for X86 using defaults: x86
04-11 23:12:54.337  5912  5912 D AndroidRuntime: Calling main entry com.android.commands.pm.Pm
04-11 23:12:54.343  5912  5920 W MessageQueue: Handler (android.os.Handler) {dfc337d} sending message to a Handler on a dead thread
04-11 23:12:54.343  5912  5920 W MessageQueue: java.lang.IllegalStateException: Handler (android.os.Handler) {dfc337d} sending message to a Handler on a dead thread
04-11 23:12:54.343  5912  5920 W MessageQueue: 	at android.os.MessageQueue.enqueueMessage(MessageQueue.java:545)
04-11 23:12:54.343  5912  5920 W MessageQueue: 	at android.os.Handler.enqueueMessage(Handler.java:661)
04-11 23:12:54.343  5912  5920 W MessageQueue: 	at android.os.Handler.sendMessageAtTime(Handler.java:630)
04-11 23:12:54.343  5912  5920 W MessageQueue: 	at android.os.Handler.sendMessageDelayed(Handler.java:600)
04-11 23:12:54.343  5912  5920 W MessageQueue: 	at android.os.Handler.post(Handler.java:356)
04-11 23:12:54.343  5912  5920 W MessageQueue: 	at android.os.ResultReceiver$MyResultReceiver.send(ResultReceiver.java:57)
04-11 23:12:54.343  5912  5920 W MessageQueue: 	at com.android.internal.os.IResultReceiver$Stub.onTransact(IResultReceiver.java:58)
04-11 23:12:54.343  5912  5920 W MessageQueue: 	at android.os.Binder.execTransact(Binder.java:674)
04-11 23:12:54.343  5912  5912 I app_process: System.exit called, status: 0
04-11 23:12:54.343  5912  5912 I AndroidRuntime: VM exiting with result code 0.
04-11 23:12:54.493  1405  1405 E adbd    : failed to connect to socket 'localabstract:edu.washington.ktran29.activityspy': Connection refused
04-11 23:12:54.692  5931  5931 D AndroidRuntime: >>>>>> START com.android.internal.os.RuntimeInit uid 2000 <<<<<<
04-11 23:12:54.729  5931  5931 W app_process: Unexpected CPU variant for X86 using defaults: x86
04-11 23:12:54.747  5931  5931 D AndroidRuntime: Calling main entry com.android.commands.pm.Pm
04-11 23:12:54.754  5931  5931 I app_process: System.exit called, status: 0
04-11 23:12:54.754  5931  5931 I AndroidRuntime: VM exiting with result code 0.
04-11 23:12:54.757  5931  5939 W MessageQueue: Handler (android.os.Handler) {dfc337d} sending message to a Handler on a dead thread
04-11 23:12:54.757  5931  5939 W MessageQueue: java.lang.IllegalStateException: Handler (android.os.Handler) {dfc337d} sending message to a Handler on a dead thread
04-11 23:12:54.757  5931  5939 W MessageQueue: 	at android.os.MessageQueue.enqueueMessage(MessageQueue.java:545)
04-11 23:12:54.757  5931  5939 W MessageQueue: 	at android.os.Handler.enqueueMessage(Handler.java:661)
04-11 23:12:54.757  5931  5939 W MessageQueue: 	at android.os.Handler.sendMessageAtTime(Handler.java:630)
04-11 23:12:54.757  5931  5939 W MessageQueue: 	at android.os.Handler.sendMessageDelayed(Handler.java:600)
04-11 23:12:54.757  5931  5939 W MessageQueue: 	at android.os.Handler.post(Handler.java:356)
04-11 23:12:54.757  5931  5939 W MessageQueue: 	at android.os.ResultReceiver$MyResultReceiver.send(ResultReceiver.java:57)
04-11 23:12:54.757  5931  5939 W MessageQueue: 	at com.android.internal.os.IResultReceiver$Stub.onTransact(IResultReceiver.java:58)
04-11 23:12:54.757  5931  5939 W MessageQueue: 	at android.os.Binder.execTransact(Binder.java:674)
04-11 23:12:55.491  1508  5947 I chatty  : uid=1041(audioserver) AudioIn_F6 expire 1 line
04-11 23:12:55.561  5195  5904 E ActivityThread: Failed to find provider info for com.google.android.apps.gsa.testing.ui.audio.recorded
04-11 23:12:55.697  1676  2617 I ActivityManager: Force stopping edu.washington.ktran29.activityspy appid=10084 user=0: from pid 5952
04-11 23:12:55.703  1884  1884 D CarrierSvcBindHelper: No carrier app for: 0
04-11 23:12:55.803  1676  2572 I ActivityManager: START u0 {act=android.intent.action.MAIN cat=[android.intent.category.LAUNCHER] flg=0x10000000 cmp=edu.washington.ktran29.activityspy/.MainActivity} from uid 2000
04-11 23:12:55.829  1676  2311 I ActivityManager: Start proc 5961:edu.washington.ktran29.activityspy/u0a84 for activity edu.washington.ktran29.activityspy/.MainActivity
04-11 23:12:55.832  5961  5961 I zygote  : Not late-enabling -Xcheck:jni (already on)
04-11 23:12:55.845  1424  1424 D gralloc_ranchu: gralloc_alloc: Creating ashmem region of size 8298496
04-11 23:12:55.846  5961  5961 W zygote  : Unexpected CPU variant for X86 using defaults: x86
04-11 23:12:56.019  2316  2421 D EGL_emulation: eglMakeCurrent: 0x9ec060e0: ver 3 0 (tinfo 0x9ec03b30)
04-11 23:12:56.118  5195  5905 I chatty  : uid=10030(u0_a30) RenderThread expire 8 lines
04-11 23:12:56.152  5195  5219 I chatty  : uid=10030(u0_a30) com.google.android.googlequicksearchbox:search expire 11 lines
04-11 23:12:56.190  5948  5948 D AndroidRuntime: >>>>>> START com.android.internal.os.RuntimeInit uid 2000 <<<<<<
04-11 23:12:56.197  5961  5961 I InstantRun: starting instant run server: is main process
04-11 23:12:56.278  5948  5948 W app_process: Unexpected CPU variant for X86 using defaults: x86
04-11 23:12:56.300  5948  5948 D AndroidRuntime: Calling main entry com.android.commands.wm.Wm
04-11 23:12:56.304  1676  2548 W WindowManager: Permission Denial: dismissKeyguard from pid=5948, uid=2000 requires android.permission.CONTROL_KEYGUARD
04-11 23:12:56.304  5948  5948 D AndroidRuntime: Shutting down VM
04-11 23:12:56.456  5961  5961 I MainActivity: onCreate event fired
04-11 23:12:56.460  5961  5961 I MainActivity: onStart event fired
04-11 23:12:56.464  5961  5961 I MainActivity: onResume event fired
04-11 23:12:56.482  1440  1672 E SurfaceFlinger: ro.sf.lcd_density must be defined as a build property
04-11 23:12:56.485  5961  5987 D OpenGLRenderer: HWUI GL Pipeline
04-11 23:12:56.546  5961  5987 D         : HostConnection::get() New Host Connection established 0x9e864a00, tid 5987
04-11 23:12:56.546  1424  1424 D gralloc_ranchu: gralloc_alloc: Creating ashmem region of size 8298496
04-11 23:12:56.549  5961  5987 I OpenGLRenderer: Initialized EGL, version 1.4
04-11 23:12:56.549  5961  5987 D OpenGLRenderer: Swap behavior 1
04-11 23:12:56.549  5961  5987 W OpenGLRenderer: Failed to choose config with EGL_SWAP_BEHAVIOR_PRESERVED, retrying without...
04-11 23:12:56.550  5961  5987 D OpenGLRenderer: Swap behavior 0
04-11 23:12:56.552  5961  5987 D EGL_emulation: eglCreateContext: 0xa7f32940: maj 3 min 0 rcv 3
04-11 23:12:56.554  1424  1424 D gralloc_ranchu: gralloc_alloc: Creating ashmem region of size 8298496
04-11 23:12:56.561  5961  5987 D EGL_emulation: eglMakeCurrent: 0xa7f32940: ver 3 0 (tinfo 0xa7f0b010)
04-11 23:12:56.562  5961  5987 E eglCodecCommon: glUtilsParamSize: unknow param 0x00008cdf
04-11 23:12:56.563  5961  5987 E eglCodecCommon: glUtilsParamSize: unknow param 0x00008cdf
04-11 23:12:56.563  5961  5987 E eglCodecCommon: glUtilsParamSize: unknow param 0x00008824
04-11 23:12:56.564  5961  5987 E eglCodecCommon: glUtilsParamSize: unknow param 0x00008824
04-11 23:12:56.566  1424  1424 D gralloc_ranchu: gralloc_alloc: Creating ashmem region of size 8298496
04-11 23:12:56.702  5961  5987 D EGL_emulation: eglMakeCurrent: 0xa7f32940: ver 3 0 (tinfo 0xa7f0b010)
04-11 23:12:56.830  1676  1703 I ActivityManager: Displayed edu.washington.ktran29.activityspy/.MainActivity: +997ms
04-11 23:12:56.883  1440  1440 W SurfaceFlinger: couldn't log to binary event log: overflow.
04-11 23:12:56.883  1440  1440 W SurfaceFlinger: couldn't log to binary event log: overflow.
04-11 23:12:56.996  5195  5226 I chatty  : uid=10030(u0_a30) com.google.android.googlequicksearchbox:search expire 4 lines
04-11 23:12:59.322  1676  1785 E TaskPersister: File error accessing recents directory (directory doesn't exist?).
04-11 23:12:59.392  1418  4275 I chatty  : uid=1041(audioserver) writer expire 5 lines
04-11 23:12:59.396  1798  2025 D EGL_emulation: eglMakeCurrent: 0x8aed3f20: ver 3 0 (tinfo 0x8aec49d0)
04-11 23:12:59.474  1676  2312 I ActivityManager: START u0 {flg=0x10804000 cmp=com.android.systemui/.recents.RecentsActivity} from uid 10028
04-11 23:12:59.476  5961  5961 I MainActivity: onPause event fired
04-11 23:12:59.480  1424  1424 D gralloc_ranchu: gralloc_alloc: Creating ashmem region of size 585728
04-11 23:12:59.482  1798  2025 D EGL_emulation: eglMakeCurrent: 0x8aed3f20: ver 3 0 (tinfo 0x8aec49d0)
04-11 23:12:59.489  1424  1424 D gralloc_ranchu: gralloc_alloc: Creating ashmem region of size 585728
04-11 23:12:59.491  1798  2025 D EGL_emulation: eglMakeCurrent: 0x8aed3f20: ver 3 0 (tinfo 0x8aec49d0)
04-11 23:12:59.492  5961  5987 D EGL_emulation: eglMakeCurrent: 0xa7f32940: ver 3 0 (tinfo 0xa7f0b010)
04-11 23:12:59.493  1798  1798 E BufferItemConsumer: [unnamed-1798-4] Failed to release buffer: Unknown error -1 (1)
04-11 23:12:59.493  1798  2025 D EGL_emulation: eglMakeCurrent: 0x8aed3f20: ver 3 0 (tinfo 0x8aec49d0)
04-11 23:12:59.495  5961  5961 I MainActivity: onStop event fired
04-11 23:12:59.503  1424  1424 D gralloc_ranchu: gralloc_alloc: Creating ashmem region of size 585728
04-11 23:12:59.508  1798  2025 D EGL_emulation: eglMakeCurrent: 0x8aed3f20: ver 3 0 (tinfo 0x8aec49d0)
04-11 23:12:59.510  1424  1424 D gralloc_ranchu: gralloc_alloc: Creating ashmem region of size 585728
04-11 23:12:59.513  1798  2025 D EGL_emulation: eglMakeCurrent: 0x8aed3f20: ver 3 0 (tinfo 0x8aec49d0)
04-11 23:12:59.516  1798  1798 E BufferItemConsumer: [unnamed-1798-5] Failed to release buffer: Unknown error -1 (1)
04-11 23:12:59.522  1424  1424 D gralloc_ranchu: gralloc_alloc: Creating ashmem region of size 8298496
04-11 23:12:59.526  1424  1424 I chatty  : uid=1000(system) allocator@2.0-s identical 10 lines
04-11 23:12:59.531  1424  1424 D gralloc_ranchu: gralloc_alloc: Creating ashmem region of size 8298496
04-11 23:12:59.539  1798  2025 D EGL_emulation: eglMakeCurrent: 0x8aed3f20: ver 3 0 (tinfo 0x8aec49d0)
04-11 23:12:59.560  1798  2025 I chatty  : uid=10028(u0_a28) RenderThread identical 17 lines
04-11 23:12:59.573  1798  2025 D EGL_emulation: eglMakeCurrent: 0x8aed3f20: ver 3 0 (tinfo 0x8aec49d0)
04-11 23:12:59.575  1424  1424 D gralloc_ranchu: gralloc_alloc: Creating ashmem region of size 8298496
04-11 23:12:59.618  1798  2025 D EGL_emulation: eglMakeCurrent: 0x8aed3f20: ver 3 0 (tinfo 0x8aec49d0)
04-11 23:12:59.958  1798  2025 D EGL_emulation: eglMakeCurrent: 0x8aed3f20: ver 3 0 (tinfo 0x8aec49d0)
04-11 23:12:59.960  1676  4283 I OpenGLRenderer: Initialized EGL, version 1.4
04-11 23:12:59.960  1676  4283 D OpenGLRenderer: Swap behavior 1
04-11 23:12:59.961  1676  4283 W OpenGLRenderer: Failed to choose config with EGL_SWAP_BEHAVIOR_PRESERVED, retrying without...
04-11 23:12:59.962  1676  4283 D OpenGLRenderer: Swap behavior 0
04-11 23:12:59.966  1676  4283 D EGL_emulation: eglCreateContext: 0x9e82fee0: maj 3 min 0 rcv 3
04-11 23:12:59.972  1676  4283 D EGL_emulation: eglMakeCurrent: 0x9e82fee0: ver 3 0 (tinfo 0x8c88a4d0)
04-11 23:12:59.975  1676  4283 E eglCodecCommon: glUtilsParamSize: unknow param 0x00008cdf
04-11 23:12:59.976  1676  4283 E eglCodecCommon: glUtilsParamSize: unknow param 0x00008cdf
04-11 23:12:59.977  1676  4283 E eglCodecCommon: glUtilsParamSize: unknow param 0x00008824
04-11 23:12:59.978  1676  4283 E eglCodecCommon: glUtilsParamSize: unknow param 0x00008824
04-11 23:12:59.982  1798  2025 D EGL_emulation: eglMakeCurrent: 0x8aed3f20: ver 3 0 (tinfo 0x8aec49d0)
04-11 23:13:00.101  1798  2025 D EGL_emulation: eglMakeCurrent: 0x8aed3f20: ver 3 0 (tinfo 0x8aec49d0)
04-11 23:13:00.245  5195  5195 I chatty  : uid=10030(u0_a30) com.google.android.googlequicksearchbox:search expire 13 lines
04-11 23:13:02.076  5195  5259 I chatty  : uid=10030(u0_a30) NonUserFacing2 expire 16 lines
04-11 23:13:02.133  4698  5995 I Authzen : [DeviceStateSyncManager] The server is in sync with current state. Nothing to do
04-11 23:13:02.325  5195  6004 I chatty  : uid=10030(u0_a30) pool-5-thread-1 expire 1 line
04-11 23:13:02.618  1418  1584 I chatty  : uid=1041(audioserver) HwBinder:1418_1 expire 1 line
04-11 23:13:05.049  1676  4678 D WificondControl: Scan result ready event
04-11 23:13:12.118  1798  2025 D EGL_emulation: eglMakeCurrent: 0x8aed3f20: ver 3 0 (tinfo 0x8aec49d0)
04-11 23:13:12.441  1676  2311 I ActivityManager: START u0 {act=android.intent.action.MAIN cat=[android.intent.category.HOME] flg=0x10200000 cmp=com.google.android.apps.nexuslauncher/.NexusLauncherActivity} from uid 10028
04-11 23:13:12.439  1798  2025 I chatty  : uid=10028(u0_a28) RenderThread identical 49 lines
04-11 23:13:12.448  1798  2025 D EGL_emulation: eglMakeCurrent: 0x8aed3f20: ver 3 0 (tinfo 0x8aec49d0)
04-11 23:13:12.461  1424  1424 D gralloc_ranchu: gralloc_alloc: Creating ashmem region of size 8298496
04-11 23:13:12.474  1424  1424 D gralloc_ranchu: gralloc_alloc: Creating ashmem region of size 8298496
04-11 23:13:12.487  1440  1440 D SurfaceFlinger: duplicate layer name: changing com.google.android.apps.nexuslauncher/com.google.android.apps.nexuslauncher.NexusLauncherActivity to com.google.android.apps.nexuslauncher/com.google.android.apps.nexuslauncher.NexusLauncherActivity#1
04-11 23:13:12.496  1424  1424 D gralloc_ranchu: gralloc_alloc: Creating ashmem region of size 8298496
04-11 23:13:12.500  1798  4288 I zygote  : Explicit concurrent copying GC freed 3455(317KB) AllocSpace objects, 0(0B) LOS objects, 49% free, 4MB/8MB, paused 5.119ms total 46.151ms
04-11 23:13:12.507  1424  1424 D gralloc_ranchu: gralloc_alloc: Creating ashmem region of size 8298496
04-11 23:13:12.521  1424  1424 D gralloc_ranchu: gralloc_alloc: Creating ashmem region of size 8298496
04-11 23:13:12.551  2316  2421 D EGL_emulation: eglMakeCurrent: 0x9ec060e0: ver 3 0 (tinfo 0x9ec03b30)
04-11 23:13:12.566  1798  4287 D         : HostConnection::get() New Host Connection established 0x9ec20c80, tid 4287
04-11 23:13:12.629  5195  5260 I chatty  : uid=10030(u0_a30) NonUserFacing3 expire 17 lines
04-11 23:13:12.643  1508  6016 I chatty  : uid=1041(audioserver) AudioIn_FE expire 1 line
04-11 23:13:12.649  5195  5219 E ActivityThread: Failed to find provider info for com.google.android.apps.gsa.testing.ui.audio.recorded
04-11 23:13:12.649  5195  5195 I chatty  : uid=10030(u0_a30) com.google.android.googlequicksearchbox:search expire 29 lines
04-11 23:13:13.050  2316  2421 W OpenGLRenderer: Incorrectly called buildLayer on View: ShortcutAndWidgetContainer, destroying layer...
04-11 23:13:13.939  1676  3390 I ActivityManager: START u0 {flg=0x10804000 cmp=com.android.systemui/.recents.RecentsActivity} from uid 10028
04-11 23:13:13.947  2316  2421 D EGL_emulation: eglMakeCurrent: 0x9ec060e0: ver 3 0 (tinfo 0x9ec03b30)
04-11 23:13:13.985  1424  1424 D gralloc_ranchu: gralloc_alloc: Creating ashmem region of size 8298496
04-11 23:13:13.991  1424  1424 D gralloc_ranchu: gralloc_alloc: Creating ashmem region of size 8298496
04-11 23:13:14.005  1798  2025 D EGL_emulation: eglMakeCurrent: 0x8aed3f20: ver 3 0 (tinfo 0x8aec49d0)
04-11 23:13:14.009  1798  2025 D EGL_emulation: eglMakeCurrent: 0x8aed3f20: ver 3 0 (tinfo 0x8aec49d0)
04-11 23:13:14.023  1798  2025 D EGL_emulation: eglMakeCurrent: 0x8aed3f20: ver 3 0 (tinfo 0x8aec49d0)
04-11 23:13:14.051  1798  2025 D EGL_emulation: eglMakeCurrent: 0x8aed3f20: ver 3 0 (tinfo 0x8aec49d0)
04-11 23:13:14.061  1798  2025 D EGL_emulation: eglMakeCurrent: 0x8aed3f20: ver 3 0 (tinfo 0x8aec49d0)
04-11 23:13:14.088  1798  2025 D EGL_emulation: eglMakeCurrent: 0x8aed3f20: ver 3 0 (tinfo 0x8aec49d0)
04-11 23:13:14.097  1798  2025 D EGL_emulation: eglMakeCurrent: 0x8aed3f20: ver 3 0 (tinfo 0x8aec49d0)
04-11 23:13:14.107  1798  2025 D EGL_emulation: eglMakeCurrent: 0x8aed3f20: ver 3 0 (tinfo 0x8aec49d0)
04-11 23:13:14.168  1798  2025 D EGL_emulation: eglMakeCurrent: 0x8aed3f20: ver 3 0 (tinfo 0x8aec49d0)
04-11 23:13:14.201  1440  1440 W SurfaceFlinger: couldn't log to binary event log: overflow.
04-11 23:13:14.219  1798  2025 D EGL_emulation: eglMakeCurrent: 0x8aed3f20: ver 3 0 (tinfo 0x8aec49d0)
04-11 23:13:15.703  1676  2617 I ActivityManager: START u0 {act=android.intent.action.MAIN cat=[android.intent.category.HOME] flg=0x10200000 cmp=com.google.android.apps.nexuslauncher/.NexusLauncherActivity} from uid 10028
04-11 23:13:14.440  1798  2025 D EGL_emulation: eglMakeCurrent: 0x8aed3f20: ver 3 0 (tinfo 0x8aec49d0)
04-11 23:13:15.728  1424  1424 D gralloc_ranchu: gralloc_alloc: Creating ashmem region of size 8298496
04-11 23:13:15.730  5961  5961 E MainActivity: We're going down, Captain!
04-11 23:13:15.733  1424  1424 D gralloc_ranchu: gralloc_alloc: Creating ashmem region of size 8298496
