04-11 23:03:37.017  1676  1676 I SystemServer: MakeCommonTimeManagementServiceReady
04-11 23:03:37.027  1676  1676 I SystemServer: MakeInputManagerServiceReady
04-11 23:03:37.031  1676  1676 I SystemServer: MakeTelephonyRegistryReady
04-11 23:03:37.031  1676  1676 I SystemServer: MakeMediaRouterServiceReady
04-11 23:03:37.031  1676  1676 I SystemServer: MakeMmsServiceReady
04-11 23:03:37.032  1676  1676 I MmsServiceBroker: Delay connecting to MmsService until an API is called
04-11 23:03:37.032  1676  1676 I SystemServer: MakeNetworkScoreServiceReady
04-11 23:03:37.032  1676  1676 I SystemServer: IncidentDaemonReady
04-11 23:03:37.033  1676  1676 I SystemServiceManager: Calling onStartUser u0
04-11 23:03:37.093  1676  1676 W ActivityManager: Slow operation: 54ms so far, now at startProcess: returned from zygote!
04-11 23:03:37.094  1676  1676 W ActivityManager: Slow operation: 54ms so far, now at startProcess: done updating battery stats
04-11 23:03:37.094  1676  1676 W ActivityManager: Slow operation: 55ms so far, now at startProcess: building log message
04-11 23:03:37.094  1676  1676 I ActivityManager: Start proc 1884:com.android.phone/1001 for added application com.android.phone
04-11 23:03:37.094  1676  1676 W ActivityManager: Slow operation: 55ms so far, now at startProcess: starting to update pids map
04-11 23:03:37.115  1676  1676 W ActivityManager: Slow operation: 76ms so far, now at startProcess: done updating pids map
04-11 23:03:37.117  1676  1676 I ActivityManager: START u0 {act=android.intent.action.MAIN cat=[android.intent.category.HOME] flg=0x10000100 cmp=com.android.settings/.FallbackHome} from uid 0
04-11 23:03:37.152  1372  1375 V vold    : /dev/block/vold/public:253,80: LABEL="SDCARD" UUID="1F0F-061E" TYPE="vfat" 
04-11 23:03:37.152  1372  1375 V vold    : 
04-11 23:03:37.155  1372  1375 V vold    : /system/bin/fsck_msdos
04-11 23:03:37.155  1372  1375 V vold    :     -p
04-11 23:03:37.155  1372  1375 V vold    :     -f
04-11 23:03:37.155  1372  1375 V vold    :     /dev/block/vold/public:253,80
04-11 23:03:37.165  1676  1754 D VoldConnector: RCV <- {652 public:253,80 vfat}
04-11 23:03:37.165  1676  1754 D VoldConnector: RCV <- {653 public:253,80 1F0F-061E}
04-11 23:03:37.167  1676  1754 D VoldConnector: RCV <- {654 public:253,80 SDCARD}
04-11 23:03:37.643  1676  1676 I ActivityManager: Loaded persisted task ids for user 0
04-11 23:03:37.742  1676  1676 W ActivityManager: Slow operation: 65ms so far, now at startProcess: returned from zygote!
04-11 23:03:37.742  1676  1676 W ActivityManager: Slow operation: 65ms so far, now at startProcess: done updating battery stats
04-11 23:03:37.743  1676  1676 W ActivityManager: Slow operation: 66ms so far, now at startProcess: building log message
04-11 23:03:37.743  1676  1676 I ActivityManager: Start proc 1923:com.android.settings/1000 for activity com.android.settings/.FallbackHome
04-11 23:03:37.743  1676  1676 W ActivityManager: Slow operation: 66ms so far, now at startProcess: starting to update pids map
04-11 23:03:37.743  1676  1676 W ActivityManager: Slow operation: 66ms so far, now at startProcess: done updating pids map
04-11 23:03:37.743  1676  1676 W ActivityManager: Slow operation: 66ms so far, now at startProcess: done starting proc!
04-11 23:03:37.784  1676  1695 W Looper  : Dispatch took 745ms on android.ui, h=Handler (com.android.server.am.ActivityManagerService$UiHandler) {bc82e4d} cb=null msg=53
04-11 23:03:37.875  1676  1676 D SystemServerInitThreadPool: Shutdown successful
04-11 23:03:37.876  1676  1817 W ActivityManager: Slow operation: 92ms so far, now at attachApplicationLocked: after updateOomAdjLocked
04-11 23:03:37.889  1676  1693 W LocationProviderProxy-network: Odd, no component found for service com.android.location.service.v3.NetworkLocationProvider
04-11 23:03:37.889  1676  1693 W GeocoderProxy: Odd, no component found for service com.android.location.service.GeocodeProvider
04-11 23:03:38.054  1676  1676 D ConditionProviders.SCP: onConnected
04-11 23:03:38.057  1676  1676 D ConditionProviders: Subscribing to condition://android/schedule?days=6.7&start=23.30&end=10.0&exitAtAlarm=false with ComponentInfo{android/com.android.server.notification.ScheduleConditionProvider}
04-11 23:03:38.062  1676  1676 D ConditionProviders: Subscribing to condition://android/event?userId=-10000&calendar=&reply=1 with ComponentInfo{android/com.android.server.notification.EventConditionProvider}
04-11 23:03:38.064  1676  1676 D ConditionProviders: Subscribing to condition://android/schedule?days=1.2.3.4.5&start=22.0&end=7.0&exitAtAlarm=false with ComponentInfo{android/com.android.server.notification.ScheduleConditionProvider}
04-11 23:03:38.064  1676  1693 W GeofenceProxy: Odd, no component found for service com.android.location.service.GeofenceProvider
04-11 23:03:38.091  1676  1693 W ActivityRecognitionProxy: Odd, no component found for service com.android.location.service.ActivityRecognitionProvider
04-11 23:03:38.454  1372  1375 I Vold    : Filesystem check completed OK
04-11 23:03:38.463  1676  1754 D VoldConnector: RCV <- {656 public:253,80 /mnt/media_rw/1F0F-061E}
04-11 23:03:38.480  1676  1754 D VoldConnector: RCV <- {655 public:253,80 /mnt/media_rw/1F0F-061E}
04-11 23:03:38.527  1676  1754 D VoldConnector: RCV <- {651 public:253,80 2}
04-11 23:03:38.528  1676  1754 D VoldConnector: RCV <- {200 7 Command succeeded}
04-11 23:03:38.532  1676  1753 E VoldConnector: NDC Command {7 volume mount public:253,80 0 0} took too long (1647ms)
04-11 23:03:38.675  1676  1687 W ActivityManager: Slow operation: 500ms so far, now at attachApplicationLocked: after mServices.attachApplicationLocked
04-11 23:03:39.066  1676  1697 E BatteryStatsService: no controller energy info supplied
04-11 23:03:39.183  1676  1697 W KernelMemoryBandwidthStats: No kernel memory bandwidth stats available
04-11 23:03:39.901  1676  1981 I Telecom : BluetoothRouteManager: getBluetoothAudioConnectedDevice: no headset service available.
04-11 23:03:39.978  1676  1676 I Telecom : SystemStateProvider: Registering car mode receiver: android.content.IntentFilter@a03fc1a: TS.init@AAA
04-11 23:03:40.154  1676  1990 I Telecom : Logging.Events: Non-call EVENT: AUDIO_ROUTE, Entering state QuiescentEarpieceRoute
04-11 23:03:40.227  1676  1676 I Telecom : MissedCallNotifierImpl: Boot not yet complete -- call log db may not be available. Deferring loading until boot complete.: TS.init@AAA
04-11 23:03:40.239  1676  1991 I Telecom : CallAudioModeStateMachine: Message received: null.: TS.init->CAMSM.pM_1@AAA
04-11 23:03:40.315  1676  1676 I Telecom : Class: TelecomSystem.INSTANCE being set
04-11 23:03:40.423  1676  1676 W ContextImpl: Calling a method in the system process without a qualified user: android.app.ContextImpl.startService:1460 com.android.server.content.SyncManager$13.run:659 android.os.Handler.handleCallback:789 android.os.Handler.dispatchMessage:98 android.os.Looper.loop:164 
04-11 23:03:40.459  1676  1695 W WindowManager: Keyguard drawn timeout. Setting mKeyguardDrawComplete
04-11 23:03:40.519  1676  1734 W LocalDisplayAdapter: Unable to find color mode 0, ignoring request.
04-11 23:03:40.541  1676  1734 I WindowManager: Screen frozen for +2s341ms due to Window{5517ee0 u0 com.android.settings/com.android.settings.FallbackHome}
04-11 23:03:40.737  1676  1694 W KeyguardServiceDelegate: onScreenTurningOn(): no keyguard service!
04-11 23:03:40.740  1676  1676 V WiredAccessoryManager: notifyWiredAccessoryChanged: when=0 bits= mask=54
04-11 23:03:40.740  1676  1676 V WiredAccessoryManager: newName=h2w newState=0 headsetState=0 prev headsetState=0
04-11 23:03:40.740  1676  1676 V WiredAccessoryManager: init()
04-11 23:03:40.939  1676  1676 D AccessibilityManagerService: Ignoring non-encryption-aware service ComponentInfo{com.example.android.apis/com.example.android.apis.accessibility.ClockBackService}
04-11 23:03:40.939  1676  1676 D AccessibilityManagerService: Ignoring non-encryption-aware service ComponentInfo{com.example.android.apis/com.example.android.apis.accessibility.MagnificationService}
04-11 23:03:40.939  1676  1676 D AccessibilityManagerService: Ignoring non-encryption-aware service ComponentInfo{com.example.android.apis/com.example.android.apis.accessibility.TaskBackService}
04-11 23:03:41.151  1676  1676 D ConditionProviders.SCP: onSubscribe condition://android/schedule?days=6.7&start=23.30&end=10.0&exitAtAlarm=false
04-11 23:03:41.152  1676  1676 D ConditionProviders.SCP: setRegistered true
04-11 23:03:41.152  1676  1676 D ConditionProviders.SCP: notifyCondition condition://android/schedule?days=6.7&start=23.30&end=10.0&exitAtAlarm=false STATE_FALSE reason=!meetsSchedule
04-11 23:03:41.155  1676  1676 D ConditionProviders.SCP: Scheduling evaluate for Wed Apr 11 23:30:00 GMT+00:00 2018 (1523489400000), in +26m18s849ms, now=Wed Apr 11 23:03:41 GMT+00:00 2018 (1523487821151)
04-11 23:03:41.155  1676  1676 D ConditionProviders.SCP: onSubscribe condition://android/schedule?days=1.2.3.4.5&start=22.0&end=7.0&exitAtAlarm=false
04-11 23:03:41.155  1676  1676 D ConditionProviders.SCP: notifyCondition condition://android/schedule?days=6.7&start=23.30&end=10.0&exitAtAlarm=false STATE_FALSE reason=!meetsSchedule
04-11 23:03:41.155  1676  1676 D ConditionProviders.SCP: notifyCondition condition://android/schedule?days=1.2.3.4.5&start=22.0&end=7.0&exitAtAlarm=false STATE_TRUE reason=meetsSchedule
04-11 23:03:41.156  1676  1676 D ConditionProviders.SCP: Scheduling evaluate for Wed Apr 11 23:30:00 GMT+00:00 2018 (1523489400000), in +26m18s845ms, now=Wed Apr 11 23:03:41 GMT+00:00 2018 (1523487821155)
04-11 23:03:41.164  1676  1775 E ActivityThread: Failed to find provider info for com.android.calendar
04-11 23:03:41.169  1676  1775 E ActivityThread: Failed to find provider info for com.android.calendar
04-11 23:03:41.212  1519  1519 I wificond: New interface event callback registered
04-11 23:03:41.265  1676  1676 I Telecom : WiredHeadsetManager: ACTION_HEADSET_PLUG event, plugged in: false, : WHC.oADA@AAE
04-11 23:03:41.367  1676  1676 I AutofillManagerService: Updating Autofill for user 0: disabled=false
04-11 23:03:41.423  1676  1676 I PreloadsFileCacheExpirationJobService: Set persist.sys.preloads.file_cache_expired=1
04-11 23:03:41.425  1676  1769 D ConnectivityService: Got NetworkFactory Messenger for PhoneSwitcherNetworkRequstListener
04-11 23:03:41.518  1676  1769 D ConnectivityService: Got NetworkFactory Messenger for TelephonyNetworkFactory[0]
04-11 23:03:41.633  1884  2023 E ActivityThread: Failed to find provider info for com.android.contacts
04-11 23:03:41.733  1884  1884 I TelecomFramework: TtyManager: updateUiTtyMode -1 -> 0
04-11 23:03:29.844  1676  1676 D ConditionProviders.SCP: onReceive android.intent.action.TIME_SET
04-11 23:03:29.844  1676  1676 D ConditionProviders.SCP: notifyCondition condition://android/schedule?days=6.7&start=23.30&end=10.0&exitAtAlarm=false STATE_FALSE reason=!meetsSchedule
04-11 23:03:29.844  1676  1676 D ConditionProviders.SCP: notifyCondition condition://android/schedule?days=1.2.3.4.5&start=22.0&end=7.0&exitAtAlarm=false STATE_TRUE reason=meetsSchedule
04-11 23:03:29.844  1676  1676 D ConditionProviders.SCP: Scheduling evaluate for Wed Apr 11 23:30:00 GMT+00:00 2018 (1523489400000), in +26m30s156ms, now=Wed Apr 11 23:03:29 GMT+00:00 2018 (1523487809844)
04-11 23:03:29.858  1676  1775 E ActivityThread: Failed to find provider info for com.android.calendar
04-11 23:03:29.859  1676  1775 E ActivityThread: Failed to find provider info for com.android.calendar
04-11 23:03:29.978  1676  1693 I UsageStatsService: Time changed in UsageStats by -11 seconds
04-11 23:03:29.978  1676  1693 I UsageStatsService: User[0] Flushing usage stats to disk
04-11 23:03:30.047  1676  1904 I StatusBarManagerService: registerStatusBar bar=com.android.internal.statusbar.IStatusBar$Stub$Proxy@46bf51f
04-11 23:03:30.089  1676  1693 I UsageStatsDatabase: Time changed by -11s960ms. files deleted: 0 files moved: 5
04-11 23:03:30.104  1676  1693 I UsageStatsService: User[0] Rollover scheduled @ 2018-04-12 23:03:21(1523574201886)
04-11 23:03:30.163  1676  1693 I SyncManager: Got SyncJobService instance.
04-11 23:03:30.438  1676  1904 W ActivityManager: Slow operation: 51ms so far, now at startProcess: returned from zygote!
04-11 23:03:30.438  1676  1904 W ActivityManager: Slow operation: 51ms so far, now at startProcess: done updating battery stats
04-11 23:03:30.438  1676  1904 W ActivityManager: Slow operation: 52ms so far, now at startProcess: building log message
04-11 23:03:30.438  1676  1904 I ActivityManager: Start proc 2038:com.google.android.deskclock/u0a67 for broadcast com.google.android.deskclock/com.android.deskclock.AlarmInitReceiver
04-11 23:03:30.438  1676  1904 W ActivityManager: Slow operation: 52ms so far, now at startProcess: starting to update pids map
04-11 23:03:30.438  1676  1904 W ActivityManager: Slow operation: 52ms so far, now at startProcess: done updating pids map
04-11 23:03:30.438  1676  1904 W ActivityManager: Slow operation: 53ms so far, now at startProcess: done starting proc!
04-11 23:03:30.664  1884  1884 D MccTable: updateMccMncConfiguration mccmnc='310260' fromServiceState=true
04-11 23:03:30.686  1884  1884 D MccTable: updateMccMncConfiguration defaultMccMnc=
04-11 23:03:30.687  1884  1884 D MccTable: updateMccMncConfiguration: mcc=310, mnc=260
04-11 23:03:30.688  1884  1884 D MccTable: WIFI_COUNTRY_CODE set to us
04-11 23:03:30.708  1676  1686 I WifiService: WifiService trying to set country code to us with persist set to false
04-11 23:03:31.201  1676  1916 I Telecom : PhoneAccountRegistrar: New phone account registered: [[ ] PhoneAccount: ComponentInfo{com.android.phone/com.android.services.telephony.TelephonyConnectionService}, [****], UserHandle{0} Capabilities: CallProvider MultiUser PlaceEmerg SimSub  Audio Routes: BESW Schemes: tel voicemail  Extras: null GroupId: [****]]: TSI.rPA@AAU
04-11 23:03:31.211  1676  1916 I Telecom : CallsManager: Sending phone-account ComponentInfo{com.android.phone/com.android.services.telephony.TelephonyConnectionService}, [****], UserHandle{0} registered intent as user: TSI.rPA@AAU
04-11 23:03:31.212  1676  1916 I Telecom : CallsManager: Sending phone-account registered intent to default dialer: TSI.rPA@AAU
04-11 23:03:31.225  1884  1884 I TelecomFramework: AccountEntry: Registered phoneAccount: [[ ] PhoneAccount: ComponentInfo{com.android.phone/com.android.services.telephony.TelephonyConnectionService}, [****], UserHandle{0} Capabilities: CallProvider MultiUser PlaceEmerg SimSub  Audio Routes: BESW Schemes: tel voicemail  Extras: null GroupId: [****]] with handle: ComponentInfo{com.android.phone/com.android.services.telephony.TelephonyConnectionService}, [****], UserHandle{0}
04-11 23:03:31.225  1884  1884 I TelecomFramework: PstnIncomingCallNotifier: Registering: Handler (com.android.internal.telephony.GsmCdmaPhone) {e6a5f0a}
04-11 23:03:31.251  1884  1884 I TelecomFramework: TelecomAccountRegistry: Unregistering phone account ComponentInfo{com.android.phone/com.android.services.telephony.TelephonyConnectionService}, [****], UserHandle{0}.
04-11 23:03:31.259  1676  1817 I Telecom : CallsManager: Sending phone-account ComponentInfo{com.android.phone/com.android.services.telephony.TelephonyConnectionService}, [****], UserHandle{0} unregistered intent as user: TSI.uPA@AAc
04-11 23:03:31.259  1676  1817 I Telecom : CallsManager: Sending phone-account unregistered intent to default dialer: TSI.uPA@AAc
04-11 23:03:31.325  2038  2075 E ActivityThread: Failed to find provider info for media
04-11 23:03:31.579  2038  2075 E ActivityThread: Failed to find provider info for media
04-11 23:03:31.664  1884  1884 I TelecomFramework: PstnPhoneCapabilitiesNotifier: handleVideoCapabilitesChanged. Video capability - false
04-11 23:03:31.713  1676  1817 I Telecom : PhoneAccountRegistrar: Modify account: [ComponentInfo{com.android.phone/com.android.services.telephony.TelephonyConnectionService}, [****], UserHandle{0}]: TSI.rPA@AAk
04-11 23:03:31.802  1676  1687 W ActivityManager: Unable to start service Intent { act=com.google.android.gms.icing.LIGHTWEIGHT_INDEX_SERVICE pkg=com.google.android.gms } U=0: not found
04-11 23:03:31.805  1676  1686 W ActivityManager: Unbind failed: could not find connection for android.os.BinderProxy@de1bba3
04-11 23:03:31.841  1884  1884 D MccTable: updateMccMncConfiguration mccmnc='310260' fromServiceState=false
04-11 23:03:31.845  1884  1884 D MccTable: updateMccMncConfiguration defaultMccMnc=
04-11 23:03:31.845  1884  1884 D MccTable: updateMccMncConfiguration: mcc=310, mnc=260
04-11 23:03:31.845  1884  1884 D MccTable: updateMccMncConfiguration updateConfig config={0.0 310mcc260mnc ?localeList ?layoutDir ?swdp ?wdp ?hdp ?density ?lsize ?long ?ldr ?wideColorGamut ?orien ?uimode ?night ?touch ?keyb/?/? ?nav/?}
04-11 23:03:31.849  1676  1686 I ActivityManager: Config changes=3 {1.0 310mcc260mnc [en_US] ldltr sw411dp w411dp h659dp 420dpi nrml port finger qwerty/v/v -nav/h appBounds=Rect(0, 0 - 1080, 1794) s.6}
04-11 23:03:31.859  1676  1686 I ActivityManager: Override config changes=3 {1.0 310mcc260mnc [en_US] ldltr sw411dp w411dp h659dp 420dpi nrml port finger qwerty/v/v -nav/h appBounds=Rect(0, 0 - 1080, 1794) s.6} for displayId=0
04-11 23:03:31.932  1676  1686 W LocalDisplayAdapter: Unable to find color mode 0, ignoring request.
04-11 23:03:31.941  1798  1798 I StatusBar: isKeyguardShowing() called before startKeyguard(), returning true
04-11 23:03:31.954  1798  1798 W StatusBar: isKeyguardSecure() called before startKeyguard(), returning false
04-11 23:03:31.954  1798  1798 W StatusBar: java.lang.Throwable
04-11 23:03:31.954  1798  1798 W StatusBar: 	at com.android.systemui.statusbar.phone.StatusBar.isKeyguardSecure(StatusBar.java:7003)
04-11 23:03:31.954  1798  1798 W StatusBar: 	at com.android.systemui.statusbar.phone.StatusBar.isCameraAllowedByAdmin(StatusBar.java:5045)
04-11 23:03:31.954  1798  1798 W StatusBar: 	at com.android.systemui.statusbar.phone.KeyguardBottomAreaView$DefaultRightButton.getIcon(KeyguardBottomAreaView.java:850)
04-11 23:03:31.954  1798  1798 W StatusBar: 	at com.android.systemui.statusbar.phone.KeyguardBottomAreaView.updateCameraVisibility(KeyguardBottomAreaView.java:371)
04-11 23:03:31.954  1798  1798 W StatusBar: 	at com.android.systemui.statusbar.phone.KeyguardBottomAreaView.setStatusBar(KeyguardBottomAreaView.java:340)
04-11 23:03:31.954  1798  1798 W StatusBar: 	at com.android.systemui.statusbar.phone.StatusBar.makeStatusBarView(StatusBar.java:1123)
04-11 23:03:31.954  1798  1798 W StatusBar: 	at com.android.systemui.statusbar.phone.StatusBar.addStatusBarWindow(StatusBar.java:3473)
04-11 23:03:31.954  1798  1798 W StatusBar: 	at com.android.systemui.statusbar.phone.StatusBar.createAndAddWindows(StatusBar.java:3469)
04-11 23:03:31.954  1798  1798 W StatusBar: 	at com.android.systemui.statusbar.phone.StatusBar.start(StatusBar.java:839)
04-11 23:03:31.954  1798  1798 W StatusBar: 	at com.android.systemui.SystemBars.createStatusBarFromConfig(SystemBars.java:71)
04-11 23:03:31.954  1798  1798 W StatusBar: 	at com.android.systemui.SystemBars.start(SystemBars.java:42)
04-11 23:03:31.954  1798  1798 W StatusBar: 	at com.android.systemui.SystemUIApplication.startServicesIfNeeded(SystemUIApplication.java:208)
04-11 23:03:31.954  1798  1798 W StatusBar: 	at com.android.systemui.SystemUIApplication.startServicesIfNeeded(SystemUIApplication.java:163)
04-11 23:03:31.954  1798  1798 W StatusBar: 	at com.android.systemui.SystemUIService.onCreate(SystemUIService.java:33)
04-11 23:03:31.954  1798  1798 W StatusBar: 	at android.app.ActivityThread.handleCreateService(ActivityThread.java:3404)
04-11 23:03:31.954  1798  1798 W StatusBar: 	at android.app.ActivityThread.-wrap4(Unknown Source:0)
04-11 23:03:31.954  1798  1798 W StatusBar: 	at android.app.ActivityThread$H.handleMessage(ActivityThread.java:1683)
04-11 23:03:31.954  1798  1798 W StatusBar: 	at android.os.Handler.dispatchMessage(Handler.java:105)
04-11 23:03:31.954  1798  1798 W StatusBar: 	at android.os.Looper.loop(Looper.java:164)
04-11 23:03:31.954  1798  1798 W StatusBar: 	at android.app.ActivityThread.main(ActivityThread.java:6541)
04-11 23:03:31.954  1798  1798 W StatusBar: 	at java.lang.reflect.Method.invoke(Native Method)
04-11 23:03:31.954  1798  1798 W StatusBar: 	at com.android.internal.os.Zygote$MethodAndArgsCaller.run(Zygote.java:240)
04-11 23:03:31.954  1798  1798 W StatusBar: 	at com.android.internal.os.ZygoteInit.main(ZygoteInit.java:767)
04-11 23:03:31.955  1676  1734 W LocalDisplayAdapter: Unable to find color mode 0, ignoring request.
04-11 23:03:31.957  1798  1798 I StatusBar: isKeyguardShowing() called before startKeyguard(), returning true
04-11 23:03:31.957  1798  1798 W StatusBar: isKeyguardSecure() called before startKeyguard(), returning false
04-11 23:03:31.957  1798  1798 W StatusBar: java.lang.Throwable
04-11 23:03:31.957  1798  1798 W StatusBar: 	at com.android.systemui.statusbar.phone.StatusBar.isKeyguardSecure(StatusBar.java:7003)
04-11 23:03:31.957  1798  1798 W StatusBar: 	at com.android.systemui.statusbar.phone.StatusBar.isCameraAllowedByAdmin(StatusBar.java:5045)
04-11 23:03:31.957  1798  1798 W StatusBar: 	at com.android.systemui.statusbar.phone.KeyguardBottomAreaView$DefaultRightButton.getIcon(KeyguardBottomAreaView.java:850)
04-11 23:03:31.957  1798  1798 W StatusBar: 	at com.android.systemui.statusbar.phone.KeyguardBottomAreaView.updateCameraVisibility(KeyguardBottomAreaView.java:371)
04-11 23:03:31.957  1798  1798 W StatusBar: 	at com.android.systemui.statusbar.phone.KeyguardBottomAreaView.setUserSetupComplete(KeyguardBottomAreaView.java:349)
04-11 23:03:31.957  1798  1798 W StatusBar: 	at com.android.systemui.statusbar.phone.StatusBar.makeStatusBarView(StatusBar.java:1124)
04-11 23:03:31.957  1798  1798 W StatusBar: 	at com.android.systemui.statusbar.phone.StatusBar.addStatusBarWindow(StatusBar.java:3473)
04-11 23:03:31.957  1798  1798 W StatusBar: 	at com.android.systemui.statusbar.phone.StatusBar.createAndAddWindows(StatusBar.java:3469)
04-11 23:03:31.957  1798  1798 W StatusBar: 	at com.android.systemui.statusbar.phone.StatusBar.start(StatusBar.java:839)
04-11 23:03:31.957  1798  1798 W StatusBar: 	at com.android.systemui.SystemBars.createStatusBarFromConfig(SystemBars.java:71)
04-11 23:03:31.957  1798  1798 W StatusBar: 	at com.android.systemui.SystemBars.start(SystemBars.java:42)
04-11 23:03:31.957  1798  1798 W StatusBar: 	at com.android.systemui.SystemUIApplication.startServicesIfNeeded(SystemUIApplication.java:208)
04-11 23:03:31.957  1798  1798 W StatusBar: 	at com.android.systemui.SystemUIApplication.startServicesIfNeeded(SystemUIApplication.java:163)
04-11 23:03:31.957  1798  1798 W StatusBar: 	at com.android.systemui.SystemUIService.onCreate(SystemUIService.java:33)
04-11 23:03:31.957  1798  1798 W StatusBar: 	at android.app.ActivityThread.handleCreateService(ActivityThread.java:3404)
04-11 23:03:31.957  1798  1798 W StatusBar: 	at android.app.ActivityThread.-wrap4(Unknown Source:0)
04-11 23:03:31.957  1798  1798 W StatusBar: 	at android.app.ActivityThread$H.handleMessage(ActivityThread.java:1683)
04-11 23:03:31.957  1798  1798 W StatusBar: 	at android.os.Handler.dispatchMessage(Handler.java:105)
04-11 23:03:31.957  1798  1798 W StatusBar: 	at android.os.Looper.loop(Looper.java:164)
04-11 23:03:31.957  1798  1798 W StatusBar: 	at android.app.ActivityThread.main(ActivityThread.java:6541)
04-11 23:03:31.957  1798  1798 W StatusBar: 	at java.lang.reflect.Method.invoke(Native Method)
04-11 23:03:31.957  1798  1798 W StatusBar: 	at com.android.internal.os.Zygote$MethodAndArgsCaller.run(Zygote.java:240)
04-11 23:03:31.957  1798  1798 W StatusBar: 	at com.android.internal.os.ZygoteInit.main(ZygoteInit.java:767)
04-11 23:03:32.014  1884  1884 I TelecomFramework: PstnIncomingCallNotifier: Unregistering: Handler (com.android.internal.telephony.GsmCdmaPhone) {e6a5f0a}
04-11 23:03:32.064  1676  1918 I Telecom : PhoneAccountRegistrar: Modify account: [ComponentInfo{com.android.phone/com.android.services.telephony.TelephonyConnectionService}, [****], UserHandle{0}(addr: tel:*********** -> tel:)(subAddr: tel:*********** -> tel:)]: TSI.rPA@AAo
04-11 23:03:32.076  1884  1884 I TelecomFramework: AccountEntry: Registered phoneAccount: [[ ] PhoneAccount: ComponentInfo{com.android.phone/com.android.services.telephony.TelephonyConnectionService}, [****], UserHandle{0} Capabilities: CallProvider MultiUser PlaceEmerg SimSub  Audio Routes: BESW Schemes: tel voicemail  Extras: null GroupId: [****]] with handle: ComponentInfo{com.android.phone/com.android.services.telephony.TelephonyConnectionService}, [****], UserHandle{0}
04-11 23:03:32.076  1884  1884 I TelecomFramework: PstnIncomingCallNotifier: Registering: Handler (com.android.internal.telephony.GsmCdmaPhone) {e6a5f0a}
04-11 23:03:32.168  1798  1798 I StatusBar: isKeyguardShowing() called before startKeyguard(), returning true
04-11 23:03:32.169  1798  1798 W StatusBar: isKeyguardSecure() called before startKeyguard(), returning false
04-11 23:03:32.169  1798  1798 W StatusBar: java.lang.Throwable
04-11 23:03:32.169  1798  1798 W StatusBar: 	at com.android.systemui.statusbar.phone.StatusBar.isKeyguardSecure(StatusBar.java:7003)
04-11 23:03:32.169  1798  1798 W StatusBar: 	at com.android.systemui.statusbar.phone.StatusBar.isCameraAllowedByAdmin(StatusBar.java:5045)
04-11 23:03:32.169  1798  1798 W StatusBar: 	at com.android.systemui.statusbar.phone.KeyguardBottomAreaView$DefaultRightButton.getIcon(KeyguardBottomAreaView.java:850)
04-11 23:03:32.169  1798  1798 W StatusBar: 	at com.android.systemui.statusbar.phone.KeyguardBottomAreaView.updateCameraVisibility(KeyguardBottomAreaView.java:371)
04-11 23:03:32.169  1798  1798 W StatusBar: 	at com.android.systemui.statusbar.phone.KeyguardBottomAreaView.setUserSetupComplete(KeyguardBottomAreaView.java:349)
04-11 23:03:32.169  1798  1798 W StatusBar: 	at com.android.systemui.statusbar.phone.StatusBar$1.onUserSetupChanged(StatusBar.java:503)
04-11 23:03:32.169  1798  1798 W StatusBar: 	at com.android.systemui.statusbar.policy.DeviceProvisionedControllerImpl.addCallback(DeviceProvisionedControllerImpl.java:69)
04-11 23:03:32.169  1798  1798 W StatusBar: 	at com.android.systemui.statusbar.policy.DeviceProvisionedControllerImpl.addCallback(DeviceProvisionedControllerImpl.java:63)
04-11 23:03:32.169  1798  1798 W StatusBar: 	at com.android.systemui.statusbar.phone.StatusBar.makeStatusBarView(StatusBar.java:1212)
04-11 23:03:32.169  1798  1798 W StatusBar: 	at com.android.systemui.statusbar.phone.StatusBar.addStatusBarWindow(StatusBar.java:3473)
04-11 23:03:32.169  1798  1798 W StatusBar: 	at com.android.systemui.statusbar.phone.StatusBar.createAndAddWindows(StatusBar.java:3469)
04-11 23:03:32.169  1798  1798 W StatusBar: 	at com.android.systemui.statusbar.phone.StatusBar.start(StatusBar.java:839)
04-11 23:03:32.169  1798  1798 W StatusBar: 	at com.android.systemui.SystemBars.createStatusBarFromConfig(SystemBars.java:71)
04-11 23:03:32.169  1798  1798 W StatusBar: 	at com.android.systemui.SystemBars.start(SystemBars.java:42)
04-11 23:03:32.169  1798  1798 W StatusBar: 	at com.android.systemui.SystemUIApplication.startServicesIfNeeded(SystemUIApplication.java:208)
04-11 23:03:32.169  1798  1798 W StatusBar: 	at com.android.systemui.SystemUIApplication.startServicesIfNeeded(SystemUIApplication.java:163)
04-11 23:03:32.169  1798  1798 W StatusBar: 	at com.android.systemui.SystemUIService.onCreate(SystemUIService.java:33)
04-11 23:03:32.169  1798  1798 W StatusBar: 	at android.app.ActivityThread.handleCreateService(ActivityThread.java:3404)
04-11 23:03:32.169  1798  1798 W StatusBar: 	at android.app.ActivityThread.-wrap4(Unknown Source:0)
04-11 23:03:32.169  1798  1798 W StatusBar: 	at android.app.ActivityThread$H.handleMessage(ActivityThread.java:1683)
04-11 23:03:32.169  1798  1798 W StatusBar: 	at android.os.Handler.dispatchMessage(Handler.java:105)
04-11 23:03:32.169  1798  1798 W StatusBar: 	at android.os.Looper.loop(Looper.java:164)
04-11 23:03:32.169  1798  1798 W StatusBar: 	at android.app.ActivityThread.main(ActivityThread.java:6541)
04-11 23:03:32.169  1798  1798 W StatusBar: 	at java.lang.reflect.Method.invoke(Native Method)
04-11 23:03:32.169  1798  1798 W StatusBar: 	at com.android.internal.os.Zygote$MethodAndArgsCaller.run(Zygote.java:240)
04-11 23:03:32.169  1798  1798 W StatusBar: 	at com.android.internal.os.ZygoteInit.main(ZygoteInit.java:767)
04-11 23:03:32.171  1884  1884 D MccTable: updateMccMncConfiguration mccmnc='310260' fromServiceState=false
04-11 23:03:32.179  1884  1884 D MccTable: updateMccMncConfiguration defaultMccMnc=310260
04-11 23:03:32.179  1884  1884 D MccTable: updateMccMncConfiguration: mcc=310, mnc=260
04-11 23:03:32.179  1884  1884 D MccTable: updateMccMncConfiguration updateConfig config={0.0 310mcc260mnc ?localeList ?layoutDir ?swdp ?wdp ?hdp ?density ?lsize ?long ?ldr ?wideColorGamut ?orien ?uimode ?night ?touch ?keyb/?/? ?nav/?}
04-11 23:03:32.331  1676  1694 I ActivityManager: Start proc 2090:com.android.cellbroadcastreceiver/u0a5 for broadcast com.android.cellbroadcastreceiver/.CellBroadcastReceiver
04-11 23:03:32.448  1798  2031 E ActivityThread: Failed to find provider info for com.android.contacts
04-11 23:03:32.588  1676  1686 E PowerManagerService: Failed to read last_reboot_reason file
04-11 23:03:32.588  1676  1686 E PowerManagerService: java.io.FileNotFoundException: /data/misc/reboot/last_reboot_reason (No such file or directory)
04-11 23:03:32.588  1676  1686 E PowerManagerService: 	at java.io.FileInputStream.open0(Native Method)
04-11 23:03:32.588  1676  1686 E PowerManagerService: 	at java.io.FileInputStream.open(FileInputStream.java:200)
04-11 23:03:32.588  1676  1686 E PowerManagerService: 	at java.io.FileInputStream.<init>(FileInputStream.java:150)
04-11 23:03:32.588  1676  1686 E PowerManagerService: 	at java.io.FileReader.<init>(FileReader.java:72)
04-11 23:03:32.588  1676  1686 E PowerManagerService: 	at com.android.server.power.PowerManagerService.getLastShutdownReasonInternal(PowerManagerService.java:4612)
04-11 23:03:32.588  1676  1686 E PowerManagerService: 	at com.android.server.power.PowerManagerService$BinderService.getLastShutdownReason(PowerManagerService.java:4376)
04-11 23:03:32.588  1676  1686 E PowerManagerService: 	at android.os.IPowerManager$Stub.onTransact(IPowerManager.java:302)
04-11 23:03:32.588  1676  1686 E PowerManagerService: 	at android.os.Binder.execTransact(Binder.java:674)
04-11 23:03:32.710  1884  1884 D MccTable: updateMccMncConfiguration mccmnc='310260' fromServiceState=false
04-11 23:03:32.715  1884  1884 D MccTable: updateMccMncConfiguration defaultMccMnc=310260
04-11 23:03:32.715  1884  1884 D MccTable: updateMccMncConfiguration: mcc=310, mnc=260
04-11 23:03:32.715  1884  1884 D MccTable: updateMccMncConfiguration updateConfig config={0.0 310mcc260mnc ?localeList ?layoutDir ?swdp ?wdp ?hdp ?density ?lsize ?long ?ldr ?wideColorGamut ?orien ?uimode ?night ?touch ?keyb/?/? ?nav/?}
04-11 23:03:32.855  1676  1676 D AccessibilityManagerService: Ignoring non-encryption-aware service ComponentInfo{com.example.android.apis/com.example.android.apis.accessibility.ClockBackService}
04-11 23:03:32.855  1676  1676 D AccessibilityManagerService: Ignoring non-encryption-aware service ComponentInfo{com.example.android.apis/com.example.android.apis.accessibility.MagnificationService}
04-11 23:03:32.855  1676  1676 D AccessibilityManagerService: Ignoring non-encryption-aware service ComponentInfo{com.example.android.apis/com.example.android.apis.accessibility.TaskBackService}
04-11 23:03:32.973  1884  1884 I TelecomFramework: PstnPhoneCapabilitiesNotifier: handleVideoCapabilitesChanged. Video capability - false
04-11 23:03:33.040  1676  1817 I Telecom : PhoneAccountRegistrar: Modify account: [ComponentInfo{com.android.phone/com.android.services.telephony.TelephonyConnectionService}, [****], UserHandle{0}]: TSI.rPA@AA4
04-11 23:03:33.075  1884  1884 I TelecomFramework: PstnIncomingCallNotifier: Unregistering: Handler (com.android.internal.telephony.GsmCdmaPhone) {e6a5f0a}
04-11 23:03:33.156  1676  1817 I Telecom : PhoneAccountRegistrar: New phone account registered: [[ ] PhoneAccount: ComponentInfo{com.android.phone/com.android.services.telephony.TelephonyConnectionService}, [****], UserHandle{0} Capabilities: CallProvider MultiUser PlaceEmerg SimSub  Audio Routes: BESW Schemes: tel voicemail  Extras: null GroupId: [****]]: TSI.rPA@AA8
04-11 23:03:33.174  1676  1817 I Telecom : CallsManager: Sending phone-account ComponentInfo{com.android.phone/com.android.services.telephony.TelephonyConnectionService}, [****], UserHandle{0} registered intent as user: TSI.rPA@AA8
04-11 23:03:33.178  1676  1817 I Telecom : CallsManager: Sending phone-account registered intent to default dialer: TSI.rPA@AA8
04-11 23:03:33.181  1884  1884 I TelecomFramework: AccountEntry: Registered phoneAccount: [[ ] PhoneAccount: ComponentInfo{com.android.phone/com.android.services.telephony.TelephonyConnectionService}, [****], UserHandle{0} Capabilities: CallProvider MultiUser PlaceEmerg SimSub  Audio Routes: BESW Schemes: tel voicemail  Extras: null GroupId: [****]] with handle: ComponentInfo{com.android.phone/com.android.services.telephony.TelephonyConnectionService}, [****], UserHandle{0}
04-11 23:03:33.182  1884  1884 I TelecomFramework: PstnIncomingCallNotifier: Registering: Handler (com.android.internal.telephony.GsmCdmaPhone) {e6a5f0a}
04-11 23:03:33.199  1884  1884 I TelecomFramework: TelecomAccountRegistry: Unregistering phone account ComponentInfo{com.android.phone/com.android.services.telephony.TelephonyConnectionService}, [****], UserHandle{0}.
04-11 23:03:33.208  1676  1916 I Telecom : CallsManager: Sending phone-account ComponentInfo{com.android.phone/com.android.services.telephony.TelephonyConnectionService}, [****], UserHandle{0} unregistered intent as user: TSI.uPA@ABE
04-11 23:03:33.208  1676  1916 I Telecom : CallsManager: Sending phone-account unregistered intent to default dialer: TSI.uPA@ABE
04-11 23:03:33.779  1676  1695 W WindowManager: Keyguard drawn timeout. Setting mKeyguardDrawComplete
04-11 23:03:34.342  1884  1884 I TelecomFramework: PstnIncomingCallNotifier: Unregistering: Handler (com.android.internal.telephony.GsmCdmaPhone) {e6a5f0a}
04-11 23:03:34.454  1676  1904 I Telecom : PhoneAccountRegistrar: Modify account: [ComponentInfo{com.android.phone/com.android.services.telephony.TelephonyConnectionService}, [****], UserHandle{0}]: TSI.rPA@ABM
04-11 23:03:34.469  1884  1884 I TelecomFramework: AccountEntry: Registered phoneAccount: [[ ] PhoneAccount: ComponentInfo{com.android.phone/com.android.services.telephony.TelephonyConnectionService}, [****], UserHandle{0} Capabilities: CallProvider MultiUser PlaceEmerg SimSub  Audio Routes: BESW Schemes: tel voicemail  Extras: null GroupId: [****]] with handle: ComponentInfo{com.android.phone/com.android.services.telephony.TelephonyConnectionService}, [****], UserHandle{0}
04-11 23:03:34.477  1884  1884 I TelecomFramework: PstnIncomingCallNotifier: Registering: Handler (com.android.internal.telephony.GsmCdmaPhone) {e6a5f0a}
04-11 23:03:34.530  1884  1884 I TelecomFramework: PstnIncomingCallNotifier: Unregistering: Handler (com.android.internal.telephony.GsmCdmaPhone) {e6a5f0a}
04-11 23:03:34.596  1676  1817 I Telecom : PhoneAccountRegistrar: Modify account: [ComponentInfo{com.android.phone/com.android.services.telephony.TelephonyConnectionService}, [****], UserHandle{0}]: TSI.rPA@ABY
04-11 23:03:34.600  1884  1884 I TelecomFramework: AccountEntry: Registered phoneAccount: [[ ] PhoneAccount: ComponentInfo{com.android.phone/com.android.services.telephony.TelephonyConnectionService}, [****], UserHandle{0} Capabilities: CallProvider MultiUser PlaceEmerg SimSub  Audio Routes: BESW Schemes: tel voicemail  Extras: null GroupId: [****]] with handle: ComponentInfo{com.android.phone/com.android.services.telephony.TelephonyConnectionService}, [****], UserHandle{0}
04-11 23:03:34.601  1884  1884 I TelecomFramework: PstnIncomingCallNotifier: Registering: Handler (com.android.internal.telephony.GsmCdmaPhone) {e6a5f0a}
04-11 23:03:34.789  1884  1884 I TelecomFramework: PstnPhoneCapabilitiesNotifier: handleVideoCapabilitesChanged. Video capability - false
04-11 23:03:34.804  1798  2033 E ActivityThread: Failed to find provider info for com.android.contacts
04-11 23:03:34.952  1884  1884 I TelecomFramework: PstnIncomingCallNotifier: Unregistering: Handler (com.android.internal.telephony.GsmCdmaPhone) {e6a5f0a}
04-11 23:03:34.995  1676  1918 I Telecom : PhoneAccountRegistrar: Modify account: [ComponentInfo{com.android.phone/com.android.services.telephony.TelephonyConnectionService}, [****], UserHandle{0}]: TSI.rPA@ABk
04-11 23:03:35.000  1884  1884 I TelecomFramework: AccountEntry: Registered phoneAccount: [[ ] PhoneAccount: ComponentInfo{com.android.phone/com.android.services.telephony.TelephonyConnectionService}, [****], UserHandle{0} Capabilities: CallProvider MultiUser PlaceEmerg SimSub  Audio Routes: BESW Schemes: tel voicemail  Extras: null GroupId: [****]] with handle: ComponentInfo{com.android.phone/com.android.services.telephony.TelephonyConnectionService}, [****], UserHandle{0}
04-11 23:03:35.003  1884  1884 I TelecomFramework: PstnIncomingCallNotifier: Registering: Handler (com.android.internal.telephony.GsmCdmaPhone) {e6a5f0a}
04-11 23:03:35.045  1676  1916 W LocalDisplayAdapter: Unable to find color mode 0, ignoring request.
04-11 23:03:35.092  1676  1734 W LocalDisplayAdapter: Unable to find color mode 0, ignoring request.
04-11 23:03:35.095  1676  1762 D WifiService: New client listening to asynchronous messages
04-11 23:03:35.147  1884  1884 I TelecomFramework: PstnIncomingCallNotifier: Unregistering: Handler (com.android.internal.telephony.GsmCdmaPhone) {e6a5f0a}
04-11 23:03:35.191  1676  1904 I Telecom : PhoneAccountRegistrar: Modify account: [ComponentInfo{com.android.phone/com.android.services.telephony.TelephonyConnectionService}, [****], UserHandle{0}]: TSI.rPA@ABw
04-11 23:03:35.201  1884  1884 I TelecomFramework: AccountEntry: Registered phoneAccount: [[ ] PhoneAccount: ComponentInfo{com.android.phone/com.android.services.telephony.TelephonyConnectionService}, [****], UserHandle{0} Capabilities: CallProvider MultiUser PlaceEmerg SimSub  Audio Routes: BESW Schemes: tel voicemail  Extras: null GroupId: [****]] with handle: ComponentInfo{com.android.phone/com.android.services.telephony.TelephonyConnectionService}, [****], UserHandle{0}
04-11 23:03:35.201  1884  1884 I TelecomFramework: PstnIncomingCallNotifier: Registering: Handler (com.android.internal.telephony.GsmCdmaPhone) {e6a5f0a}
04-11 23:03:35.255  1884  1884 I TelecomFramework: PstnPhoneCapabilitiesNotifier: handleVideoCapabilitesChanged. Video capability - false
04-11 23:03:35.256  1884  1884 I TelecomFramework: PstnPhoneCapabilitiesNotifier: handleVideoCapabilitesChanged. Video capability - false
04-11 23:03:35.267  1676  1694 I ActivityManager: Start proc 2121:com.google.android.dialer/u0a17 for broadcast com.google.android.dialer/com.android.dialer.app.voicemail.LegacyVoicemailNotificationReceiver
04-11 23:03:35.286  1884  1884 I TelecomFramework: PstnPhoneCapabilitiesNotifier: handleVideoCapabilitesChanged. Video capability - false
04-11 23:03:35.286  1884  1884 I TelecomFramework: PstnPhoneCapabilitiesNotifier: handleVideoCapabilitesChanged. Video capability - false
04-11 23:03:35.290  1676  1676 I Telecom : PhoneAccountRegistrar: SimCallManager queried, returning: null: TSI.gSCMFU@ACE
04-11 23:03:35.351  1676  1916 I Telecom : PhoneAccountRegistrar: Modify account: [ComponentInfo{com.android.phone/com.android.services.telephony.TelephonyConnectionService}, [****], UserHandle{0}]: TSI.rPA@ACI
04-11 23:03:35.544  1676  1686 D ConnectivityService: registerNetworkAgent NetworkAgentInfo{ ni{[type: MOBILE[LTE], state: CONNECTED/CONNECTED, reason: connected, extra: epc.tmobile.com, failover: false, available: true, roaming: false, metered: true]}  network{100}  nethandle{429513165534}  lp{{InterfaceName: radio0 LinkAddresses: [192.168.200.2/32,]  Routes: [0.0.0.0/0 -> 192.168.200.1 radio0,] DnsAddresses: [10.0.2.3,] Domains: null MTU: 1500 TcpBufferSizes: 524288,1048576,2097152,262144,524288,1048576}}  nc{[ Transports: CELLULAR Capabilities: MMS&SUPL&FOTA&IMS&CBS&IA&INTERNET&NOT_RESTRICTED&TRUSTED&NOT_VPN LinkUpBandwidth>=51200Kbps LinkDnBandwidth>=102400Kbps Specifier: <1>]}  Score{10}  everValidated{false}  lastValidated{false}  created{false} lingering{false} explicitlySelected{false} acceptUnvalidated{false} everCaptivePortalDetected{false} lastCaptivePortalDetected{false} }
04-11 23:03:35.547  1676  1769 D ConnectivityService: NetworkAgentInfo [MOBILE (LTE) - 100] EVENT_NETWORK_INFO_CHANGED, going from null to CONNECTED
04-11 23:03:35.548  1676  1769 D ConnectivityService: Adding iface radio0 to network 100
04-11 23:03:35.561  1676  1769 D ConnectivityService: Setting DNS servers for network 100 to [/10.0.2.3]
04-11 23:03:35.661  1676  1769 D ConnectivityService: Switching to new default network: NetworkAgentInfo{ ni{[type: MOBILE[LTE], state: CONNECTED/CONNECTED, reason: connected, extra: epc.tmobile.com, failover: false, available: true, roaming: false, metered: true]}  network{100}  nethandle{429513165534}  lp{{InterfaceName: radio0 LinkAddresses: [192.168.200.2/32,]  Routes: [0.0.0.0/0 -> 192.168.200.1 radio0,] DnsAddresses: [10.0.2.3,] Domains: null MTU: 1500 TcpBufferSizes: 524288,1048576,2097152,262144,524288,1048576}}  nc{[ Transports: CELLULAR Capabilities: MMS&SUPL&FOTA&IMS&CBS&IA&INTERNET&NOT_RESTRICTED&TRUSTED&NOT_VPN&FOREGROUND LinkUpBandwidth>=51200Kbps LinkDnBandwidth>=102400Kbps Specifier: <1>]}  Score{10}  everValidated{false}  lastValidated{false}  created{true} lingering{false} explicitlySelected{false} acceptUnvalidated{false} everCaptivePortalDetected{false} lastCaptivePortalDetected{false} }
04-11 23:03:35.664  2121  2121 E ActivityThread: Failed to find provider info for com.google.android.gsf.gservices
04-11 23:03:35.683  2121  2121 E ActivityThread: Failed to find provider info for com.google.android.gsf.gservices
04-11 23:03:35.774  1676  1916 W ActivityManager: Unable to start service Intent { act=com.google.android.gms.clearcut.service.START pkg=com.google.android.gms } U=0: not found
04-11 23:03:35.777  1676  1687 W ActivityManager: Unbind failed: could not find connection for android.os.BinderProxy@4e23aee
04-11 23:03:35.789  1676  1703 W WindowManager: Window freeze timeout expired.
04-11 23:03:35.789  1676  1703 W WindowManager: Force clearing orientation change: Window{c00861e u0 NavigationBar}
04-11 23:03:35.789  1676  1703 W WindowManager: Force clearing orientation change: Window{b91cb94 u0 StatusBar}
04-11 23:03:35.789  1676  1703 W WindowManager: Force clearing orientation change: Window{71d0c90 u0 com.android.systemui.ImageWallpaper}
04-11 23:03:35.791  1676  1817 W ActivityManager: Unable to start service Intent { act=com.google.android.gms.phenotype.service.START pkg=com.google.android.gms } U=0: not found
04-11 23:03:35.792  1676  1916 W ActivityManager: Unbind failed: could not find connection for android.os.BinderProxy@23506f3
04-11 23:03:35.895  1676  1769 D ConnectivityService: Sending CONNECTED broadcast for type 0 NetworkAgentInfo [MOBILE (LTE) - 100] isDefaultNetwork=true
04-11 23:03:36.097  1676  1769 D ConnectivityService: NetworkAgentInfo [MOBILE (LTE) - 100] validation passed
04-11 23:03:36.507  1676  1916 I ActivityManager: user 0 is still locked. Cannot load recents
04-11 23:03:36.843  1676  1760 E NetdConnector: NDC Command {32 bandwidth setiquota radio0 9223372036854775807} took too long (708ms)
04-11 23:03:37.230  1676  1703 I WindowManager: ******* TELLING SURFACE FLINGER WE ARE BOOTED!
04-11 23:03:37.315  1676  1703 I SystemServiceManager: Starting phase 1000
04-11 23:03:37.334  1676  1703 D ActivityManager: Finishing user boot 0
04-11 23:03:37.334  1676  1703 I ActivityManager: User 0 state changed from BOOTING to RUNNING_LOCKED
04-11 23:03:37.359  1676  1703 I ActivityManager: User 0 state changed from RUNNING_LOCKED to RUNNING_UNLOCKING
04-11 23:03:37.359  1676  1703 D CryptdConnector: SND -> {3 cryptfs prepare_user_storage ! 0 0 2}
04-11 23:03:37.360  1372  1376 D vold    : e4crypt_prepare_user_storage for volume null, user 0, serial 0, flags 2
04-11 23:03:37.361  1372  1376 D vold    : Preparing: /data/system_ce/0
04-11 23:03:37.362  1372  1376 D vold    : Preparing: /data/misc_ce/0
04-11 23:03:37.362  1372  1376 D vold    : Preparing: /data/media/0
04-11 23:03:37.362  1372  1376 D vold    : Preparing: /data/data
04-11 23:03:37.362  1676  1755 D CryptdConnector: RCV <- {200 3 Command succeeded}
04-11 23:03:37.364  1676  1703 V UserDataPreparer: Found /data/user/0 with serial number 0
04-11 23:03:37.364  1676  1703 V UserDataPreparer: Found /data/system_ce/0 with serial number 0
04-11 23:03:37.389  1676  1703 V PackageManager: reconcileAppsData for null u0 0x2 migrateAppData=false
04-11 23:03:37.787  1676  1703 V PackageManager: reconcileAppsData finished 104 packages
04-11 23:03:37.790  1676  1694 I SystemServiceManager: Calling onUnlockUser u0
04-11 23:03:37.796  1676  1694 D StorageManagerService: onUnlockUser 0
04-11 23:03:37.796  1676  1694 D VoldConnector: SND -> {8 volume user_started 0}
04-11 23:03:37.800  1372  1375 D vold    : Linking /storage/emulated/0 to /mnt/user/0/primary
04-11 23:03:37.802  1676  1754 D VoldConnector: RCV <- {200 8 Command succeeded}
04-11 23:03:37.809  1676  1753 D StorageManagerService: Volume emulated broadcasting mounted to UserHandle{0}
04-11 23:03:37.877  1676  1694 V BackupManagerService: No ancestral data
04-11 23:03:37.887  1676  1769 D ConnectivityService: Got NetworkFactory Messenger for WIFI
04-11 23:03:37.888  1676  1769 D ConnectivityService: Got NetworkFactory Messenger for WIFI_UT
04-11 23:03:37.946  1676  1916 W ActivityManager: Slow operation: 70ms so far, now at startProcess: returned from zygote!
04-11 23:03:37.947  1676  1916 W ActivityManager: Slow operation: 71ms so far, now at startProcess: done updating battery stats
04-11 23:03:37.948  1676  1916 W ActivityManager: Slow operation: 72ms so far, now at startProcess: building log message
04-11 23:03:37.948  1676  1916 I ActivityManager: Start proc 2200:android.process.media/u0a8 for broadcast com.android.providers.downloads/.DownloadReceiver
04-11 23:03:37.948  1676  1916 W ActivityManager: Slow operation: 72ms so far, now at startProcess: starting to update pids map
04-11 23:03:37.948  1676  1916 W ActivityManager: Slow operation: 72ms so far, now at startProcess: done updating pids map
04-11 23:03:37.948  1676  1916 W ActivityManager: Slow operation: 73ms so far, now at startProcess: done starting proc!
04-11 23:03:37.955  1676  1694 V BackupManagerService: Starting with transport com.google.android.gms/.backup.BackupTransportService
04-11 23:03:37.965  1676  1694 D BackupTransportManager: Binding to transport: android/com.android.internal.backup.LocalTransportService
04-11 23:03:37.967  1676  1694 D BackupTransportManager: Binding to transport: com.google.android.gms/.backup.BackupTransportService
04-11 23:03:38.046  1676  1694 W ActivityManager: Slow operation: 65ms so far, now at startProcess: building args
04-11 23:03:38.046  1676  1694 W ActivityManager: Slow operation: 65ms so far, now at startProcess: asking zygote to start proc
04-11 23:03:38.167  1676  1694 W ActivityManager: Slow operation: 185ms so far, now at startProcess: returned from zygote!
04-11 23:03:38.167  1676  1694 W ActivityManager: Slow operation: 185ms so far, now at startProcess: done updating battery stats
04-11 23:03:38.167  1676  1694 W ActivityManager: Slow operation: 186ms so far, now at startProcess: building log message
04-11 23:03:38.167  1676  1694 I ActivityManager: Start proc 2220:com.google.android.gms.persistent/u0a13 for service com.google.android.gms/.backup.BackupTransportService
04-11 23:03:38.167  1676  1694 W ActivityManager: Slow operation: 186ms so far, now at startProcess: starting to update pids map
04-11 23:03:38.167  1676  1694 W ActivityManager: Slow operation: 186ms so far, now at startProcess: done updating pids map
04-11 23:03:38.167  1676  1694 W ActivityManager: Slow operation: 200ms so far, now at startProcess: done starting proc!
04-11 23:03:38.170  1676  1694 D BackupTransportManager: Binding to transport: com.google.android.gms/.backup.component.D2dTransportService
04-11 23:03:38.196  1676  1695 W Looper  : Dispatch took 215ms on android.ui, h=Handler (com.android.server.am.ActivityManagerService$UiHandler) {bc82e4d} cb=null msg=53
04-11 23:03:38.215  1676  1694 I BackupManagerService: Backup enabled => false
04-11 23:03:38.329  1676  1694 W SystemServiceManager: Service com.android.server.backup.BackupManagerService$Lifecycle took 499 ms in onUnlockUser 
04-11 23:03:38.332  1676  2197 V KeyValueBackupJob: Scheduling k/v pass in 249 minutes
04-11 23:03:38.753  1676  1676 W ActivityManager: Slow operation: 198ms so far, now at startProcess: returned from zygote!
04-11 23:03:38.753  1676  1676 W ActivityManager: Slow operation: 198ms so far, now at startProcess: done updating battery stats
04-11 23:03:38.754  1676  1676 W ActivityManager: Slow operation: 198ms so far, now at startProcess: building log message
04-11 23:03:38.754  1676  1676 I ActivityManager: Start proc 2237:com.google.android.apps.maps/u0a60 for service com.google.android.apps.maps/com.google.android.apps.gmm.offline.OfflineAutoUpdateJobService
04-11 23:03:38.754  1676  1676 W ActivityManager: Slow operation: 198ms so far, now at startProcess: starting to update pids map
04-11 23:03:38.754  1676  1676 W ActivityManager: Slow operation: 198ms so far, now at startProcess: done updating pids map
