04-11 23:04:33.812  2987  2987 E ActivityThread: 	at android.app.ActivityThread$H.handleMessage(ActivityThread.java:1683)
04-11 23:04:33.812  2987  2987 E ActivityThread: 	at android.os.Handler.dispatchMessage(Handler.java:105)
04-11 23:04:33.812  2987  2987 E ActivityThread: 	at android.os.Looper.loop(Looper.java:164)
04-11 23:04:33.812  2987  2987 E ActivityThread: 	at android.app.ActivityThread.main(ActivityThread.java:6541)
04-11 23:04:33.812  2987  2987 E ActivityThread: 	at java.lang.reflect.Method.invoke(Native Method)
04-11 23:04:33.812  2987  2987 E ActivityThread: 	at com.android.internal.os.Zygote$MethodAndArgsCaller.run(Zygote.java:240)
04-11 23:04:33.812  2987  2987 E ActivityThread: 	at com.android.internal.os.ZygoteInit.main(ZygoteInit.java:767)
04-11 23:04:33.812  2987  2987 E ActivityThread: Service com.google.android.rcs.service.service.JibeService has leaked IntentReceiver com.google.android.ims.network.e@ae84b9b that was originally registered here. Are you missing a call to unregisterReceiver()?
04-11 23:04:33.812  2987  2987 E ActivityThread: android.app.IntentReceiverLeaked: Service com.google.android.rcs.service.service.JibeService has leaked IntentReceiver com.google.android.ims.network.e@ae84b9b that was originally registered here. Are you missing a call to unregisterReceiver()?
04-11 23:04:33.812  2987  2987 E ActivityThread: 	at android.app.LoadedApk$ReceiverDispatcher.<init>(LoadedApk.java:1333)
04-11 23:04:33.812  2987  2987 E ActivityThread: 	at android.app.LoadedApk.getReceiverDispatcher(LoadedApk.java:1114)
04-11 23:04:33.812  2987  2987 E ActivityThread: 	at android.app.ContextImpl.registerReceiverInternal(ContextImpl.java:1405)
04-11 23:04:33.812  2987  2987 E ActivityThread: 	at android.app.ContextImpl.registerReceiver(ContextImpl.java:1378)
04-11 23:04:33.812  2987  2987 E ActivityThread: 	at android.app.ContextImpl.registerReceiver(ContextImpl.java:1366)
04-11 23:04:33.812  2987  2987 E ActivityThread: 	at android.content.ContextWrapper.registerReceiver(ContextWrapper.java:603)
04-11 23:04:33.812  2987  2987 E ActivityThread: 	at com.google.android.ims.network.a.<init>(SourceFile:48)
04-11 23:04:33.812  2987  2987 E ActivityThread: 	at com.google.android.ims.f.a.a(SourceFile:12)
04-11 23:04:33.812  2987  2987 E ActivityThread: 	at com.google.android.rcs.service.e.a(SourceFile:4)
04-11 23:04:33.812  2987  2987 E ActivityThread: 	at com.google.android.rcs.service.service.JibeService.d(SourceFile:145)
04-11 23:04:33.812  2987  2987 E ActivityThread: 	at com.google.android.rcs.service.service.JibeService.onCreate(SourceFile:91)
04-11 23:04:33.812  2987  2987 E ActivityThread: 	at android.app.ActivityThread.handleCreateService(ActivityThread.java:3404)
04-11 23:04:33.812  2987  2987 E ActivityThread: 	at android.app.ActivityThread.-wrap4(Unknown Source:0)
04-11 23:04:33.812  2987  2987 E ActivityThread: 	at android.app.ActivityThread$H.handleMessage(ActivityThread.java:1683)
04-11 23:04:33.812  2987  2987 E ActivityThread: 	at android.os.Handler.dispatchMessage(Handler.java:105)
04-11 23:04:33.812  2987  2987 E ActivityThread: 	at android.os.Looper.loop(Looper.java:164)
04-11 23:04:33.812  2987  2987 E ActivityThread: 	at android.app.ActivityThread.main(ActivityThread.java:6541)
04-11 23:04:33.812  2987  2987 E ActivityThread: 	at java.lang.reflect.Method.invoke(Native Method)
04-11 23:04:33.812  2987  2987 E ActivityThread: 	at com.android.internal.os.Zygote$MethodAndArgsCaller.run(Zygote.java:240)
04-11 23:04:33.812  2987  2987 E ActivityThread: 	at com.android.internal.os.ZygoteInit.main(ZygoteInit.java:767)
04-11 23:04:33.814  2987  2987 E ActivityThread: Service com.google.android.rcs.service.service.JibeService has leaked IntentReceiver com.google.android.apps.messaging.shared.util.a.e@be0664c that was originally registered here. Are you missing a call to unregisterReceiver()?
04-11 23:04:33.814  2987  2987 E ActivityThread: android.app.IntentReceiverLeaked: Service com.google.android.rcs.service.service.JibeService has leaked IntentReceiver com.google.android.apps.messaging.shared.util.a.e@be0664c that was originally registered here. Are you missing a call to unregisterReceiver()?
04-11 23:04:33.814  2987  2987 E ActivityThread: 	at android.app.LoadedApk$ReceiverDispatcher.<init>(LoadedApk.java:1333)
04-11 23:04:33.814  2987  2987 E ActivityThread: 	at android.app.LoadedApk.getReceiverDispatcher(LoadedApk.java:1114)
04-11 23:04:33.814  2987  2987 E ActivityThread: 	at android.app.ContextImpl.registerReceiverInternal(ContextImpl.java:1405)
04-11 23:04:33.814  2987  2987 E ActivityThread: 	at android.app.ContextImpl.registerReceiver(ContextImpl.java:1378)
04-11 23:04:33.814  2987  2987 E ActivityThread: 	at android.app.ContextImpl.registerReceiver(ContextImpl.java:1366)
04-11 23:04:33.814  2987  2987 E ActivityThread: 	at android.content.ContextWrapper.registerReceiver(ContextWrapper.java:603)
04-11 23:04:33.814  2987  2987 E ActivityThread: 	at com.google.android.apps.messaging.shared.util.a.c.<init>(SourceFile:9)
04-11 23:04:33.814  2987  2987 E ActivityThread: 	at com.google.android.ims.f.a.a(SourceFile:4)
04-11 23:04:33.814  2987  2987 E ActivityThread: 	at com.google.android.rcs.service.e.a(SourceFile:4)
04-11 23:04:33.814  2987  2987 E ActivityThread: 	at com.google.android.rcs.service.service.JibeService.d(SourceFile:145)
04-11 23:04:33.814  2987  2987 E ActivityThread: 	at com.google.android.rcs.service.service.JibeService.onCreate(SourceFile:91)
04-11 23:04:33.814  2987  2987 E ActivityThread: 	at android.app.ActivityThread.handleCreateService(ActivityThread.java:3404)
04-11 23:04:33.814  2987  2987 E ActivityThread: 	at android.app.ActivityThread.-wrap4(Unknown Source:0)
04-11 23:04:33.814  2987  2987 E ActivityThread: 	at android.app.ActivityThread$H.handleMessage(ActivityThread.java:1683)
04-11 23:04:33.814  2987  2987 E ActivityThread: 	at android.os.Handler.dispatchMessage(Handler.java:105)
04-11 23:04:33.814  2987  2987 E ActivityThread: 	at android.os.Looper.loop(Looper.java:164)
04-11 23:04:33.814  2987  2987 E ActivityThread: 	at android.app.ActivityThread.main(ActivityThread.java:6541)
04-11 23:04:33.814  2987  2987 E ActivityThread: 	at java.lang.reflect.Method.invoke(Native Method)
04-11 23:04:33.814  2987  2987 E ActivityThread: 	at com.android.internal.os.Zygote$MethodAndArgsCaller.run(Zygote.java:240)
04-11 23:04:33.814  2987  2987 E ActivityThread: 	at com.android.internal.os.ZygoteInit.main(ZygoteInit.java:767)
04-11 23:04:37.471  2260  2435 E ActivityThread: Failed to find provider info for com.google.android.apps.gsa.testing.ui.audio.recorded
04-11 23:04:38.054  1676  1697 E BatteryStatsService: modem info is invalid: ModemActivityInfo{ mTimestamp=0 mSleepTimeMs=0 mIdleTimeMs=0 mTxTimeMs[]=[0, 0, 0, 0, 0] mRxTimeMs=0 mEnergyUsed=0}
04-11 23:04:42.514  2260  2435 E ActivityThread: Failed to find provider info for com.google.android.apps.gsa.testing.ui.audio.recorded
04-11 23:04:45.936  1676  1694 I ActivityManager: Start proc 4330:com.google.android.apps.wallpaper/u0a73 for broadcast com.google.android.apps.wallpaper/.module.DailyLoggingAlarmReceiver
04-11 23:04:45.947  1676  1676 I ActivityManager: Start proc 4343:com.google.android.apps.messaging/u0a65 for service com.google.android.apps.messaging/.shared.datamodel.action.ActionJobService
04-11 23:04:46.034  1676  1918 D CryptdConnector: SND -> {11 cryptfs getpwtype}
04-11 23:04:46.035  1372  1376 D VoldCryptCmdListener: cryptfs getpwtype
04-11 23:04:46.036  1676  1755 D CryptdConnector: RCV <- {213 11 default}
04-11 23:04:46.132  1676  2335 D CryptdConnector: SND -> {12 cryptfs getpwtype}
04-11 23:04:46.132  1372  1376 D VoldCryptCmdListener: cryptfs getpwtype
04-11 23:04:46.133  1676  1755 D CryptdConnector: RCV <- {213 12 default}
04-11 23:04:46.142  1676  1817 D MmsServiceBroker: getCarrierConfigValues() by com.google.android.apps.messaging
04-11 23:04:46.167  1676  1817 D MmsServiceBroker: getCarrierConfigValues() by com.google.android.apps.messaging
04-11 23:04:46.229  1676  1687 D MmsServiceBroker: getCarrierConfigValues() by com.google.android.apps.messaging
04-11 23:04:46.412  1676  1916 I ActivityManager: Killing 3122:com.google.android.gm/u0a68 (adj 906): empty #17
04-11 23:04:47.539  2260  2435 E ActivityThread: Failed to find provider info for com.google.android.apps.gsa.testing.ui.audio.recorded
04-11 23:04:50.023  1676  2548 I ActivityManager: Start proc 4404:com.google.android.gms.ui/u0a13 for service com.google.android.gms/.chimera.UiIntentOperationService
04-11 23:04:52.573  2260  2435 E ActivityThread: Failed to find provider info for com.google.android.apps.gsa.testing.ui.audio.recorded
04-11 23:04:57.172  1676  1686 I ActivityManager: Killing 2567:com.google.android.partnersetup/u0a16 (adj 906): empty #17
04-11 23:04:57.602  2260  2435 E ActivityThread: Failed to find provider info for com.google.android.apps.gsa.testing.ui.audio.recorded
04-11 23:04:58.056  1676  1697 E BatteryStatsService: modem info is invalid: ModemActivityInfo{ mTimestamp=0 mSleepTimeMs=0 mIdleTimeMs=0 mTxTimeMs[]=[0, 0, 0, 0, 0] mRxTimeMs=0 mEnergyUsed=0}
04-11 23:05:02.633  2260  2435 E ActivityThread: Failed to find provider info for com.google.android.apps.gsa.testing.ui.audio.recorded
04-11 23:05:07.653  2260  2435 E ActivityThread: Failed to find provider info for com.google.android.apps.gsa.testing.ui.audio.recorded
04-11 23:05:10.043  1676  1745 W ActivityManager: Unable to start service Intent { act=com.google.android.gms.drive.ApiService.RESET_AFTER_BOOT flg=0x4 cmp=com.google.android.gms/.drive.api.ApiService (has extras) } U=0: not found
04-11 23:05:12.681  2260  2435 E ActivityThread: Failed to find provider info for com.google.android.apps.gsa.testing.ui.audio.recorded
04-11 23:05:14.913  1676  1916 I ActivityManager: Killing 3890:com.google.android.youtube/u0a78 (adj 906): empty #17
04-11 23:05:17.711  2260  2435 E ActivityThread: Failed to find provider info for com.google.android.apps.gsa.testing.ui.audio.recorded
04-11 23:05:18.058  1676  1697 E BatteryStatsService: modem info is invalid: ModemActivityInfo{ mTimestamp=0 mSleepTimeMs=0 mIdleTimeMs=0 mTxTimeMs[]=[0, 0, 0, 0, 0] mRxTimeMs=0 mEnergyUsed=0}
04-11 23:05:22.742  2260  2435 E ActivityThread: Failed to find provider info for com.google.android.apps.gsa.testing.ui.audio.recorded
04-11 23:05:37.818  2260  2435 I chatty  : uid=10030(u0_a30) identical 3 lines
04-11 23:05:42.845  2260  2435 E ActivityThread: Failed to find provider info for com.google.android.apps.gsa.testing.ui.audio.recorded
04-11 23:05:45.926  1676  1694 I ActivityManager: Killing 3313:com.google.android.videos/u0a72 (adj 906): empty #17
04-11 23:05:47.872  2260  2435 E ActivityThread: Failed to find provider info for com.google.android.apps.gsa.testing.ui.audio.recorded
04-11 23:05:52.896  2260  2435 I chatty  : uid=10030(u0_a30) identical 1 line
04-11 23:05:57.923  2260  2435 E ActivityThread: Failed to find provider info for com.google.android.apps.gsa.testing.ui.audio.recorded
04-11 23:05:59.756  1676  1697 E BatteryStatsService: modem info is invalid: ModemActivityInfo{ mTimestamp=0 mSleepTimeMs=0 mIdleTimeMs=0 mTxTimeMs[]=[0, 0, 0, 0, 0] mRxTimeMs=0 mEnergyUsed=0}
04-11 23:06:02.951  2260  2435 E ActivityThread: Failed to find provider info for com.google.android.apps.gsa.testing.ui.audio.recorded
04-11 23:06:18.027  2260  2435 I chatty  : uid=10030(u0_a30) identical 3 lines
04-11 23:06:23.052  2260  2435 E ActivityThread: Failed to find provider info for com.google.android.apps.gsa.testing.ui.audio.recorded
04-11 23:06:23.360  1676  2335 I ActivityManager: START u0 {act=android.intent.action.MAIN cat=[android.intent.category.LAUNCHER] flg=0x10200000 cmp=edu.washington.ktran29.activityspy/.MainActivity bnds=[24,568][230,846]} from uid 10020
04-11 23:06:23.382  1676  2617 I ActivityManager: Start proc 4558:edu.washington.ktran29.activityspy/u0a84 for activity edu.washington.ktran29.activityspy/.MainActivity
04-11 23:06:26.877  1676  1785 E TaskPersister: File error accessing recents directory (directory doesn't exist?).
04-11 23:07:03.575  1676  1697 E BatteryStatsService: modem info is invalid: ModemActivityInfo{ mTimestamp=0 mSleepTimeMs=0 mIdleTimeMs=0 mTxTimeMs[]=[0, 0, 0, 0, 0] mRxTimeMs=0 mEnergyUsed=0}
--------- beginning of main
04-11 23:08:03.733  2121  2121 I Dialer  : Task.createTask - create task:com.android.voicemail.impl.ActivationTask
04-11 23:08:03.734  2121  2121 I Dialer  : RetryPolicy - retry #4 for com.android.voicemail.impl.ActivationTask@b2dd496 queued, executing in 5000
04-11 23:08:03.734  2121  2121 I Dialer  : VvmTaskExecutor - com.android.voicemail.impl.ActivationTask@b2dd496 added
04-11 23:08:03.734  2121  2121 I Dialer  : VvmTaskExecutor - minimal wait time:5000
04-11 23:08:03.734  2121  2121 I Dialer  : VvmTaskExecutor - sleep for 5000 millis
04-11 23:08:03.746  2121  2126 I zygote  : Do partial code cache collection, code=24KB, data=19KB
04-11 23:08:03.747  2121  2126 I zygote  : After code cache collection, code=20KB, data=17KB
04-11 23:08:03.747  2121  2126 I zygote  : Increasing code cache capacity to 128KB
04-11 23:08:08.737  2121  3543 I Dialer  : VvmTaskExecutor - executing task com.android.voicemail.impl.ActivationTask@b2dd496
04-11 23:08:08.738  2121  3543 I Dialer  : PreOMigrationHandler - ComponentInfo{com.android.phone/com.android.services.telephony.TelephonyConnectionService}, [****], UserHandle{0} already migrated
04-11 23:08:08.760  2121  3543 I Dialer  : VvmActivationTask - VVM content provider configured - vvm_type_cvvm
04-11 23:08:08.761  2121  3543 I Dialer  : OmtpVvmCarrierCfgHlpr - OmtpEvent:CONFIG_ACTIVATING
04-11 23:08:08.772  2121  3543 I Dialer  : TelephonyMangerCompat.setVisualVoicemailSmsFilterSettings - using TelephonyManager
04-11 23:08:08.776  2121  3543 I Dialer  : TelephonyMangerCompat.sendVisualVoicemailSms - using TelephonyManager
04-11 23:08:12.930  1438  1438 I qemu-props: start adbd ...
04-11 23:08:23.371  2316  4550 I ClearcutLoggerApiImpl: disconnect managed GoogleApiClient
04-11 23:08:32.595  1676  1693 I chatty  : uid=1000(system) android.bg expire 10 lines
04-11 23:09:00.018  1425  1435 D hwcomposer: hw_composer sent 31 syncs in 103s
04-11 23:09:08.791  2121  3543 I Dialer  : OmtpVvmCarrierCfgHlpr - OmtpEvent:CONFIG_STATUS_SMS_TIME_OUT
04-11 23:09:08.791  2121  2121 I Dialer  : RetryPolicy - Retry limit for com.android.voicemail.impl.ActivationTask@b2dd496 reached
04-11 23:09:08.792  2121  2121 I Dialer  : RetryPolicy - committing deferred status: configuration_state=4
04-11 23:09:08.805  2121  2121 I Dialer  : VvmTaskExecutor - no more tasks, stopping service if no task are added in 5000 millis
04-11 23:09:12.931  1438  1438 I qemu-props: start adbd ...
04-11 23:09:13.810  2121  2121 I Dialer  : VvmTaskExecutor - Stopping service
04-11 23:09:13.810  2121  2121 I Dialer  : VvmTaskExecutor - finishing Job
04-11 23:09:13.810  2121  2121 I Dialer  : TaskSchedulerJobService - finishing job
04-11 23:09:13.812  2121  2121 I Dialer  : JobFinishedPoller.run - Job finished
04-11 23:09:13.812  2121  2121 I Dialer  : VvmTaskExecutor - terminated
04-11 23:09:15.731  4151  4178 I PlayCommon: [229] com.google.android.play.b.h.e(263): Preparing logs for uploading
04-11 23:09:15.731  4151  4178 I PlayCommon: [229] com.google.android.play.b.h.e(267): No file ready to send
04-11 23:09:17.127  4151  4151 I Finsky  : [2] com.google.android.finsky.installer.a.ag.a(1044): Installer kick - starting com.google.android.gms
04-11 23:09:17.151  4151  4652 I Finsky  : [285] com.google.android.finsky.f.l.a(25): File-by-file compatibility check finished, isCompatible=true
04-11 23:09:17.153  4151  4652 I Finsky  : [285] com.google.android.finsky.installer.a.n.doInBackground(146): File-by-File compatibility check result: true
04-11 23:09:17.153  4151  4151 I Finsky  : [2] com.google.android.finsky.installer.a.n.onPostExecute(35): Unauthenticated delivery for com.google.android.gms.
04-11 23:09:17.163  4151  4185 W GooglePlayServicesUtil: Google Play services out of date.  Requires 11910000 but found 11743470
04-11 23:09:17.163  4151  4185 E Finsky  : [236] com.google.android.finsky.deviceconfig.k.a(9): Unable to fetch checkin consistency token: GooglePlayServices is unavailable 2
04-11 23:09:17.351  4151  4151 I Finsky  : [2] com.google.android.finsky.installer.a.av.a(705): Required downloads: [com.google.android.gms]
04-11 23:09:17.352  4151  4199 I Finsky  : [250] com.google.android.finsky.cr.q.run(5): Session for com.google.android.gms already exists, skipping creation
04-11 23:09:17.448  4151  4655 I Finsky  : [287] com.google.android.finsky.installer.a.bh.a(32): Cannot patch com.google.android.gms (adid: com.google.android.gms , isid: r2e5PKijQFqqgWkYmKHhKw), bad hash, expect M0h0ZdvaN0WAsy73nmvTK0hEQ7Q actual -v_5Ft_WVKmT4VXJy08C4_du46I
04-11 23:09:17.450  4151  4151 I Finsky  : [2] com.google.android.finsky.installer.a.bg.onPostExecute(51): Downloading compressed for com.google.android.gms (adid: com.google.android.gms , isid: r2e5PKijQFqqgWkYmKHhKw)
04-11 23:09:17.452  4151  4151 I Finsky  : [2] com.google.android.finsky.download.e.a(50): Duplicate state set for 'com.google.android.gms' (0). Already in that state
04-11 23:09:17.452  4151  4151 I Finsky  : [2] com.google.android.finsky.download.n.a(27): Download com.google.android.gms added to DownloadQueue
04-11 23:09:17.453  4151  4151 I Finsky  : [2] com.google.android.finsky.download.e.a(51): com.google.android.gms from 0 to 1.
04-11 23:09:17.462  4151  4151 I Finsky  : [2] com.google.android.finsky.download.w.a(34): Download com.google.android.gms starting
04-11 23:09:17.480  4151  4151 I Finsky  : [2] com.google.android.finsky.download.u.onPostExecute(7): Enqueued com.google.android.gms as content://downloads/my_downloads/22
04-11 23:09:17.480  4151  4151 I Finsky  : [2] com.google.android.finsky.download.e.a(51): com.google.android.gms from 1 to 2.
04-11 23:09:17.481  4151  4151 I Finsky  : [2] com.google.android.finsky.download.n.a(115): com.google.android.gms: onProgress 0/-1 Status: 190 ID: 22.
04-11 23:09:17.481  4151  4151 I Finsky  : [2] com.google.android.finsky.download.n.g(154): com.google.android.gms: onStart
04-11 23:09:17.483  2200  4658 D DownloadManager: [22] Starting
04-11 23:09:17.491  2200  4658 D NetworkSecurityConfig: No Network Security Config specified, using platform default
04-11 23:09:17.494  4151  4224 I Finsky  : [260] com.google.android.finsky.splitinstallservice.be.run(7): No active session in storage.
04-11 23:09:17.494  4151  4224 I Finsky  : [260] com.google.android.finsky.splitinstallservice.be.run(7): No active session in storage.
04-11 23:09:17.503  4151  4151 I Finsky  : [2] com.google.android.finsky.download.n.a(115): com.google.android.gms: onProgress 0/-1 Status: 192 ID: 22.
04-11 23:09:17.507  4151  4224 I Finsky  : [260] com.google.android.finsky.splitinstallservice.be.run(7): No active session in storage.
04-11 23:09:25.702  4151  4224 I Finsky  : [260] com.google.android.finsky.splitinstallservice.be.run(7): No active session in storage.
04-11 23:09:27.680  4151  4224 I Finsky  : [260] com.google.android.finsky.splitinstallservice.be.run(7): No active session in storage.
04-11 23:09:29.671  4151  4224 I Finsky  : [260] com.google.android.finsky.splitinstallservice.be.run(7): No active session in storage.
04-11 23:09:30.086  2200  4658 D DownloadManager: [22] Finished with status SUCCESS
04-11 23:09:30.099  4151  4151 I Finsky  : [2] com.google.android.finsky.download.DownloadBroadcastReceiver.a(12): Intent received at DownloadBroadcastReceiver
04-11 23:09:30.099  4151  4151 I Finsky  : [2] com.google.android.finsky.download.n.a(115): com.google.android.gms: onProgress 42770950/42770950 Status: 200 ID: 22.
04-11 23:09:30.104  4151  4224 I Finsky  : [260] com.google.android.finsky.splitinstallservice.be.run(7): No active session in storage.
04-11 23:09:30.105  4151  4151 I Finsky  : [2] com.google.android.finsky.download.e.a(51): com.google.android.gms from 2 to 3.
04-11 23:09:30.105  4151  4151 I Finsky  : [2] com.google.android.finsky.download.n.e(143): com.google.android.gms: onComplete
04-11 23:09:30.105  4151  4151 I Finsky  : [2] com.google.android.finsky.download.n.i(89): Download com.google.android.gms removed from DownloadQueue
04-11 23:09:30.109  4151  4256 W GooglePlayServicesUtil: Google Play services out of date.  Requires 11910000 but found 11743470
04-11 23:09:30.112  4151  4151 I Finsky  : [2] com.google.android.finsky.installer.a.av.c(434): Prepare to copy com.google.android.gms (adid: com.google.android.gms , isid: r2e5PKijQFqqgWkYmKHhKw) from content://downloads/my_downloads/22 (expect 47882467 bytes, isCompressed: true)
04-11 23:09:30.112  4151  4151 I Finsky  : [2] com.google.android.finsky.f.e.a(2): APK integrity will be verified using [SHA-256] method
04-11 23:09:30.118  4151  4656 I Finsky  : [288] com.google.android.finsky.f.g.a(23): Decompressing com.google.android.gms (com.google.android.gms) format 2
04-11 23:09:30.882  4151  4656 I Finsky  : [288] com.google.android.finsky.f.g.a(58): com.google.android.gms (com.google.android.gms) (47882467 bytes) copied successfully in 756 ms
04-11 23:09:30.921  4151  4656 W com.google.common.io.i: IOException thrown while closing Closeable.
04-11 23:09:30.921  4151  4656 W com.google.common.io.i: java.io.IOException: write failed: EBADF (Bad file descriptor)
04-11 23:09:30.921  4151  4656 W com.google.common.io.i: 	at libcore.io.IoBridge.write(IoBridge.java:558)
04-11 23:09:30.921  4151  4656 W com.google.common.io.i: 	at android.os.FileBridge$FileBridgeOutputStream.writeCommandAndBlock(FileBridge.java:167)
04-11 23:09:30.921  4151  4656 W com.google.common.io.i: 	at android.os.FileBridge$FileBridgeOutputStream.close(FileBridge.java:154)
04-11 23:09:30.921  4151  4656 W com.google.common.io.i: 	at java.io.FilterOutputStream.close(FilterOutputStream.java:159)
04-11 23:09:30.921  4151  4656 W com.google.common.io.i: 	at com.google.common.io.i.a(SourceFile:4)
04-11 23:09:30.921  4151  4656 W com.google.common.io.i: 	at com.google.android.finsky.f.g.a(SourceFile:89)
04-11 23:09:30.921  4151  4656 W com.google.common.io.i: 	at com.google.android.finsky.f.g.doInBackground(SourceFile:126)
04-11 23:09:30.921  4151  4656 W com.google.common.io.i: 	at android.os.AsyncTask$2.call(AsyncTask.java:333)
04-11 23:09:30.921  4151  4656 W com.google.common.io.i: 	at java.util.concurrent.FutureTask.run(FutureTask.java:266)
04-11 23:09:30.921  4151  4656 W com.google.common.io.i: 	at java.util.concurrent.ThreadPoolExecutor.runWorker(ThreadPoolExecutor.java:1162)
04-11 23:09:30.921  4151  4656 W com.google.common.io.i: 	at java.util.concurrent.ThreadPoolExecutor$Worker.run(ThreadPoolExecutor.java:636)
04-11 23:09:30.921  4151  4656 W com.google.common.io.i: 	at java.lang.Thread.run(Thread.java:764)
04-11 23:09:30.921  4151  4656 W com.google.common.io.i: Caused by: android.system.ErrnoException: write failed: EBADF (Bad file descriptor)
04-11 23:09:30.921  4151  4656 W com.google.common.io.i: 	at libcore.io.Linux.writeBytes(Native Method)
04-11 23:09:30.921  4151  4656 W com.google.common.io.i: 	at libcore.io.Linux.write(Linux.java:286)
04-11 23:09:30.921  4151  4656 W com.google.common.io.i: 	at libcore.io.BlockGuardOs.write(BlockGuardOs.java:345)
04-11 23:09:30.921  4151  4656 W com.google.common.io.i: 	at libcore.io.IoBridge.write(IoBridge.java:553)
04-11 23:09:30.921  4151  4656 W com.google.common.io.i: 	... 11 more
04-11 23:09:30.926  4151  4151 I Finsky  : [2] com.google.android.finsky.installer.a.az.a(10): Successfully copied APK to update com.google.android.gms (adid: com.google.android.gms , isid: r2e5PKijQFqqgWkYmKHhKw)
04-11 23:09:30.933  2200  3990 V DownloadManager: Deleting /data/data/com.android.providers.downloads/cache/downloadfile-1.bin via provider delete
04-11 23:09:30.934  4151  4151 I Finsky  : [2] com.google.android.finsky.installer.a.av.c(545): Begin install of com.google.android.gms (isid: r2e5PKijQFqqgWkYmKHhKw)
04-11 23:09:30.941  4151  4224 I Finsky  : [260] com.google.android.finsky.splitinstallservice.be.run(7): No active session in storage.
04-11 23:09:31.330  4151  4151 I Finsky  : [2] com.google.android.finsky.verifier.impl.PackageVerificationReceiver.onReceive(12): Verification requested, id = 1
04-11 23:09:31.343  4151  4652 W GooglePlayServicesUtil: Google Play services out of date.  Requires 11910000 but found 11743470
04-11 23:09:31.343  4151  4652 E Finsky  : [285] com.google.android.finsky.verifier.impl.dg.a(165): GMSCore is missing, disabled or the version installed is older than the one required by this client
04-11 23:09:31.349  4151  4652 W GooglePlayServicesUtil: Google Play services out of date.  Requires 11910000 but found 11743470
04-11 23:09:31.349  4151  4652 E Finsky  : [285] com.google.android.finsky.verifier.impl.dg.a(165): GMSCore is missing, disabled or the version installed is older than the one required by this client
04-11 23:09:31.351  4151  4652 I Finsky  : [285] com.google.android.finsky.verifier.impl.cj.a(103): Skipping verification because own installation
04-11 23:09:31.351  4151  4652 I Finsky  : [285] com.google.android.finsky.verifier.impl.cj.a(119): Skipping anti malware verification due to pre-check failure
04-11 23:09:31.352  4151  4151 I Finsky  : [2] com.google.android.finsky.verifier.impl.ds.c(195): Verifying id=1, result=1
04-11 23:09:31.354  4151  4151 I Finsky  : [2] com.google.android.finsky.verifier.impl.ds.c(212): Verification complete: id=1, package_name=com.google.android.gms
04-11 23:09:31.406  4668  4668 W dex2oat : Unexpected CPU variant for X86 using defaults: x86
04-11 23:09:31.406  4668  4668 W dex2oat : Mismatch between dex2oat instruction set features (ISA: X86 Feature string: -ssse3,-sse4.1,-sse4.2,-avx,-avx2,-popcnt) and those of dex2oat executable (ISA: X86 Feature string: ssse3,-sse4.1,-sse4.2,-avx,-avx2,-popcnt) for the command line:
04-11 23:09:31.406  4668  4668 W dex2oat : /system/bin/dex2oat --zip-fd=8 --zip-location=base.apk --input-vdex-fd=-1 --output-vdex-fd=10 --oat-fd=9 --oat-location=/data/app/vmdl662421459.tmp/oat/x86/base.odex --instruction-set=x86 --instruction-set-variant=x86 --instruction-set-features=default --runtime-arg -Xms64m --runtime-arg -Xmx512m --compiler-filter=quicken --swap-fd=11 --runtime-arg -classpath --runtime-arg /system/framework/com.android.media.remotedisplay.jar:/system/framework/com.android.location.provider.jar --classpath-dir=/data/app/vmdl662421459.tmp
04-11 23:09:31.406  4668  4668 I dex2oat : /system/bin/dex2oat --input-vdex-fd=-1 --output-vdex-fd=10 --compiler-filter=quicken --classpath-dir=/data/app/vmdl662421459.tmp
04-11 23:09:32.387  4668  4668 I dex2oat : Large app, accepted running with swap.
04-11 23:09:33.258  4668  4670 W dex2oat : Rejecting class ltn that attempts to sub-type erroneous class com.android.media.remotedisplay.RemoteDisplayProvider in base.apk
04-11 23:09:33.929  4668  4672 W dex2oat : Rejecting class atei that attempts to sub-type erroneous class com.android.location.provider.LocationProviderBase in base.apk:classes4.dex
04-11 23:09:33.932  4668  4672 W dex2oat : Rejecting class atjl that attempts to sub-type erroneous class com.android.location.provider.FusedProvider in base.apk:classes4.dex
04-11 23:09:33.933  4668  4671 W dex2oat : Rejecting class atjo that attempts to sub-type erroneous class com.android.location.provider.GeocodeProvider in base.apk:classes4.dex
04-11 23:09:33.937  4668  4668 W dex2oat : Rejecting class atly that attempts to sub-type erroneous class com.android.location.provider.GeofenceProvider in base.apk:classes4.dex
04-11 23:09:33.943  4668  4671 W dex2oat : Rejecting class com.google.android.location.network.NetworkLocationProvider that attempts to sub-type erroneous class com.android.location.provider.LocationProviderBase in base.apk:classes4.dex
04-11 23:09:33.945  4668  4670 W dex2oat : Rejecting class attr that attempts to sub-type erroneous class com.android.location.provider.ActivityRecognitionProviderClient in base.apk:classes4.dex
04-11 23:09:35.693  4668  4668 I dex2oat : dex2oat took 4.287s (10.773s cpu) (threads: 4) arena alloc=607KB (621752B) java alloc=34MB (36328272B) native alloc=34MB (36210696B) free=7MB (7829496B) swap=16MB (16777216B)
04-11 23:07:46.175  1676  1697 I chatty  : uid=1000(system) batterystats-sy identical 1 line
04-11 23:08:46.116  1676  1697 E BatteryStatsService: modem info is invalid: ModemActivityInfo{ mTimestamp=0 mSleepTimeMs=0 mIdleTimeMs=0 mTxTimeMs[]=[0, 0, 0, 0, 0] mRxTimeMs=0 mEnergyUsed=0}
04-11 23:09:35.710  1676  1694 I ActivityManager: Force stopping com.google.android.gms appid=10013 user=-1: installPackageLI
04-11 23:09:35.710  1676  1694 I ActivityManager: Killing 2220:com.google.android.gms.persistent/u0a13 (adj 100): stop com.google.android.gms
04-11 23:09:35.710  1676  1694 W ActivityManager: Scheduling restart of crashed service com.google.android.gms/.backup.component.D2dTransportService in 1000ms
04-11 23:09:35.710  1676  1694 W ActivityManager: Scheduling restart of crashed service com.google.android.gms/com.google.android.location.internal.GoogleLocationManagerService in 11000ms
04-11 23:09:35.710  1676  1694 W ActivityManager: Scheduling restart of crashed service com.google.android.gms/.auth.setup.devicesignals.LockScreenService in 21000ms
04-11 23:09:35.710  1676  1694 W ActivityManager: Scheduling restart of crashed service com.google.android.gms/com.google.android.location.fused.FusedLocationService in 31000ms
04-11 23:09:35.710  1676  1694 W ActivityManager: Scheduling restart of crashed service com.google.android.gms/.usagereporting.service.UsageReportingService in 41000ms
04-11 23:09:35.710  1676  1694 W ActivityManager: Scheduling restart of crashed service com.google.android.gms/com.google.android.location.internal.server.GoogleLocationService in 51000ms
04-11 23:09:35.710  1676  1694 W ActivityManager: Scheduling restart of crashed service com.google.android.gms/.auth.account.service.WorkAccountService in 61000ms
04-11 23:09:35.710  1676  1694 W ActivityManager: Scheduling restart of crashed service com.google.android.gms/.herrevad.services.LightweightNetworkQualityAndroidService in 61000ms
04-11 23:09:35.710  1676  1694 W ActivityManager: Scheduling restart of crashed service com.google.android.gms/.chimera.PersistentBoundBrokerService in 71000ms
04-11 23:09:35.710  1676  1694 W ActivityManager: Scheduling restart of crashed service com.google.android.gms/com.google.android.contextmanager.service.ContextManagerService in 81000ms
04-11 23:09:35.710  1676  1694 W ActivityManager: Scheduling restart of crashed service com.google.android.gms/com.google.android.location.geocode.GeocodeService in 91000ms
04-11 23:09:35.710  1676  1694 W ActivityManager: Scheduling restart of crashed service com.google.android.gms/com.google.android.location.geofencer.service.GeofenceProviderService in 101000ms
04-11 23:09:35.710  1676  1694 W ActivityManager: Scheduling restart of crashed service com.google.android.gms/com.google.android.location.internal.server.HardwareArProviderService in 111000ms
04-11 23:09:35.710  1676  1694 W ActivityManager: Scheduling restart of crashed service com.google.android.gms/.pseudonymous.service.PseudonymousIdService in 121000ms
04-11 23:09:35.711  1676  1694 W ActivityManager: Scheduling restart of crashed service com.google.android.gms/.deviceconnection.service.DeviceConnectionWatcherService in 131000ms
04-11 23:09:35.711  1676  1694 W ActivityManager: Scheduling restart of crashed service com.google.android.gms/com.google.android.location.network.NetworkLocationService in 140999ms
04-11 23:09:35.711  1676  1694 W ActivityManager: Scheduling restart of crashed service com.google.android.gms/.phenotype.service.PhenotypeService in 150999ms
04-11 23:09:35.711  1676  1694 W ActivityManager: Scheduling restart of crashed service com.google.android.gms/.clearcut.service.ClearcutLoggerService in 160999ms
04-11 23:09:35.711  1676  1694 W ActivityManager: Scheduling restart of crashed service com.google.android.gms/.backup.BackupTransportService in 170999ms
04-11 23:09:35.711  1676  1694 W ActivityManager: Scheduling restart of crashed service com.google.android.gms/.common.stats.GmsCoreStatsService in 180999ms
04-11 23:09:35.711  1676  1694 W ActivityManager: Scheduling restart of crashed service com.google.android.gms/.gcm.GcmService in 190999ms
04-11 23:09:35.712  3256  3256 I ActivityThread: Removing dead content provider:android.content.ContentProviderProxy@c87bcc0
04-11 23:09:35.712  2493  2493 I ActivityThread: Removing dead content provider:android.content.ContentProviderProxy@febcaa4
04-11 23:09:35.712  4404  4404 I ActivityThread: Removing dead content provider:android.content.ContentProviderProxy@8e84b12
04-11 23:09:35.712  1676  1694 I ActivityManager: Killing 2260:com.google.android.googlequicksearchbox:search/u0a30 (adj 100): stop com.google.android.gms
04-11 23:09:35.713  1676  1694 W ActivityManager: Scheduling restart of crashed service com.google.android.googlequicksearchbox/com.google.android.apps.gsa.nowoverlayservice.DrawerOverlayService in 200998ms
04-11 23:09:35.713  1676  1694 W ActivityManager: Scheduling restart of crashed service com.google.android.googlequicksearchbox/com.google.android.apps.gsa.tasks.BackgroundTasksJobService in 210998ms
04-11 23:09:35.713  1676  1694 W ActivityManager: Scheduling restart of crashed service com.google.android.googlequicksearchbox/com.google.android.apps.gsa.search.core.service.SearchService in 220998ms
04-11 23:09:35.714  1676  1694 I ActivityManager: Killing 3256:com.google.android.gms.unstable/u0a13 (adj 902): stop com.google.android.gms
04-11 23:09:35.717  1676  1694 I ActivityManager: Killing 4404:com.google.android.gms.ui/u0a13 (adj 902): stop com.google.android.gms
04-11 23:09:35.719  1676  1694 I ActivityManager: Killing 2493:com.google.android.gms/u0a13 (adj 200): stop com.google.android.gms
04-11 23:09:35.719  1676  1694 W ActivityManager: Scheduling restart of crashed service com.google.android.gms/.update.SystemUpdateService in 230991ms
04-11 23:09:35.720  1676  1694 W ActivityManager: Scheduling restart of crashed service com.google.android.gms/.chimera.GmsBoundBrokerService in 230990ms
04-11 23:09:35.724  1676  1709 W PackageManager: Trying to update system app code path from /system/priv-app/PrebuiltGmsCore to /data/app/com.google.android.gms-HjhABebEKr6ZSlxTtzLffA==
04-11 23:09:35.724  1676  1709 W PackageManager: Package com.google.android.gms library com.google.android.gms already exists; skipping
04-11 23:09:35.724  1676  1709 W PackageManager: Code path for com.google.android.gms changing from /system/priv-app/PrebuiltGmsCore to /data/app/com.google.android.gms-HjhABebEKr6ZSlxTtzLffA==
04-11 23:09:35.724  1676  1709 W PackageManager: Resource path for com.google.android.gms changing from /system/priv-app/PrebuiltGmsCore to /data/app/com.google.android.gms-HjhABebEKr6ZSlxTtzLffA==
04-11 23:09:35.727  1676  1694 I ActivityManager:   Force stopping service ServiceRecord{137adf7 u0 com.google.android.gms/.backup.BackupTransportService}
04-11 23:09:35.727  1676  1694 I ActivityManager:   Force stopping service ServiceRecord{fc08464 u0 com.google.android.gms/.backup.component.D2dTransportService}
04-11 23:09:35.727  1676  1694 I ActivityManager:   Force stopping service ServiceRecord{580de6c u0 com.google.android.gms/com.google.android.location.internal.server.HardwareArProviderService}
04-11 23:09:35.727  1676  1694 I ActivityManager:   Force stopping service ServiceRecord{53c492 u0 com.google.android.gms/.common.stats.GmsCoreStatsService}
04-11 23:09:35.727  1676  1694 I ActivityManager:   Force stopping service ServiceRecord{f64e5f3 u0 com.google.android.gms/com.google.android.location.internal.GoogleLocationManagerService}
04-11 23:09:35.727  1676  1694 I ActivityManager:   Force stopping service ServiceRecord{35b3228 u0 com.google.android.gms/com.google.android.location.network.NetworkLocationService}
04-11 23:09:35.727  1676  1694 I ActivityManager:   Force stopping service ServiceRecord{676be70 u0 com.google.android.gms/com.google.android.contextmanager.service.ContextManagerService}
04-11 23:09:35.727  1676  1694 I ActivityManager:   Force stopping service ServiceRecord{9cbf85b u0 com.google.android.gms/com.google.android.location.internal.server.GoogleLocationService}
04-11 23:09:35.727  1676  1694 I ActivityManager:   Force stopping service ServiceRecord{5fc9179 u0 com.google.android.gms/com.google.android.location.geofencer.service.GeofenceProviderService}
04-11 23:09:35.727  1676  1694 I ActivityManager:   Force stopping service ServiceRecord{cdbfe27 u0 com.google.android.gms/com.google.android.location.fused.FusedLocationService}
04-11 23:09:35.727  1676  1694 I ActivityManager:   Force stopping service ServiceRecord{3018c6f u0 com.google.android.gms/.phenotype.service.PhenotypeService}
04-11 23:09:35.727  1676  1694 I ActivityManager:   Force stopping service ServiceRecord{6b61085 u0 com.google.android.gms/.chimera.GmsBoundBrokerService}
04-11 23:09:35.727  1676  1694 I ActivityManager:   Force stopping service ServiceRecord{7446089 u0 com.google.android.gms/.chimera.PersistentBoundBrokerService}
04-11 23:09:35.727  1676  1694 I ActivityManager:   Force stopping service ServiceRecord{30a653 u0 com.google.android.gms/.gcm.GcmService}
04-11 23:09:35.727  1676  1694 I ActivityManager:   Force stopping service ServiceRecord{ec5de01 u0 com.google.android.gms/.auth.setup.devicesignals.LockScreenService}
04-11 23:09:35.727  1676  1694 I ActivityManager:   Force stopping service ServiceRecord{63e7d72 u0 com.google.android.gms/com.google.android.location.geocode.GeocodeService}
04-11 23:09:35.727  1676  1694 I ActivityManager:   Force stopping service ServiceRecord{47b5e63 u0 com.google.android.gms/.deviceconnection.service.DeviceConnectionWatcherService}
04-11 23:09:35.729  1676  1676 W BackupTransportManager: Disconnected from transport com.google.android.gms/.backup.component.D2dTransportService
04-11 23:09:35.730  1676  1676 D BackupTransportManager: Scheduled explicit rebinding for com.google.android.gms/.backup.component.D2dTransportService in 300000ms
04-11 23:09:35.730  1676  1676 W BackupTransportManager: Disconnected from transport com.google.android.gms/.backup.BackupTransportService
04-11 23:09:35.730  1676  1676 D BackupTransportManager: Scheduled explicit rebinding for com.google.android.gms/.backup.BackupTransportService in 300000ms
04-11 23:09:35.774  1676  1767 I chatty  : uid=1000(system) WifiScanningSer expire 1 line
04-11 23:09:35.776  1676  1749 I chatty  : uid=1000(system) InputDispatcher expire 2 lines
04-11 23:09:35.777  1676  1817 D ConnectivityService: ConnectivityService NetworkRequestInfo binderDied(NetworkRequest [ LISTEN id=6, [ Capabilities: INTERNET&NOT_RESTRICTED&TRUSTED] ], android.os.BinderProxy@474b3a8)
04-11 23:09:35.778  1676  4677 I WindowManager: WIN DEATH: Window{33c42c2 u0 com.google.android.apps.nexuslauncher/com.google.android.apps.nexuslauncher.NexusLauncherActivity}
04-11 23:09:35.778  1676  4677 I chatty  : uid=1000(system) Binder:1676_F expire 1 line
04-11 23:09:35.779  1676  1703 W ActivityManager: setHasOverlayUi called on unknown pid: 2260
04-11 23:09:35.781  1676  1769 E ConnectivityService: RemoteException caught trying to send a callback msg for NetworkRequest [ LISTEN id=6, [ Capabilities: INTERNET&NOT_RESTRICTED&TRUSTED] ]
04-11 23:09:35.839  1511  1555 E         : Couldn't opendir /data/app/vmdl662421459.tmp: No such file or directory
04-11 23:09:35.839  1511  1555 E installd: Failed to delete /data/app/vmdl662421459.tmp: No such file or directory
04-11 23:09:35.844  4683  4683 I chatty  : uid=10013(u0_a13) expire 1 line
04-11 23:09:35.851  1676  1694 I ActivityManager: Start proc 4683:com.google.android.gms/u0a13 for broadcast com.google.android.gms/.statementservice.IntentFilterVerificationReceiver
04-11 23:09:35.852  1676  1709 I ActivityManager: Force stopping com.google.android.gms appid=10013 user=0: pkg removed
04-11 23:09:35.852  1676  1709 I ActivityManager: Killing 4683:com.google.android.gms/u0a13 (adj -10000): stop com.google.android.gms
04-11 23:09:35.861  4151  4151 I Finsky  : [2] com.google.android.finsky.installer.a.bi.a(5): Successful install of com.google.android.gms (isid: r2e5PKijQFqqgWkYmKHhKw)
04-11 23:09:35.886  4698  4698 I chatty  : uid=10013(u0_a13) com.google.android.gms expire 46 lines
04-11 23:09:35.889  1676  2335 I ActivityManager: Start proc 4698:com.google.android.gms/u0a13 for service com.google.android.gms/.chimera.GmsBoundBrokerService
04-11 23:09:35.897  4706  4706 I chatty  : uid=10013(u0_a13) com.google.android.gms.persistent expire 53 lines
04-11 23:09:35.900  1676  1916 I ActivityManager: Start proc 4706:com.google.android.gms.persistent/u0a13 for service com.google.android.gms/com.google.android.location.internal.GoogleLocationManagerService
04-11 23:09:35.929  1676  1676 I Telecom : DefaultDialerCache: Refreshing default dialer for user 0: now com.google.android.dialer: DDC.oR@AHg
04-11 23:09:35.933  1676  1676 D BackupTransportManager: Binding to transport: com.google.android.gms/.backup.BackupTransportService
04-11 23:09:35.937  1676  1676 D BackupTransportManager: Binding to transport: com.google.android.gms/.backup.component.D2dTransportService
04-11 23:09:36.042  4151  4224 I Finsky  : [260] com.google.android.finsky.splitinstallservice.be.run(7): No active session in storage.
04-11 23:09:36.044  4151  4224 I Finsky  : [260] com.google.android.finsky.splitinstallservice.be.run(7): No active session in storage.
04-11 23:09:36.056  1884  1884 D CarrierSvcBindHelper: No carrier app for: 0
04-11 23:09:36.061  1884  1884 D CarrierSvcBindHelper: No carrier app for: 0
04-11 23:09:36.099  1884  1884 D ImsResolver: maybeAddedImsService, packageName: com.google.android.gms
04-11 23:09:36.100  1884  1884 D CarrierConfigLoader: mHandler: 9 phoneId: 0
04-11 23:09:36.111  4151  4151 I Finsky  : [2] com.google.android.finsky.scheduler.JobSchedulerEngine.a(61): Scheduling job with id: 9000
04-11 23:09:36.135  4706  4739 I chatty  : uid=10013(u0_a13) GoogleApiHandle expire 7 lines
04-11 23:09:36.140  4698  4741 I chatty  : uid=10013(u0_a13) GoogleApiHandle expire 4 lines
04-11 23:09:36.201  4706  4737 I chatty  : uid=10013(u0_a13) com.google.android.gms.persistent expire 1 line
04-11 23:09:36.246  4698  4703 I chatty  : uid=10013(u0_a13) Jit thread pool expire 16 lines
04-11 23:09:36.259  4706  4715 I chatty  : uid=10013(u0_a13) Jit thread pool expire 16 lines
04-11 23:09:36.534  4698  4714 I chatty  : uid=10013(u0_a13) Binder:4698_1 expire 2 lines
04-11 23:09:36.566  4706  4722 I chatty  : uid=10013(u0_a13) Binder:4706_1 expire 8 lines
04-11 23:09:36.653  1676  1918 I chatty  : uid=1000(system) Binder:1676_6 expire 2 lines
04-11 23:09:36.654  1676  2311 I chatty  : uid=1000(system) Binder:1676_7 expire 1 line
04-11 23:09:36.881  4698  4746 I chatty  : uid=10013(u0_a13) com.google.android.gms expire 4 lines
04-11 23:09:36.909  1676  1676 D BackupTransportManager: Bound to transport: com.google.android.gms/.backup.BackupTransportService
04-11 23:09:36.916  1676  1676 D BackupTransportManager: Bound to transport: com.google.android.gms/.backup.component.D2dTransportService
04-11 23:09:36.992  4706  4752 I chatty  : uid=10013(u0_a13) GeofencerStateM expire 2 lines
04-11 23:09:37.101  4706  4773 I chatty  : uid=10013(u0_a13) com.google.android.gms.persistent expire 3 lines
04-11 23:09:37.109  4706  4786 I chatty  : uid=10013(u0_a13) GoogleLocationS expire 2 lines
04-11 23:09:37.244  4698  4748 I chatty  : uid=10013(u0_a13) com.google.android.gms expire 40 lines
04-11 23:09:37.244  4698  4783 I chatty  : uid=10013(u0_a13) com.google.android.gms expire 3 lines
04-11 23:09:37.252  4698  4780 I chatty  : uid=10013(u0_a13) com.google.android.gms expire 20 lines
04-11 23:09:37.299  1676  1916 W BroadcastQueue: Background execution not allowed: receiving Intent { act=android.intent.action.PACKAGE_REMOVED dat=package:com.google.android.gms flg=0x4000010 (has extras) } to com.google.android.googlequicksearchbox/com.google.android.apps.gsa.googlequicksearchbox.GelStubAppWatcher
04-11 23:09:37.309  4698  4749 I chatty  : uid=10013(u0_a13) com.google.android.gms expire 23 lines
04-11 23:09:37.327  1676  1817 W BroadcastQueue: Background execution not allowed: receiving Intent { act=android.intent.action.PACKAGE_ADDED dat=package:com.google.android.gms flg=0x4000010 (has extras) } to com.google.android.googlequicksearchbox/com.google.android.apps.gsa.googlequicksearchbox.GelStubAppWatcher
04-11 23:09:37.328  1676  1694 W BroadcastQueue: Background execution not allowed: receiving Intent { act=android.intent.action.PACKAGE_REPLACED dat=package:com.google.android.gms flg=0x4000010 (has extras) } to com.google.android.apps.photos/.backgroundsignin.BackgroundSignInBroadcastReceiver
04-11 23:09:37.329  1676  1694 W BroadcastQueue: Background execution not allowed: receiving Intent { act=android.intent.action.PACKAGE_REPLACED dat=package:com.google.android.gms flg=0x4000010 (has extras) } to com.google.android.apps.photos/.experiments.phenotype.full.PhenotypeAppUpgradeBroadcastReceiver
04-11 23:09:37.329  1676  1694 W BroadcastQueue: Background execution not allowed: receiving Intent { act=android.intent.action.PACKAGE_REPLACED dat=package:com.google.android.gms flg=0x4000010 (has extras) } to com.google.android.apps.photos/.notificationchannels.AppUpdateBroadcastReceiver
04-11 23:09:37.330  4151  4151 I Finsky  : [2] com.google.android.finsky.bk.a.b.run(2): Set autoupdate of com.google.android.gms to 1 (install/update)
04-11 23:09:37.331  4151  4151 I Finsky  : [2] com.google.android.finsky.wear.WearSupportService.onStartCommand(21): Starting WearSupportService for auto_install
04-11 23:09:37.331  4151  4151 I Finsky  : [2] com.google.android.finsky.wear.ar.a(80): Connecting to wearable; initiated by: com.google.android.finsky.wear.WearSupportService
04-11 23:09:37.356  4706  4764 I chatty  : uid=10013(u0_a13) com.google.android.gms.persistent expire 1 line
04-11 23:09:37.377  4706  4723 I chatty  : uid=10013(u0_a13) Binder:4706_2 expire 2 lines
04-11 23:09:37.379  4151  4151 E Finsky  : [2] com.google.android.finsky.wear.au.a(3): onConnectionFailed: ConnectionResult{statusCode=API_UNAVAILABLE, resolution=null, message=null}
04-11 23:09:37.379  4151  4151 W Finsky  : [2] com.google.android.finsky.wear.cd.run(12): Dropping command=auto_install due to Gms not connected
04-11 23:09:37.379  4151  4151 I Finsky  : [2] com.google.android.finsky.wear.WearSupportService.b(67): Stopping WearSupportService
04-11 23:09:37.435  4151  4168 I Finsky  : [219] com.google.android.finsky.contentfilterui.m.a(8): Received content filters request from sharedUserId=com.google.uid.shared:10013
04-11 23:09:37.451  4698  4790 I chatty  : uid=10013(u0_a13) com.google.android.gms expire 13 lines
04-11 23:09:37.461  4706  4819 I chatty  : uid=10013(u0_a13) com.google.android.gms.persistent expire 1 line
04-11 23:09:37.476  1676  4678 W BroadcastQueue: Background execution not allowed: receiving Intent { act=android.intent.action.PACKAGE_REPLACED dat=package:com.google.android.gms flg=0x4000010 (has extras) } to com.google.android.googlequicksearchbox/com.google.android.apps.gsa.googlequicksearchbox.GelStubAppWatcher
04-11 23:09:37.626  4706  4721 I chatty  : uid=10013(u0_a13) HeapTaskDaemon expire 3 lines
04-11 23:09:37.663  4698  4713 I chatty  : uid=10013(u0_a13) HeapTaskDaemon expire 8 lines
04-11 23:09:37.868  4698  4815 I chatty  : uid=10013(u0_a13) com.google.android.gms expire 19 lines
04-11 23:09:37.892  4698  4832 I chatty  : uid=10013(u0_a13) lowpool[3] expire 16 lines
04-11 23:09:37.941  4698  4844 I chatty  : uid=10013(u0_a13) com.google.android.gms expire 2 lines
04-11 23:09:37.967  4698  4816 I chatty  : uid=10013(u0_a13) com.google.android.gms expire 9 lines
04-11 23:09:38.038  4698  4853 I chatty  : uid=10013(u0_a13) com.google.android.gms expire 4 lines
04-11 23:09:38.077  4706  4823 I chatty  : uid=10013(u0_a13) highpool[3] expire 16 lines
04-11 23:09:38.181  4863  4863 I chatty  : uid=10013(u0_a13) expire 7 lines
04-11 23:09:38.183  1676  2617 I ActivityManager: Start proc 4863:com.google.android.gms.learning/u0a13 for service com.google.android.gms/.learning.training.background.TrainingGcmTaskService
04-11 23:09:38.201  4877  4877 I chatty  : uid=10013(u0_a13) expire 5 lines
04-11 23:09:38.207  1676  1916 I ActivityManager: Start proc 4877:com.google.android.gms.feedback/u0a13 for service com.google.android.gms/.feedback.OfflineReportSendTaskService
04-11 23:09:38.320  4698  4787 I chatty  : uid=10013(u0_a13) com.google.android.gms expire 10 lines
04-11 23:09:38.372  4698  4784 I chatty  : uid=10013(u0_a13) com.google.android.gms expire 3 lines
04-11 23:09:38.374  4913  4913 I chatty  : uid=10013(u0_a13) expire 5 lines
04-11 23:09:38.380  1676  2311 I ActivityManager: Start proc 4913:com.google.android.gms.ui/u0a13 for service com.google.android.gms/.chimera.UiIntentOperationService
04-11 23:09:38.519  4942  4942 I chatty  : uid=10013(u0_a13) expire 5 lines
04-11 23:09:38.696  4698  4938 I chatty  : uid=10013(u0_a13) com.google.android.gms expire 6 lines
04-11 23:09:38.707  4913  4948 I chatty  : uid=10013(u0_a13) expire 1 line
04-11 23:09:38.707  4698  4957 I chatty  : uid=10013(u0_a13) highpool[2] expire 3 lines
04-11 23:09:38.719  4706  4763 I chatty  : uid=10013(u0_a13) lowpool[0] expire 5 lines
04-11 23:09:38.743  4698  4961 I chatty  : uid=10013(u0_a13) lowpool[5] expire 8 lines
04-11 23:09:38.747  4960  4960 I chatty  : uid=10013(u0_a13) expire 6 lines
04-11 23:09:38.919  4706  4967 I chatty  : uid=10013(u0_a13) com.google.android.gms.persistent expire 1 line
04-11 23:09:39.428  4986  4986 I chatty  : uid=10013(u0_a13) expire 5 lines
