04-11 23:18:35.795  5195  5218 I chatty  : uid=10030(u0_a30) NonUserFacing0 expire 9 lines
04-11 23:18:40.810  5195  5259 I chatty  : uid=10030(u0_a30) NonUserFacing2 expire 5 lines
04-11 23:18:40.813  1508  6790 I chatty  : uid=1041(audioserver) /system/bin/audioserver expire 1 line
04-11 23:18:40.824  5195  5195 I chatty  : uid=10030(u0_a30) com.google.android.googlequicksearchbox:search expire 14 lines
04-11 23:18:45.849  1508  6797 I chatty  : uid=1041(audioserver) /system/bin/audioserver expire 1 line
04-11 23:18:45.851  1508  1508 I chatty  : uid=1041(audioserver) /system/bin/audioserver expire 6 lines
04-11 23:18:45.851  5195  5904 I chatty  : uid=10030(u0_a30) UserFacing2 expire 11 lines
04-11 23:18:50.887  1508  6803 I chatty  : uid=1041(audioserver) /system/bin/audioserver expire 1 line
04-11 23:18:50.900  5195  5195 I chatty  : uid=10030(u0_a30) com.google.android.googlequicksearchbox:search expire 8 lines
04-11 23:18:50.907  5195  5218 I chatty  : uid=10030(u0_a30) NonUserFacing0 expire 3 lines
04-11 23:18:50.908  5195  5907 I chatty  : uid=10030(u0_a30) HotwordDetector expire 1 line
04-11 23:18:50.911  5195  5260 I chatty  : uid=10030(u0_a30) NonUserFacing3 expire 1 line
04-11 23:18:55.927  5195  5259 I chatty  : uid=10030(u0_a30) NonUserFacing2 expire 1 line
04-11 23:18:55.927  5195  5904 I chatty  : uid=10030(u0_a30) UserFacing2 expire 6 lines
04-11 23:18:55.930  1508  6810 I chatty  : uid=1041(audioserver) /system/bin/audioserver expire 1 line
04-11 23:18:55.932  1508  1508 I chatty  : uid=1041(audioserver) /system/bin/audioserver expire 3 lines
04-11 23:18:55.942  5195  5259 I chatty  : uid=10030(u0_a30) NonUserFacing2 expire 10 lines
04-11 23:18:55.944  5195  5907 I chatty  : uid=10030(u0_a30) HotwordDetector expire 2 lines
04-11 23:18:55.950  5195  5195 I chatty  : uid=10030(u0_a30) com.google.android.googlequicksearchbox:search expire 13 lines
04-11 23:18:55.950  5195  5260 I chatty  : uid=10030(u0_a30) NonUserFacing3 expire 2 lines
04-11 23:18:58.635  1676  1693 E memtrack: Couldn't load memtrack module
04-11 23:18:58.635  1676  1693 W android.os.Debug: failed to get memory consumption info: -1
04-11 23:18:58.756  1513  5115 I DrmHal  : makeDrmFactories: factory instance default is Remote
04-11 23:18:58.758  1513  5115 I DrmHal  : makeDrmFactories: factory instance widevine is Remote
04-11 23:18:58.759  1422  5078 D WVCdm   : Instantiating CDM.
04-11 23:18:58.759  1422  5078 I WVCdm   : CdmEngine::QueryStatus
04-11 23:18:58.759  1422  5078 I WVCdm   : Level3 Library 4464 May 19 2017 16:59:48
04-11 23:18:58.760  1422  5078 W WVCdm   : Could not load liboemcrypto.so. Falling back to L3.  dlopen failed: library "liboemcrypto.so" not found
04-11 23:18:58.760  1422  5078 I WVCdm   : CdmEngine::OpenSession
04-11 23:18:58.761  1422  5078 I WVCdm   : Level3 Library 4464 May 19 2017 16:59:48
04-11 23:18:58.761  1422  5078 W WVCdm   : Could not load liboemcrypto.so. Falling back to L3.  dlopen failed: library "liboemcrypto.so" not found
04-11 23:18:58.761  1422  5078 D WVCdm   : CryptoSession::Open: Lock: requested_security_level: Default
04-11 23:18:58.764  1422  5078 I WVCdm   : CdmEngine::QueryOemCryptoSessionId
04-11 23:18:58.765  1422  1422 I WVCdm   : CdmEngine::GenerateKeyRequest
04-11 23:18:58.766  1422  1422 D WVCdm   : PrepareKeyRequest: nonce=38449796
04-11 23:18:58.823  1422  5078 I WVCdm   : CdmEngine::CloseSession
04-11 23:18:58.917  4706  4793 W GLSUser : [AppCertManager] IOException while requesting key: 
04-11 23:18:58.917  4706  4793 W GLSUser : java.io.IOException: Invalid device key response.
04-11 23:18:58.917  4706  4793 W GLSUser : 	at gga.a(:com.google.android.gms@12521024@12.5.21 (040700-189987672):12)
04-11 23:18:58.917  4706  4793 W GLSUser : 	at gga.a(:com.google.android.gms@12521024@12.5.21 (040700-189987672):64)
04-11 23:18:58.917  4706  4793 W GLSUser : 	at gfy.a(:com.google.android.gms@12521024@12.5.21 (040700-189987672):8)
04-11 23:18:58.917  4706  4793 W GLSUser : 	at gfu.a(:com.google.android.gms@12521024@12.5.21 (040700-189987672):1)
04-11 23:18:58.917  4706  4793 W GLSUser : 	at gft.a(:com.google.android.gms@12521024@12.5.21 (040700-189987672):10)
04-11 23:18:58.917  4706  4793 W GLSUser : 	at com.google.android.gms.auth.account.be.legacy.AuthCronChimeraService.b(:com.google.android.gms@12521024@12.5.21 (040700-189987672):7)
04-11 23:18:58.917  4706  4793 W GLSUser : 	at fiw.call(:com.google.android.gms@12521024@12.5.21 (040700-189987672):3)
04-11 23:18:58.917  4706  4793 W GLSUser : 	at java.util.concurrent.FutureTask.run(FutureTask.java:266)
04-11 23:18:58.917  4706  4793 W GLSUser : 	at nsg.run(:com.google.android.gms@12521024@12.5.21 (040700-189987672):27)
04-11 23:18:58.917  4706  4793 W GLSUser : 	at java.util.concurrent.ThreadPoolExecutor.runWorker(ThreadPoolExecutor.java:1162)
04-11 23:18:58.917  4706  4793 W GLSUser : 	at java.util.concurrent.ThreadPoolExecutor$Worker.run(ThreadPoolExecutor.java:636)
04-11 23:18:58.917  4706  4793 W GLSUser : 	at nya.run(Unknown Source:7)
04-11 23:18:58.917  4706  4793 W GLSUser : 	at java.lang.Thread.run(Thread.java:764)
04-11 23:19:00.022  1425  1435 D hwcomposer: hw_composer sent 4 syncs in 60s
04-11 23:19:00.964  5195  5904 I chatty  : uid=10030(u0_a30) UserFacing2 expire 12 lines
04-11 23:19:00.967  1508  6819 I chatty  : uid=1041(audioserver) /system/bin/audioserver expire 1 line
04-11 23:19:00.973  1508  4681 I chatty  : uid=1041(audioserver) Binder:1508_6 expire 3 lines
04-11 23:19:01.599  1676  1918 D WificondControl: Scan result ready event
04-11 23:19:03.622  1438  1438 I qemu-props: start adbd ...
04-11 23:19:06.001  1508  6827 I chatty  : uid=1041(audioserver) /system/bin/audioserver expire 1 line
04-11 23:19:06.008  1508  4680 I chatty  : uid=1041(audioserver) Binder:1508_5 expire 3 lines
04-11 23:19:06.015  5195  5195 I chatty  : uid=10030(u0_a30) com.google.android.googlequicksearchbox:search expire 14 lines
04-11 23:19:06.018  5195  5259 I chatty  : uid=10030(u0_a30) NonUserFacing2 expire 7 lines
04-11 23:19:06.019  5195  5907 I chatty  : uid=10030(u0_a30) HotwordDetector expire 5 lines
04-11 23:19:06.021  5195  5260 I chatty  : uid=10030(u0_a30) NonUserFacing3 expire 13 lines
04-11 23:19:11.035  5195  5218 I chatty  : uid=10030(u0_a30) NonUserFacing0 expire 5 lines
04-11 23:19:11.035  5195  5904 I chatty  : uid=10030(u0_a30) UserFacing2 expire 13 lines
04-11 23:19:11.040  1508  6833 I chatty  : uid=1041(audioserver) /system/bin/audioserver expire 1 line
04-11 23:19:11.046  1508  4682 I chatty  : uid=1041(audioserver) Binder:1508_7 expire 4 lines
04-11 23:19:16.073  1508  6841 I chatty  : uid=1041(audioserver) /system/bin/audioserver expire 1 line
04-11 23:19:16.078  1508  4682 I chatty  : uid=1041(audioserver) Binder:1508_7 expire 2 lines
04-11 23:19:16.083  5195  5195 I chatty  : uid=10030(u0_a30) com.google.android.googlequicksearchbox:search expire 14 lines
04-11 23:19:21.109  1508  6845 I chatty  : uid=1041(audioserver) /system/bin/audioserver expire 1 line
04-11 23:19:21.113  1508  4680 I chatty  : uid=1041(audioserver) Binder:1508_5 expire 6 lines
04-11 23:19:21.113  5195  5904 I chatty  : uid=10030(u0_a30) UserFacing2 expire 11 lines
04-11 23:19:26.142  1508  6852 I chatty  : uid=1041(audioserver) /system/bin/audioserver expire 1 line
04-11 23:19:26.152  5195  5195 I chatty  : uid=10030(u0_a30) com.google.android.googlequicksearchbox:search expire 7 lines
04-11 23:19:26.154  5195  5260 I chatty  : uid=10030(u0_a30) NonUserFacing3 expire 5 lines
04-11 23:19:31.170  5195  5904 I chatty  : uid=10030(u0_a30) UserFacing2 expire 6 lines
04-11 23:19:31.174  1508  6858 I chatty  : uid=1041(audioserver) /system/bin/audioserver expire 1 line
04-11 23:19:31.179  1508  4682 I chatty  : uid=1041(audioserver) Binder:1508_7 expire 3 lines
04-11 23:19:31.198  5195  5195 I chatty  : uid=10030(u0_a30) com.google.android.googlequicksearchbox:search expire 8 lines
04-11 23:19:31.201  5195  5260 I chatty  : uid=10030(u0_a30) NonUserFacing3 expire 4 lines
04-11 23:19:31.201  5195  5907 I chatty  : uid=10030(u0_a30) HotwordDetector expire 1 line
04-11 23:19:31.202  5195  5259 I chatty  : uid=10030(u0_a30) NonUserFacing2 expire 1 line
04-11 23:19:36.211  5195  5218 I chatty  : uid=10030(u0_a30) NonUserFacing0 expire 5 lines
04-11 23:19:36.214  5195  5904 I chatty  : uid=10030(u0_a30) UserFacing2 expire 6 lines
04-11 23:19:36.217  1508  6865 I chatty  : uid=1041(audioserver) /system/bin/audioserver expire 1 line
04-11 23:19:36.220  1508  4679 I chatty  : uid=1041(audioserver) Binder:1508_4 expire 3 lines
04-11 23:19:36.229  5195  5907 I chatty  : uid=10030(u0_a30) HotwordDetector expire 1 line
04-11 23:19:36.230  5195  5195 I chatty  : uid=10030(u0_a30) com.google.android.googlequicksearchbox:search expire 7 lines
04-11 23:19:36.230  5195  5259 I chatty  : uid=10030(u0_a30) NonUserFacing2 expire 1 line
04-11 23:19:38.413  1676  1693 E memtrack: Couldn't load memtrack module
04-11 23:19:38.413  1676  1693 W android.os.Debug: failed to get memory consumption info: -1
04-11 23:19:41.245  5195  5260 I chatty  : uid=10030(u0_a30) NonUserFacing3 expire 4 lines
04-11 23:19:41.245  5195  5904 I chatty  : uid=10030(u0_a30) UserFacing2 expire 6 lines
04-11 23:19:41.249  1508  6870 I chatty  : uid=1041(audioserver) /system/bin/audioserver expire 1 line
04-11 23:19:41.255  1508  1594 I chatty  : uid=1041(audioserver) Binder:1508_2 expire 3 lines
04-11 23:19:41.264  5195  5907 I chatty  : uid=10030(u0_a30) HotwordDetector expire 6 lines
04-11 23:19:41.264  5195  5260 I chatty  : uid=10030(u0_a30) NonUserFacing3 expire 1 line
04-11 23:19:41.264  5195  5195 I chatty  : uid=10030(u0_a30) com.google.android.googlequicksearchbox:search expire 20 lines
04-11 23:19:41.265  5195  5259 I chatty  : uid=10030(u0_a30) NonUserFacing2 expire 12 lines
04-11 23:19:46.279  5195  5904 I chatty  : uid=10030(u0_a30) UserFacing2 expire 13 lines
04-11 23:19:46.282  1508  6877 I chatty  : uid=1041(audioserver) /system/bin/audioserver expire 1 line
04-11 23:19:46.286  1508  4681 I chatty  : uid=1041(audioserver) Binder:1508_6 expire 3 lines
04-11 23:19:46.295  5195  5218 I chatty  : uid=10030(u0_a30) NonUserFacing0 expire 13 lines
04-11 23:19:48.465  1676  1693 E memtrack: Couldn't load memtrack module
04-11 23:19:48.466  1676  1693 W android.os.Debug: failed to get memory consumption info: -1
04-11 23:19:51.317  1508  6883 I chatty  : uid=1041(audioserver) /system/bin/audioserver expire 1 line
04-11 23:19:51.321  1508  4682 I chatty  : uid=1041(audioserver) Binder:1508_7 expire 3 lines
04-11 23:19:56.354  1508  6890 I chatty  : uid=1041(audioserver) /system/bin/audioserver expire 1 line
04-11 23:19:56.357  1508  1508 I chatty  : uid=1041(audioserver) /system/bin/audioserver expire 3 lines
04-11 23:19:56.357  5195  5904 I chatty  : uid=10030(u0_a30) UserFacing2 expire 12 lines
04-11 23:19:56.363  5195  5195 I chatty  : uid=10030(u0_a30) com.google.android.googlequicksearchbox:search expire 14 lines
04-11 23:19:56.366  5195  5259 I chatty  : uid=10030(u0_a30) NonUserFacing2 expire 4 lines
04-11 23:19:58.645  1676  1693 E memtrack: Couldn't load memtrack module
04-11 23:19:58.645  1676  1693 W android.os.Debug: failed to get memory consumption info: -1
04-11 23:20:00.008  1676  1693 E memtrack: Couldn't load memtrack module
04-11 23:20:00.008  1676  1693 W android.os.Debug: failed to get memory consumption info: -1
04-11 23:20:00.011  1425  1435 D hwcomposer: hw_composer sent 4 syncs in 60s
04-11 23:20:01.384  1508  6894 I chatty  : uid=1041(audioserver) /system/bin/audioserver expire 1 line
04-11 23:20:01.390  1508  1594 I chatty  : uid=1041(audioserver) Binder:1508_2 expire 3 lines
04-11 23:20:01.397  5195  5260 I chatty  : uid=10030(u0_a30) NonUserFacing3 expire 1 line
04-11 23:20:03.630  1438  1438 I qemu-props: start adbd ...
04-11 23:20:06.415  1508  6902 I chatty  : uid=1041(audioserver) /system/bin/audioserver expire 1 line
04-11 23:20:06.421  1508  4457 I chatty  : uid=1041(audioserver) Binder:1508_3 expire 6 lines
04-11 23:20:06.421  5195  5904 I chatty  : uid=10030(u0_a30) UserFacing2 expire 11 lines
04-11 23:20:06.427  5195  5195 I chatty  : uid=10030(u0_a30) com.google.android.googlequicksearchbox:search expire 7 lines
04-11 23:20:06.431  5195  5260 I chatty  : uid=10030(u0_a30) NonUserFacing3 expire 1 line
04-11 23:20:11.447  5195  5259 I chatty  : uid=10030(u0_a30) NonUserFacing2 expire 1 line
04-11 23:20:11.451  1508  6908 I chatty  : uid=1041(audioserver) /system/bin/audioserver expire 1 line
04-11 23:20:11.460  5195  5195 I chatty  : uid=10030(u0_a30) com.google.android.googlequicksearchbox:search expire 8 lines
04-11 23:20:11.464  5195  5259 I chatty  : uid=10030(u0_a30) NonUserFacing2 expire 4 lines
04-11 23:20:11.464  5195  5907 I chatty  : uid=10030(u0_a30) HotwordDetector expire 1 line
04-11 23:20:11.466  5195  5260 I chatty  : uid=10030(u0_a30) NonUserFacing3 expire 6 lines
04-11 23:20:16.479  5195  5904 I chatty  : uid=10030(u0_a30) UserFacing2 expire 6 lines
04-11 23:20:16.483  1508  6915 I chatty  : uid=1041(audioserver) /system/bin/audioserver expire 1 line
04-11 23:20:16.487  1508  4457 I chatty  : uid=1041(audioserver) Binder:1508_3 expire 3 lines
04-11 23:20:16.497  5195  5907 I chatty  : uid=10030(u0_a30) HotwordDetector expire 1 line
04-11 23:20:16.499  5195  5195 I chatty  : uid=10030(u0_a30) com.google.android.googlequicksearchbox:search expire 7 lines
04-11 23:20:16.500  5195  5218 I chatty  : uid=10030(u0_a30) NonUserFacing0 expire 6 lines
04-11 23:20:20.192  1676  1693 E memtrack: Couldn't load memtrack module
04-11 23:20:20.192  1676  1693 W android.os.Debug: failed to get memory consumption info: -1
04-11 23:20:21.514  5195  5904 I chatty  : uid=10030(u0_a30) UserFacing2 expire 6 lines
04-11 23:20:21.517  1508  6920 I chatty  : uid=1041(audioserver) /system/bin/audioserver expire 1 line
04-11 23:20:21.526  1508  4682 I chatty  : uid=1041(audioserver) Binder:1508_7 expire 3 lines
04-11 23:20:21.533  5195  5907 I chatty  : uid=10030(u0_a30) HotwordDetector expire 1 line
04-11 23:20:21.534  5195  5195 I chatty  : uid=10030(u0_a30) com.google.android.googlequicksearchbox:search expire 7 lines
04-11 23:20:21.534  5195  5260 I chatty  : uid=10030(u0_a30) NonUserFacing3 expire 1 line
04-11 23:20:26.546  5195  5218 I chatty  : uid=10030(u0_a30) NonUserFacing0 expire 1 line
04-11 23:20:26.547  5195  5904 I chatty  : uid=10030(u0_a30) UserFacing2 expire 13 lines
04-11 23:20:26.549  1508  6927 I chatty  : uid=1041(audioserver) /system/bin/audioserver expire 1 line
04-11 23:20:26.551  1508  4679 I chatty  : uid=1041(audioserver) Binder:1508_4 expire 3 lines
04-11 23:20:26.566  5195  5218 I chatty  : uid=10030(u0_a30) NonUserFacing0 expire 10 lines
04-11 23:20:26.567  5195  5907 I chatty  : uid=10030(u0_a30) HotwordDetector expire 5 lines
04-11 23:20:26.571  5195  5195 I chatty  : uid=10030(u0_a30) com.google.android.googlequicksearchbox:search expire 13 lines
04-11 23:20:26.571  5195  5260 I chatty  : uid=10030(u0_a30) NonUserFacing3 expire 8 lines
04-11 23:20:31.591  1508  6933 I chatty  : uid=1041(audioserver) /system/bin/audioserver expire 1 line
04-11 23:20:31.595  1508  4681 I chatty  : uid=1041(audioserver) Binder:1508_6 expire 6 lines
04-11 23:20:36.625  1508  6941 I chatty  : uid=1041(audioserver) /system/bin/audioserver expire 1 line
04-11 23:20:36.630  5195  5904 I chatty  : uid=10030(u0_a30) UserFacing2 expire 12 lines
04-11 23:20:36.646  5195  5195 I chatty  : uid=10030(u0_a30) com.google.android.googlequicksearchbox:search expire 14 lines
04-11 23:20:36.648  5195  5218 I chatty  : uid=10030(u0_a30) NonUserFacing0 expire 10 lines
04-11 23:20:38.428  4706  4706 W GCM     : Heartbeat timeout, GCM connection reset -3
04-11 23:20:38.434  4706  6942 E WakeLock: release without a matched acquire!
04-11 23:20:31.603  5195  5904 I chatty  : uid=10030(u0_a30) UserFacing2 identical 55 lines
04-11 23:20:36.646  5195  5904 E ActivityThread: Failed to find provider info for com.google.android.apps.gsa.testing.ui.audio.recorded
04-11 23:20:38.447  1676  2617 D ConnectivityService: reportNetworkConnectivity(101, false) by 10013
04-11 23:20:38.449  1676  2519 D NetworkMonitor/NetworkAgentInfo [WIFI () - 101]: Forcing reevaluation for UID 10013
04-11 23:20:38.462  1676  6945 D NetworkMonitor/NetworkAgentInfo [WIFI () - 101]: PROBE_DNS connectivitycheck.gstatic.com 12ms OK 216.58.216.163,2607:f8b0:400a:807::2003
04-11 23:20:38.462  1676  6944 D NetworkMonitor/NetworkAgentInfo [WIFI () - 101]: PROBE_DNS www.google.com 12ms OK 74.125.197.105,74.125.197.106,74.125.197.99,74.125.197.104,74.125.197.147,74.125.197.103,2607:f8b0:400a:807::2004
04-11 23:20:38.477  1676  6945 D NetworkMonitor/NetworkAgentInfo [WIFI () - 101]: PROBE_HTTP http://connectivitycheck.gstatic.com/generate_204 time=13ms ret=204 request={User-Agent=[Mozilla/5.0 (X11; Linux x86_64) AppleWebKit/537.36 (KHTML, like Gecko) Chrome/52.0.2743.82 Safari/537.36]} headers={null=[HTTP/1.1 204 No Content], Content-Length=[0], Date=[Wed, 11 Apr 2018 23:20:17 GMT], X-Android-Received-Millis=[1523488838476], X-Android-Response-Source=[NETWORK 204], X-Android-Selected-Protocol=[http/1.1], X-Android-Sent-Millis=[1523488838471]}
04-11 23:20:38.520  1676  6944 D NetworkMonitor/NetworkAgentInfo [WIFI () - 101]: PROBE_HTTPS https://www.google.com/generate_204 time=56ms ret=204 request={User-Agent=[Mozilla/5.0 (X11; Linux x86_64) AppleWebKit/537.36 (KHTML, like Gecko) Chrome/52.0.2743.82 Safari/537.36]} headers={null=[HTTP/1.1 204 No Content], Alt-Svc=[hq=":443"; ma=2592000; quic=51303432; quic=51303431; quic=51303339; quic=51303335,quic=":443"; ma=2592000; v="42,41,39,35"], Content-Length=[0], Date=[Wed, 11 Apr 2018 23:20:18 GMT], X-Android-Received-Millis=[1523488838519], X-Android-Response-Source=[NETWORK 204], X-Android-Selected-Protocol=[http/1.1], X-Android-Sent-Millis=[1523488838500]}
04-11 23:20:38.522  1676  1769 D ConnectivityService: NetworkAgentInfo [WIFI () - 101] validation passed
04-11 23:20:41.665  1508  6955 I chatty  : uid=1041(audioserver) /system/bin/audioserver expire 1 line
04-11 23:20:41.671  1508  4681 I chatty  : uid=1041(audioserver) Binder:1508_6 expire 3 lines
04-11 23:20:41.677  5195  5904 E ActivityThread: Failed to find provider info for com.google.android.apps.gsa.testing.ui.audio.recorded
04-11 23:20:46.700  1508  6962 I chatty  : uid=1041(audioserver) /system/bin/audioserver expire 1 line
04-11 23:20:46.704  1508  1508 I chatty  : uid=1041(audioserver) /system/bin/audioserver expire 3 lines
04-11 23:20:46.704  5195  5904 I chatty  : uid=10030(u0_a30) UserFacing2 expire 6 lines
04-11 23:20:46.709  5195  5195 I chatty  : uid=10030(u0_a30) com.google.android.googlequicksearchbox:search expire 7 lines
04-11 23:20:46.712  5195  5259 I chatty  : uid=10030(u0_a30) NonUserFacing2 expire 1 line
04-11 23:20:48.529  1676  1763 W AlarmManager: Unrecognized alarm listener com.android.server.wifi.WifiConfigStore$1@4f4a1fb
04-11 23:20:48.542  1676  1763 D WifiConfigStore: Writing to stores completed in 13 ms.
04-11 23:20:51.727  5195  5218 I chatty  : uid=10030(u0_a30) NonUserFacing0 expire 5 lines
04-11 23:20:51.732  1508  6968 I chatty  : uid=1041(audioserver) /system/bin/audioserver expire 1 line
04-11 23:20:51.736  1508  4681 I chatty  : uid=1041(audioserver) Binder:1508_6 expire 3 lines
04-11 23:20:51.736  5195  5904 I chatty  : uid=10030(u0_a30) UserFacing2 expire 11 lines
04-11 23:20:51.739  5195  5195 I chatty  : uid=10030(u0_a30) com.google.android.googlequicksearchbox:search expire 7 lines
04-11 23:20:51.742  5195  5907 I chatty  : uid=10030(u0_a30) HotwordDetector expire 1 line
04-11 23:20:51.744  5195  5259 I chatty  : uid=10030(u0_a30) NonUserFacing2 expire 1 line
04-11 23:20:56.754  5195  5218 I chatty  : uid=10030(u0_a30) NonUserFacing0 expire 1 line
04-11 23:20:56.758  1508  6976 I chatty  : uid=1041(audioserver) /system/bin/audioserver expire 1 line
04-11 23:20:56.761  1508  1594 I chatty  : uid=1041(audioserver) Binder:1508_2 expire 6 lines
04-11 23:20:56.768  5195  5195 I chatty  : uid=10030(u0_a30) com.google.android.googlequicksearchbox:search expire 8 lines
04-11 23:20:56.775  5195  5218 I chatty  : uid=10030(u0_a30) NonUserFacing0 expire 4 lines
04-11 23:20:56.776  5195  5907 I chatty  : uid=10030(u0_a30) HotwordDetector expire 1 line
04-11 23:20:56.777  5195  5259 I chatty  : uid=10030(u0_a30) NonUserFacing2 expire 6 lines
04-11 23:21:00.004  1676  1693 E memtrack: Couldn't load memtrack module
04-11 23:21:00.004  1676  1693 W android.os.Debug: failed to get memory consumption info: -1
04-11 23:21:00.020  1425  1435 D hwcomposer: hw_composer sent 4 syncs in 60s
04-11 23:21:01.787  5195  5904 I chatty  : uid=10030(u0_a30) UserFacing2 expire 6 lines
04-11 23:21:01.789  1508  6980 I chatty  : uid=1041(audioserver) /system/bin/audioserver expire 1 line
04-11 23:21:01.804  5195  5907 I chatty  : uid=10030(u0_a30) HotwordDetector expire 1 line
04-11 23:21:01.806  5195  5195 I chatty  : uid=10030(u0_a30) com.google.android.googlequicksearchbox:search expire 7 lines
04-11 23:21:01.806  5195  5218 I chatty  : uid=10030(u0_a30) NonUserFacing0 expire 1 line
04-11 23:21:03.636  1438  1438 I qemu-props: start adbd ...
04-11 23:21:06.817  5195  5260 I chatty  : uid=10030(u0_a30) NonUserFacing3 expire 5 lines
04-11 23:21:06.823  5195  5904 I chatty  : uid=10030(u0_a30) UserFacing2 expire 6 lines
04-11 23:21:06.827  1508  6988 I chatty  : uid=1041(audioserver) /system/bin/audioserver expire 1 line
04-11 23:21:06.831  1508  4681 I chatty  : uid=1041(audioserver) Binder:1508_6 expire 3 lines
04-11 23:21:06.845  5195  5907 I chatty  : uid=10030(u0_a30) HotwordDetector expire 1 line
04-11 23:21:06.847  5195  5195 I chatty  : uid=10030(u0_a30) com.google.android.googlequicksearchbox:search expire 7 lines
04-11 23:21:06.847  5195  5218 I chatty  : uid=10030(u0_a30) NonUserFacing0 expire 1 line
04-11 23:21:11.860  5195  5259 I chatty  : uid=10030(u0_a30) NonUserFacing2 expire 1 line
04-11 23:21:11.860  5195  5904 I chatty  : uid=10030(u0_a30) UserFacing2 expire 13 lines
04-11 23:21:11.864  1508  6994 I chatty  : uid=1041(audioserver) /system/bin/audioserver expire 1 line
04-11 23:21:11.868  1508  4679 I chatty  : uid=1041(audioserver) Binder:1508_4 expire 3 lines
04-11 23:21:11.883  5195  5259 I chatty  : uid=10030(u0_a30) NonUserFacing2 expire 5 lines
04-11 23:21:11.883  5195  5907 I chatty  : uid=10030(u0_a30) HotwordDetector expire 4 lines
04-11 23:21:11.884  5195  5195 I chatty  : uid=10030(u0_a30) com.google.android.googlequicksearchbox:search expire 13 lines
04-11 23:21:11.885  5195  5218 I chatty  : uid=10030(u0_a30) NonUserFacing0 expire 13 lines
04-11 23:21:16.902  1508  7001 I chatty  : uid=1041(audioserver) /system/bin/audioserver expire 1 line
04-11 23:21:16.904  1508  4681 I chatty  : uid=1041(audioserver) Binder:1508_6 expire 3 lines
04-11 23:21:16.923  5195  5260 I chatty  : uid=10030(u0_a30) NonUserFacing3 expire 6 lines
04-11 23:21:21.937  1508  7005 I chatty  : uid=1041(audioserver) /system/bin/audioserver expire 1 line
04-11 23:21:21.938  1508  4457 I chatty  : uid=1041(audioserver) Binder:1508_3 expire 6 lines
04-11 23:21:21.938  5195  5904 I chatty  : uid=10030(u0_a30) UserFacing2 expire 12 lines
04-11 23:21:21.943  5195  5195 I chatty  : uid=10030(u0_a30) com.google.android.googlequicksearchbox:search expire 14 lines
04-11 23:21:26.976  1508  7012 I chatty  : uid=1041(audioserver) /system/bin/audioserver expire 1 line
04-11 23:21:32.007  1508  7018 I chatty  : uid=1041(audioserver) /system/bin/audioserver expire 1 line
04-11 23:21:32.012  1508  4457 I chatty  : uid=1041(audioserver) Binder:1508_3 expire 3 lines
04-11 23:21:32.012  5195  5904 I chatty  : uid=10030(u0_a30) UserFacing2 expire 11 lines
04-11 23:21:32.016  5195  5195 I chatty  : uid=10030(u0_a30) com.google.android.googlequicksearchbox:search expire 8 lines
04-11 23:21:32.019  5195  5218 I chatty  : uid=10030(u0_a30) NonUserFacing0 expire 4 lines
04-11 23:21:32.020  5195  5907 I chatty  : uid=10030(u0_a30) HotwordDetector expire 1 line
04-11 23:21:32.022  5195  5259 I chatty  : uid=10030(u0_a30) NonUserFacing2 expire 1 line
04-11 23:21:37.036  5195  5260 I chatty  : uid=10030(u0_a30) NonUserFacing3 expire 3 lines
04-11 23:21:37.038  1508  7025 I chatty  : uid=1041(audioserver) /system/bin/audioserver expire 1 line
04-11 23:21:37.042  1508  1508 I chatty  : uid=1041(audioserver) /system/bin/audioserver expire 3 lines
04-11 23:21:37.051  5195  5907 I chatty  : uid=10030(u0_a30) HotwordDetector expire 1 line
04-11 23:21:37.051  5195  5260 I chatty  : uid=10030(u0_a30) NonUserFacing3 expire 3 lines
04-11 23:21:37.054  5195  5195 I chatty  : uid=10030(u0_a30) com.google.android.googlequicksearchbox:search expire 7 lines
04-11 23:21:37.054  5195  5259 I chatty  : uid=10030(u0_a30) NonUserFacing2 expire 1 line
04-11 23:21:38.636  1676  1693 E memtrack: Couldn't load memtrack module
04-11 23:21:38.636  1676  1693 W android.os.Debug: failed to get memory consumption info: -1
04-11 23:21:38.647  1676  1693 E memtrack: Couldn't load memtrack module
04-11 23:21:38.647  1676  1693 W android.os.Debug: failed to get memory consumption info: -1
04-11 23:21:38.656  1676  1693 E memtrack: Couldn't load memtrack module
04-11 23:21:38.656  1676  1693 W android.os.Debug: failed to get memory consumption info: -1
04-11 23:21:38.666  1676  1693 E memtrack: Couldn't load memtrack module
04-11 23:21:38.666  1676  1693 W android.os.Debug: failed to get memory consumption info: -1
04-11 23:21:41.599  1676  1686 D WificondControl: Scan result ready event
04-11 23:21:42.067  5195  5904 I chatty  : uid=10030(u0_a30) UserFacing2 expire 6 lines
04-11 23:21:42.071  1508  4681 I chatty  : uid=1041(audioserver) Binder:1508_6 expire 6 lines
04-11 23:21:42.073  1508  7030 I chatty  : uid=1041(audioserver) /system/bin/audioserver expire 1 line
04-11 23:21:42.078  5195  5260 I chatty  : uid=10030(u0_a30) NonUserFacing3 expire 5 lines
04-11 23:21:42.078  5195  5907 I chatty  : uid=10030(u0_a30) HotwordDetector expire 1 line
04-11 23:21:42.081  5195  5195 I chatty  : uid=10030(u0_a30) com.google.android.googlequicksearchbox:search expire 7 lines
04-11 23:21:42.082  5195  5259 I chatty  : uid=10030(u0_a30) NonUserFacing2 expire 1 line
04-11 23:21:47.098  5195  5904 I chatty  : uid=10030(u0_a30) UserFacing2 expire 6 lines
04-11 23:21:47.101  1508  7037 I chatty  : uid=1041(audioserver) /system/bin/audioserver expire 1 line
04-11 23:21:47.117  5195  5260 I chatty  : uid=10030(u0_a30) NonUserFacing3 expire 4 lines
04-11 23:21:47.117  5195  5907 I chatty  : uid=10030(u0_a30) HotwordDetector expire 1 line
04-11 23:21:47.119  5195  5195 I chatty  : uid=10030(u0_a30) com.google.android.googlequicksearchbox:search expire 6 lines
04-11 23:21:47.119  5195  5259 I chatty  : uid=10030(u0_a30) NonUserFacing2 expire 2 lines
04-11 23:21:52.129  5195  5904 I chatty  : uid=10030(u0_a30) UserFacing2 expire 6 lines
04-11 23:21:52.132  1508  7043 I chatty  : uid=1041(audioserver) /system/bin/audioserver expire 1 line
04-11 23:21:52.135  1508  4681 I chatty  : uid=1041(audioserver) Binder:1508_6 expire 3 lines
04-11 23:21:52.141  5195  5195 I chatty  : uid=10030(u0_a30) com.google.android.googlequicksearchbox:search expire 7 lines
04-11 23:21:52.144  5195  5259 I chatty  : uid=10030(u0_a30) NonUserFacing2 expire 4 lines
04-11 23:21:52.145  5195  5907 I chatty  : uid=10030(u0_a30) HotwordDetector expire 1 line
04-11 23:21:52.146  5195  5260 I chatty  : uid=10030(u0_a30) NonUserFacing3 expire 2 lines
04-11 23:21:57.157  5195  5904 I chatty  : uid=10030(u0_a30) UserFacing2 expire 6 lines
04-11 23:21:57.161  1508  7051 I chatty  : uid=1041(audioserver) /system/bin/audioserver expire 1 line
04-11 23:21:57.164  1508  4457 I chatty  : uid=1041(audioserver) Binder:1508_3 expire 5 lines
04-11 23:21:57.172  5195  5195 I chatty  : uid=10030(u0_a30) com.google.android.googlequicksearchbox:search expire 14 lines
04-11 23:21:57.174  5195  5260 I chatty  : uid=10030(u0_a30) NonUserFacing3 expire 14 lines
04-11 23:21:57.175  5195  5907 I chatty  : uid=10030(u0_a30) HotwordDetector expire 6 lines
04-11 23:21:57.176  5195  5218 I chatty  : uid=10030(u0_a30) NonUserFacing0 expire 13 lines
04-11 23:22:00.009  1676  1693 E memtrack: Couldn't load memtrack module
04-11 23:22:00.009  1676  1693 W android.os.Debug: failed to get memory consumption info: -1
04-11 23:22:00.021  1425  1435 D hwcomposer: hw_composer sent 4 syncs in 60s
04-11 23:22:02.189  5195  5904 I chatty  : uid=10030(u0_a30) UserFacing2 expire 13 lines
04-11 23:22:02.192  1508  7055 I chatty  : uid=1041(audioserver) /system/bin/audioserver expire 1 line
04-11 23:22:02.197  1508  4457 I chatty  : uid=1041(audioserver) Binder:1508_3 expire 1 line
04-11 23:22:03.640  1438  1438 I qemu-props: start adbd ...
04-11 23:22:07.227  1508  7063 I chatty  : uid=1041(audioserver) /system/bin/audioserver expire 1 line
04-11 23:22:07.232  1508  1593 I chatty  : uid=1041(audioserver) Binder:1508_1 expire 3 lines
04-11 23:22:07.239  5195  5195 I chatty  : uid=10030(u0_a30) com.google.android.googlequicksearchbox:search expire 14 lines
04-11 23:22:12.263  1508  7069 I chatty  : uid=1041(audioserver) /system/bin/audioserver expire 1 line
04-11 23:22:12.266  1508  4457 I chatty  : uid=1041(audioserver) Binder:1508_3 expire 6 lines
04-11 23:22:12.266  5195  5904 I chatty  : uid=10030(u0_a30) UserFacing2 expire 12 lines
04-11 23:22:12.287  5195  5260 I chatty  : uid=10030(u0_a30) NonUserFacing3 expire 2 lines
04-11 23:22:17.307  1508  7076 I chatty  : uid=1041(audioserver) /system/bin/audioserver expire 1 line
04-11 23:22:17.314  5195  5195 I chatty  : uid=10030(u0_a30) com.google.android.googlequicksearchbox:search expire 8 lines
04-11 23:22:22.337  5195  5259 I chatty  : uid=10030(u0_a30) NonUserFacing2 expire 4 lines
04-11 23:22:22.341  1508  7080 I chatty  : uid=1041(audioserver) /system/bin/audioserver expire 1 line
04-11 23:22:22.346  1508  1508 I chatty  : uid=1041(audioserver) /system/bin/audioserver expire 6 lines
04-11 23:22:22.346  5195  5904 I chatty  : uid=10030(u0_a30) UserFacing2 expire 11 lines
04-11 23:22:22.353  5195  5259 I chatty  : uid=10030(u0_a30) NonUserFacing2 expire 1 line
04-11 23:22:22.354  5195  5195 I chatty  : uid=10030(u0_a30) com.google.android.googlequicksearchbox:search expire 7 lines
04-11 23:22:22.355  5195  5260 I chatty  : uid=10030(u0_a30) NonUserFacing3 expire 6 lines
04-11 23:22:27.371  1508  7087 I chatty  : uid=1041(audioserver) /system/bin/audioserver expire 1 line
04-11 23:22:27.391  5195  5907 I chatty  : uid=10030(u0_a30) HotwordDetector expire 1 line
04-11 23:22:27.405  5195  5218 I chatty  : uid=10030(u0_a30) NonUserFacing0 expire 1 line
04-11 23:22:27.405  5195  5195 I chatty  : uid=10030(u0_a30) com.google.android.googlequicksearchbox:search expire 7 lines
04-11 23:22:32.422  5195  5260 I chatty  : uid=10030(u0_a30) NonUserFacing3 expire 1 line
04-11 23:22:32.423  5195  5904 I chatty  : uid=10030(u0_a30) UserFacing2 expire 6 lines
04-11 23:22:32.426  1508  7093 I chatty  : uid=1041(audioserver) /system/bin/audioserver expire 1 line
04-11 23:22:32.431  1508  4679 I chatty  : uid=1041(audioserver) Binder:1508_4 expire 3 lines
04-11 23:22:32.437  5195  5260 I chatty  : uid=10030(u0_a30) NonUserFacing3 expire 5 lines
04-11 23:22:32.438  5195  5907 I chatty  : uid=10030(u0_a30) HotwordDetector expire 1 line
04-11 23:22:32.441  5195  5195 I chatty  : uid=10030(u0_a30) com.google.android.googlequicksearchbox:search expire 7 lines
04-11 23:22:32.441  5195  5218 I chatty  : uid=10030(u0_a30) NonUserFacing0 expire 1 line
04-11 23:22:37.455  5195  5904 I chatty  : uid=10030(u0_a30) UserFacing2 expire 6 lines
04-11 23:22:37.458  1508  7100 I chatty  : uid=1041(audioserver) /system/bin/audioserver expire 1 line
04-11 23:22:37.463  1508  1508 I chatty  : uid=1041(audioserver) /system/bin/audioserver expire 3 lines
04-11 23:22:37.470  5195  5260 I chatty  : uid=10030(u0_a30) NonUserFacing3 expire 4 lines
04-11 23:22:37.470  5195  5907 I chatty  : uid=10030(u0_a30) HotwordDetector expire 1 line
04-11 23:22:37.472  5195  5195 I chatty  : uid=10030(u0_a30) com.google.android.googlequicksearchbox:search expire 6 lines
04-11 23:22:37.472  5195  5218 I chatty  : uid=10030(u0_a30) NonUserFacing0 expire 2 lines
04-11 23:22:42.488  5195  5904 I chatty  : uid=10030(u0_a30) UserFacing2 expire 6 lines
04-11 23:22:42.490  1508  7104 I chatty  : uid=1041(audioserver) /system/bin/audioserver expire 1 line
04-11 23:22:42.493  1508  1594 I chatty  : uid=1041(audioserver) Binder:1508_2 expire 3 lines
04-11 23:22:42.506  5195  5195 I chatty  : uid=10030(u0_a30) com.google.android.googlequicksearchbox:search expire 7 lines
04-11 23:22:42.509  5195  5218 I chatty  : uid=10030(u0_a30) NonUserFacing0 expire 4 lines
04-11 23:22:42.510  5195  5907 I chatty  : uid=10030(u0_a30) HotwordDetector expire 1 line
04-11 23:22:42.517  5195  5259 I chatty  : uid=10030(u0_a30) NonUserFacing2 expire 2 lines
04-11 23:22:47.534  5195  5904 I chatty  : uid=10030(u0_a30) UserFacing2 expire 6 lines
04-11 23:22:47.536  1508  7111 I chatty  : uid=1041(audioserver) /system/bin/audioserver expire 1 line
04-11 23:22:47.541  1508  4680 I chatty  : uid=1041(audioserver) Binder:1508_5 expire 3 lines
04-11 23:22:47.547  5195  5195 I chatty  : uid=10030(u0_a30) com.google.android.googlequicksearchbox:search expire 14 lines
04-11 23:22:47.549  5195  5259 I chatty  : uid=10030(u0_a30) NonUserFacing2 expire 17 lines
04-11 23:22:47.549  5195  5907 I chatty  : uid=10030(u0_a30) HotwordDetector expire 6 lines
04-11 23:22:47.550  5195  5218 I chatty  : uid=10030(u0_a30) NonUserFacing0 expire 12 lines
04-11 23:22:52.569  5195  5904 I chatty  : uid=10030(u0_a30) UserFacing2 expire 13 lines
04-11 23:22:52.571  1508  7117 I chatty  : uid=1041(audioserver) /system/bin/audioserver expire 1 line
04-11 23:22:52.578  1508  4457 I chatty  : uid=1041(audioserver) Binder:1508_3 expire 3 lines
04-11 23:22:57.603  1508  7124 I chatty  : uid=1041(audioserver) /system/bin/audioserver expire 1 line
04-11 23:22:57.606  1508  4680 I chatty  : uid=1041(audioserver) Binder:1508_5 expire 3 lines
04-11 23:22:57.615  5195  5195 I chatty  : uid=10030(u0_a30) com.google.android.googlequicksearchbox:search expire 14 lines
04-11 23:23:00.005  1676  1693 E memtrack: Couldn't load memtrack module
04-11 23:23:00.005  1676  1693 W android.os.Debug: failed to get memory consumption info: -1
04-11 23:23:00.010  1425  1435 D hwcomposer: hw_composer sent 4 syncs in 60s
04-11 23:23:02.647  1508  7129 I chatty  : uid=1041(audioserver) /system/bin/audioserver expire 1 line
04-11 23:23:02.650  1508  4681 I chatty  : uid=1041(audioserver) Binder:1508_6 expire 3 lines
04-11 23:23:02.651  5195  5904 I chatty  : uid=10030(u0_a30) UserFacing2 expire 12 lines
04-11 23:23:03.642  1438  1438 I qemu-props: start adbd ...
04-11 23:23:07.676  1508  7137 I chatty  : uid=1041(audioserver) /system/bin/audioserver expire 1 line
04-11 23:23:07.679  1508  1593 I chatty  : uid=1041(audioserver) Binder:1508_1 expire 3 lines
04-11 23:23:07.686  5195  5195 I chatty  : uid=10030(u0_a30) com.google.android.googlequicksearchbox:search expire 8 lines
04-11 23:23:07.692  5195  5218 I chatty  : uid=10030(u0_a30) NonUserFacing0 expire 1 line
04-11 23:23:12.709  1508  7143 I chatty  : uid=1041(audioserver) /system/bin/audioserver expire 1 line
04-11 23:23:12.714  1508  4682 I chatty  : uid=1041(audioserver) Binder:1508_7 expire 3 lines
04-11 23:23:12.715  5195  5904 I chatty  : uid=10030(u0_a30) UserFacing2 expire 11 lines
04-11 23:23:12.724  5195  5259 I chatty  : uid=10030(u0_a30) NonUserFacing2 expire 4 lines
04-11 23:23:12.726  5195  5195 I chatty  : uid=10030(u0_a30) com.google.android.googlequicksearchbox:search expire 7 lines
04-11 23:23:12.727  5195  5218 I chatty  : uid=10030(u0_a30) NonUserFacing0 expire 4 lines
04-11 23:23:17.743  1508  7151 I chatty  : uid=1041(audioserver) /system/bin/audioserver expire 1 line
04-11 23:23:17.746  1508  4457 I chatty  : uid=1041(audioserver) Binder:1508_3 expire 3 lines
04-11 23:23:17.756  5195  5907 I chatty  : uid=10030(u0_a30) HotwordDetector expire 1 line
04-11 23:23:17.756  5195  5218 I chatty  : uid=10030(u0_a30) NonUserFacing0 expire 2 lines
04-11 23:23:17.757  5195  5195 I chatty  : uid=10030(u0_a30) com.google.android.googlequicksearchbox:search expire 7 lines
04-11 23:23:17.758  5195  5259 I chatty  : uid=10030(u0_a30) NonUserFacing2 expire 2 lines
04-11 23:23:22.775  5195  5904 I chatty  : uid=10030(u0_a30) UserFacing2 expire 6 lines
04-11 23:23:22.779  1508  7155 I chatty  : uid=1041(audioserver) /system/bin/audioserver expire 1 line
04-11 23:23:22.782  1508  1508 I chatty  : uid=1041(audioserver) /system/bin/audioserver expire 3 lines
04-11 23:23:22.793  5195  5259 I chatty  : uid=10030(u0_a30) NonUserFacing2 expire 4 lines
04-11 23:23:22.794  5195  5907 I chatty  : uid=10030(u0_a30) HotwordDetector expire 1 line
04-11 23:23:22.803  5195  5195 I chatty  : uid=10030(u0_a30) com.google.android.googlequicksearchbox:search expire 7 lines
04-11 23:23:22.803  5195  5260 I chatty  : uid=10030(u0_a30) NonUserFacing3 expire 2 lines
04-11 23:23:27.818  5195  5904 I chatty  : uid=10030(u0_a30) UserFacing2 expire 6 lines
04-11 23:23:27.819  1508  7164 I chatty  : uid=1041(audioserver) /system/bin/audioserver expire 1 line
04-11 23:23:27.821  1508  4680 I chatty  : uid=1041(audioserver) Binder:1508_5 expire 3 lines
04-11 23:23:27.834  5195  5260 I chatty  : uid=10030(u0_a30) NonUserFacing3 expire 4 lines
04-11 23:23:27.835  5195  5907 I chatty  : uid=10030(u0_a30) HotwordDetector expire 1 line
04-11 23:23:27.846  5195  5195 I chatty  : uid=10030(u0_a30) com.google.android.googlequicksearchbox:search expire 6 lines
04-11 23:23:27.848  5195  5259 I chatty  : uid=10030(u0_a30) NonUserFacing2 expire 2 lines
04-11 23:23:32.860  5195  5904 I chatty  : uid=10030(u0_a30) UserFacing2 expire 6 lines
04-11 23:23:32.864  1508  7170 I chatty  : uid=1041(audioserver) /system/bin/audioserver expire 1 line
04-11 23:23:32.869  1508  1593 I chatty  : uid=1041(audioserver) Binder:1508_1 expire 3 lines
04-11 23:23:32.882  5195  5195 I chatty  : uid=10030(u0_a30) com.google.android.googlequicksearchbox:search expire 7 lines
04-11 23:23:32.884  5195  5259 I chatty  : uid=10030(u0_a30) NonUserFacing2 expire 5 lines
04-11 23:23:32.885  5195  5907 I chatty  : uid=10030(u0_a30) HotwordDetector expire 1 line
04-11 23:23:32.888  5195  5218 I chatty  : uid=10030(u0_a30) NonUserFacing0 expire 1 line
04-11 23:23:27.829  5195  5904 I chatty  : uid=10030(u0_a30) UserFacing2 identical 33 lines
04-11 23:23:32.882  5195  5904 E ActivityThread: Failed to find provider info for com.google.android.apps.gsa.testing.ui.audio.recorded
04-11 23:23:36.036  1676  1697 E BatteryStatsService: modem info is invalid: ModemActivityInfo{ mTimestamp=0 mSleepTimeMs=0 mIdleTimeMs=0 mTxTimeMs[]=[0, 0, 0, 0, 0] mRxTimeMs=0 mEnergyUsed=0}
04-11 23:23:37.903  5195  5904 I chatty  : uid=10030(u0_a30) UserFacing2 expire 6 lines
04-11 23:23:37.908  1508  7178 I chatty  : uid=1041(audioserver) /system/bin/audioserver expire 1 line
04-11 23:23:37.924  1508  4680 I chatty  : uid=1041(audioserver) Binder:1508_5 expire 3 lines
04-11 23:23:37.927  5195  5904 E ActivityThread: Failed to find provider info for com.google.android.apps.gsa.testing.ui.audio.recorded
04-11 23:23:37.927  5195  5195 I chatty  : uid=10030(u0_a30) com.google.android.googlequicksearchbox:search expire 14 lines
04-11 23:23:37.932  5195  5259 I chatty  : uid=10030(u0_a30) NonUserFacing2 expire 9 lines
04-11 23:23:37.933  5195  5907 I chatty  : uid=10030(u0_a30) HotwordDetector expire 6 lines
04-11 23:23:37.934  5195  5218 I chatty  : uid=10030(u0_a30) NonUserFacing0 expire 9 lines
04-11 23:23:42.948  5195  5260 I chatty  : uid=10030(u0_a30) NonUserFacing3 expire 11 lines
04-11 23:23:42.949  5195  5904 I chatty  : uid=10030(u0_a30) UserFacing2 expire 13 lines
04-11 23:23:42.951  1508  7183 I chatty  : uid=1041(audioserver) /system/bin/audioserver expire 1 line
04-11 23:23:42.955  1508  1508 I chatty  : uid=1041(audioserver) /system/bin/audioserver expire 6 lines
04-11 23:23:47.982  1508  7190 I chatty  : uid=1041(audioserver) /system/bin/audioserver expire 1 line
04-11 23:23:47.999  5195  5195 I chatty  : uid=10030(u0_a30) com.google.android.googlequicksearchbox:search expire 14 lines
04-11 23:23:53.028  1508  7196 I chatty  : uid=1041(audioserver) /system/bin/audioserver expire 1 line
04-11 23:23:53.036  1508  1508 I chatty  : uid=1041(audioserver) /system/bin/audioserver expire 6 lines
04-11 23:23:53.037  5195  5904 I chatty  : uid=10030(u0_a30) UserFacing2 expire 12 lines
04-11 23:23:58.072  1508  7203 I chatty  : uid=1041(audioserver) /system/bin/audioserver expire 1 line
04-11 23:23:58.080  5195  5195 I chatty  : uid=10030(u0_a30) com.google.android.googlequicksearchbox:search expire 8 lines
04-11 23:24:00.010  1676  1693 E memtrack: Couldn't load memtrack module
04-11 23:24:00.010  1676  1693 W android.os.Debug: failed to get memory consumption info: -1
04-11 23:24:00.018  1425  1435 D hwcomposer: hw_composer sent 5 syncs in 60s
04-11 23:24:03.108  5195  5260 I chatty  : uid=10030(u0_a30) NonUserFacing3 expire 5 lines
04-11 23:24:03.117  1508  7208 I chatty  : uid=1041(audioserver) /system/bin/audioserver expire 1 line
04-11 23:24:03.124  1508  1594 I chatty  : uid=1041(audioserver) Binder:1508_2 expire 3 lines
04-11 23:24:03.124  5195  5904 I chatty  : uid=10030(u0_a30) UserFacing2 expire 11 lines
04-11 23:24:03.137  5195  5195 I chatty  : uid=10030(u0_a30) com.google.android.googlequicksearchbox:search expire 7 lines
04-11 23:24:03.137  5195  5218 I chatty  : uid=10030(u0_a30) NonUserFacing0 expire 1 line
04-11 23:24:03.647  1438  1438 I qemu-props: start adbd ...
04-11 23:24:08.150  5195  5259 I chatty  : uid=10030(u0_a30) NonUserFacing2 expire 5 lines
04-11 23:24:08.153  1508  7216 I chatty  : uid=1041(audioserver) /system/bin/audioserver expire 1 line
04-11 23:24:08.159  1508  4681 I chatty  : uid=1041(audioserver) Binder:1508_6 expire 6 lines
04-11 23:24:08.167  5195  5907 I chatty  : uid=10030(u0_a30) HotwordDetector expire 1 line
04-11 23:24:08.169  5195  5195 I chatty  : uid=10030(u0_a30) com.google.android.googlequicksearchbox:search expire 7 lines
04-11 23:24:08.169  5195  5218 I chatty  : uid=10030(u0_a30) NonUserFacing0 expire 2 lines
04-11 23:24:03.127  5195  5904 I chatty  : uid=10030(u0_a30) UserFacing2 identical 5 lines
04-11 23:24:08.165  5195  5904 E ActivityThread: Failed to find provider info for com.google.android.apps.gsa.testing.ui.audio.recorded
04-11 23:24:12.645  1676  1693 I UsageStatsService: User[0] Flushing usage stats to disk
04-11 23:24:13.184  5195  5904 I chatty  : uid=10030(u0_a30) UserFacing2 expire 6 lines
04-11 23:24:13.186  1508  7222 I chatty  : uid=1041(audioserver) /system/bin/audioserver expire 1 line
04-11 23:24:13.197  5195  5904 E ActivityThread: Failed to find provider info for com.google.android.apps.gsa.testing.ui.audio.recorded
04-11 23:24:13.200  5195  5218 I chatty  : uid=10030(u0_a30) NonUserFacing0 expire 5 lines
04-11 23:24:13.201  5195  5907 I chatty  : uid=10030(u0_a30) HotwordDetector expire 1 line
04-11 23:24:13.205  5195  5260 I chatty  : uid=10030(u0_a30) NonUserFacing3 expire 1 line
04-11 23:24:13.205  5195  5195 I chatty  : uid=10030(u0_a30) com.google.android.googlequicksearchbox:search expire 7 lines
04-11 23:24:18.219  5195  5904 I chatty  : uid=10030(u0_a30) UserFacing2 expire 6 lines
04-11 23:24:18.223  1508  7230 I chatty  : uid=1041(audioserver) /system/bin/audioserver expire 1 line
04-11 23:24:18.225  1508  4457 I chatty  : uid=1041(audioserver) Binder:1508_3 expire 6 lines
04-11 23:24:18.234  5195  5218 I chatty  : uid=10030(u0_a30) NonUserFacing0 expire 5 lines
04-11 23:24:18.235  5195  5907 I chatty  : uid=10030(u0_a30) HotwordDetector expire 1 line
04-11 23:24:18.241  5195  5195 I chatty  : uid=10030(u0_a30) com.google.android.googlequicksearchbox:search expire 6 lines
04-11 23:24:18.241  5195  5260 I chatty  : uid=10030(u0_a30) NonUserFacing3 expire 1 line
04-11 23:24:21.610  1676  2548 D WificondControl: Scan result ready event
04-11 23:24:23.251  5195  5904 I chatty  : uid=10030(u0_a30) UserFacing2 expire 6 lines
04-11 23:24:23.254  1508  7234 I chatty  : uid=1041(audioserver) /system/bin/audioserver expire 1 line
04-11 23:24:23.286  5195  5195 I chatty  : uid=10030(u0_a30) com.google.android.googlequicksearchbox:search expire 7 lines
04-11 23:24:23.299  5195  5218 I chatty  : uid=10030(u0_a30) NonUserFacing0 expire 4 lines
04-11 23:24:23.300  5195  5907 I chatty  : uid=10030(u0_a30) HotwordDetector expire 1 line
04-11 23:24:23.326  5195  5260 I chatty  : uid=10030(u0_a30) NonUserFacing3 expire 2 lines
04-11 23:24:28.338  5195  5904 I chatty  : uid=10030(u0_a30) UserFacing2 expire 6 lines
04-11 23:24:28.342  1508  7241 I chatty  : uid=1041(audioserver) /system/bin/audioserver expire 1 line
04-11 23:24:28.348  1508  1508 I chatty  : uid=1041(audioserver) /system/bin/audioserver expire 3 lines
04-11 23:24:28.353  5195  5195 I chatty  : uid=10030(u0_a30) com.google.android.googlequicksearchbox:search expire 14 lines
04-11 23:24:28.355  5195  5260 I chatty  : uid=10030(u0_a30) NonUserFacing3 expire 13 lines
04-11 23:24:28.356  5195  5907 I chatty  : uid=10030(u0_a30) HotwordDetector expire 6 lines
04-11 23:24:28.357  5195  5259 I chatty  : uid=10030(u0_a30) NonUserFacing2 expire 13 lines
04-11 23:24:33.370  5195  5904 I chatty  : uid=10030(u0_a30) UserFacing2 expire 13 lines
04-11 23:24:33.372  1508  7250 I chatty  : uid=1041(audioserver) /system/bin/audioserver expire 1 line
04-11 23:24:33.377  1508  4457 I chatty  : uid=1041(audioserver) Binder:1508_3 expire 5 lines
04-11 23:24:38.405  1508  7254 I chatty  : uid=1041(audioserver) /system/bin/audioserver expire 1 line
04-11 23:24:38.411  1508  4457 I chatty  : uid=1041(audioserver) Binder:1508_3 expire 1 line
04-11 23:24:38.417  5195  5195 I chatty  : uid=10030(u0_a30) com.google.android.googlequicksearchbox:search expire 14 lines
04-11 23:24:38.421  5195  5218 I chatty  : uid=10030(u0_a30) NonUserFacing0 expire 3 lines
04-11 23:24:43.439  1508  7262 I chatty  : uid=1041(audioserver) /system/bin/audioserver expire 1 line
04-11 23:24:43.443  1508  4680 I chatty  : uid=1041(audioserver) Binder:1508_5 expire 3 lines
04-11 23:24:43.443  5195  5904 I chatty  : uid=10030(u0_a30) UserFacing2 expire 12 lines
04-11 23:24:48.464  1508  7266 I chatty  : uid=1041(audioserver) /system/bin/audioserver expire 1 line
04-11 23:24:48.470  1508  4681 I chatty  : uid=1041(audioserver) Binder:1508_6 expire 3 lines
04-11 23:24:48.476  5195  5195 I chatty  : uid=10030(u0_a30) com.google.android.googlequicksearchbox:search expire 8 lines
04-11 23:24:48.478  5195  5259 I chatty  : uid=10030(u0_a30) NonUserFacing2 expire 4 lines
04-11 23:24:53.496  1508  7275 I chatty  : uid=1041(audioserver) /system/bin/audioserver expire 1 line
04-11 23:24:53.502  1508  1593 I chatty  : uid=1041(audioserver) Binder:1508_1 expire 5 lines
04-11 23:24:53.502  5195  5904 I chatty  : uid=10030(u0_a30) UserFacing2 expire 11 lines
04-11 23:24:53.513  5195  5260 I chatty  : uid=10030(u0_a30) NonUserFacing3 expire 1 line
04-11 23:24:53.515  5195  5195 I chatty  : uid=10030(u0_a30) com.google.android.googlequicksearchbox:search expire 7 lines
04-11 23:24:53.515  5195  5218 I chatty  : uid=10030(u0_a30) NonUserFacing0 expire 6 lines
04-11 23:24:58.526  1508  7280 I chatty  : uid=1041(audioserver) /system/bin/audioserver expire 1 line
04-11 23:24:58.528  1508  1593 I chatty  : uid=1041(audioserver) Binder:1508_1 expire 4 lines
04-11 23:24:58.539  5195  5907 I chatty  : uid=10030(u0_a30) HotwordDetector expire 1 line
04-11 23:24:58.542  5195  5195 I chatty  : uid=10030(u0_a30) com.google.android.googlequicksearchbox:search expire 7 lines
04-11 23:24:58.542  5195  5259 I chatty  : uid=10030(u0_a30) NonUserFacing2 expire 1 line
04-11 23:25:00.006  1676  1693 E memtrack: Couldn't load memtrack module
04-11 23:25:00.006  1676  1693 W android.os.Debug: failed to get memory consumption info: -1
04-11 23:25:00.022  1425  1435 D hwcomposer: hw_composer sent 1 syncs in 60s
04-11 23:25:03.550  5195  5218 I chatty  : uid=10030(u0_a30) NonUserFacing0 expire 1 line
04-11 23:25:03.551  5195  5904 I chatty  : uid=10030(u0_a30) UserFacing2 expire 6 lines
04-11 23:25:03.553  1508  7287 I chatty  : uid=1041(audioserver) /system/bin/audioserver expire 1 line
04-11 23:25:03.579  5195  5218 I chatty  : uid=10030(u0_a30) NonUserFacing0 expire 4 lines
04-11 23:25:03.580  5195  5907 I chatty  : uid=10030(u0_a30) HotwordDetector expire 1 line
04-11 23:25:03.582  5195  5195 I chatty  : uid=10030(u0_a30) com.google.android.googlequicksearchbox:search expire 7 lines
04-11 23:25:03.582  5195  5259 I chatty  : uid=10030(u0_a30) NonUserFacing2 expire 2 lines
04-11 23:25:03.650  1438  1438 I qemu-props: start adbd ...
04-11 23:25:08.594  5195  5904 I chatty  : uid=10030(u0_a30) UserFacing2 expire 6 lines
04-11 23:25:08.596  1508  7292 I chatty  : uid=1041(audioserver) /system/bin/audioserver expire 1 line
04-11 23:25:08.601  1508  1593 I chatty  : uid=1041(audioserver) Binder:1508_1 expire 3 lines
04-11 23:25:08.610  5195  5259 I chatty  : uid=10030(u0_a30) NonUserFacing2 expire 4 lines
04-11 23:25:08.610  5195  5907 I chatty  : uid=10030(u0_a30) HotwordDetector expire 1 line
04-11 23:25:08.612  5195  5195 I chatty  : uid=10030(u0_a30) com.google.android.googlequicksearchbox:search expire 6 lines
04-11 23:25:08.612  5195  5260 I chatty  : uid=10030(u0_a30) NonUserFacing3 expire 2 lines
04-11 23:25:13.621  5195  5904 I chatty  : uid=10030(u0_a30) UserFacing2 expire 6 lines
04-11 23:25:13.625  1508  7301 I chatty  : uid=1041(audioserver) /system/bin/audioserver expire 1 line
04-11 23:25:13.628  1508  1594 I chatty  : uid=1041(audioserver) Binder:1508_2 expire 5 lines
04-11 23:25:13.635  5195  5195 I chatty  : uid=10030(u0_a30) com.google.android.googlequicksearchbox:search expire 7 lines
